 RSC_RRT_LiDAR_No_USER_sfun

 Timestamp is 5195574a (Thu May 16 15:01:46 2013)

 Preferred load address is 0000000180000000

 Start         Length     Name                   Class
 0001:00000000 0003bf34H .text                   CODE
 0001:0003bf40 00000092H .text$x                 CODE
 0002:00000000 00000430H .idata$5                DATA
 0002:00000430 00000008H .CRT$XCA                DATA
 0002:00000438 00000008H .CRT$XCZ                DATA
 0002:00000440 00000008H .CRT$XIA                DATA
 0002:00000448 00000008H .CRT$XIAA               DATA
 0002:00000450 00000008H .CRT$XIZ                DATA
 0002:00000460 0000494cH .rdata                  DATA
 0002:00004db0 00000008H .rtc$IAA                DATA
 0002:00004db8 00000008H .rtc$IZZ                DATA
 0002:00004dc0 00000008H .rtc$TAA                DATA
 0002:00004dc8 00000008H .rtc$TZZ                DATA
 0002:00004dd0 00004594H .xdata                  DATA
 0002:00009364 0000008cH .idata$2                DATA
 0002:000093f0 00000014H .idata$3                DATA
 0002:00009408 00000430H .idata$4                DATA
 0002:00009838 00000964H .idata$6                DATA
 0002:0000a1a0 00000060H .edata                  DATA
 0003:00000000 00002548H .data                   DATA
 0003:00002560 00002678H .bss                    DATA
 0004:00000000 00003408H .pdata                  DATA

  Address         Publics by Value              Rva+Base               Lib:Object

 0000:00000000       ___safe_se_handler_count   0000000000000000     <absolute>
 0000:00000000       ___safe_se_handler_table   0000000000000000     <absolute>
 0000:00000000       __ImageBase                0000000180000000     <linker-defined>
 0001:00000000       sf_c2_RSC_RRT_LiDAR_No_USER_get_eml_resolved_functions_info 0000000180001000 f   c2_RSC_RRT_LiDAR_No_USER.obj
 0001:00000c90       sf_c2_RSC_RRT_LiDAR_No_USER_get_check_sum 0000000180001c90 f   c2_RSC_RRT_LiDAR_No_USER.obj
 0001:00000d10       sf_c2_RSC_RRT_LiDAR_No_USER_get_autoinheritance_info 0000000180001d10 f   c2_RSC_RRT_LiDAR_No_USER.obj
 0001:00001540       c2_RSC_RRT_LiDAR_No_USER_method_dispatcher 0000000180002540 f   c2_RSC_RRT_LiDAR_No_USER.obj
 0001:000046c0       sf_c6_RSC_RRT_LiDAR_No_USER_get_eml_resolved_functions_info 00000001800056c0 f   c6_RSC_RRT_LiDAR_No_USER.obj
 0001:00004740       sf_c6_RSC_RRT_LiDAR_No_USER_get_check_sum 0000000180005740 f   c6_RSC_RRT_LiDAR_No_USER.obj
 0001:000047c0       sf_c6_RSC_RRT_LiDAR_No_USER_get_autoinheritance_info 00000001800057c0 f   c6_RSC_RRT_LiDAR_No_USER.obj
 0001:00004ea0       c6_RSC_RRT_LiDAR_No_USER_method_dispatcher 0000000180005ea0 f   c6_RSC_RRT_LiDAR_No_USER.obj
 0001:00007490       sf_process_check_sum_call  0000000180008490 f   RSC_RRT_LiDAR_No_USER_sfun_registry.obj
 0001:000074e0       sf_process_autoinheritance_call 00000001800084e0 f   RSC_RRT_LiDAR_No_USER_sfun_registry.obj
 0001:00007530       sf_process_get_eml_resolved_functions_info_call 0000000180008530 f   RSC_RRT_LiDAR_No_USER_sfun_registry.obj
 0001:000076b0       sf_mex_unlock_call         00000001800086b0 f   RSC_RRT_LiDAR_No_USER_sfun_registry.obj
 0001:00007760       sf_machine_global_initializer_called 0000000180008760 f   RSC_RRT_LiDAR_No_USER_sfun_registry.obj
 0001:00007790       sf_machine_global_method_dispatcher 0000000180008790 f   RSC_RRT_LiDAR_No_USER_sfun_registry.obj
 0001:000077f0       sf_machine_global_terminator 00000001800087f0 f   RSC_RRT_LiDAR_No_USER_sfun_registry.obj
 0001:00007830       sf_register_machine_exported_symbols 0000000180008830 f   RSC_RRT_LiDAR_No_USER_sfun_registry.obj
 0001:00007850       callCustomFcn              0000000180008850 f   RSC_RRT_LiDAR_No_USER_sfun_registry.obj
 0001:00007860       sf_machine_global_initializer 0000000180008860 f   RSC_RRT_LiDAR_No_USER_sfun_registry.obj
 0001:000078d0       _ssSetInputPortMatrixDimensions 00000001800088d0 f   RSC_RRT_LiDAR_No_USER_sfun_registry.obj
 0001:000079e0       _ssSetOutputPortMatrixDimensions 00000001800089e0 f   RSC_RRT_LiDAR_No_USER_sfun_registry.obj
 0001:00007af0       _ssSetInputPortVectorDimension 0000000180008af0 f   RSC_RRT_LiDAR_No_USER_sfun_registry.obj
 0001:00007bc0       _ssSetOutputPortVectorDimension 0000000180008bc0 f   RSC_RRT_LiDAR_No_USER_sfun_registry.obj
 0001:00007c90       ssIsRunTimeParamTunable    0000000180008c90 f   RSC_RRT_LiDAR_No_USER_sfun_registry.obj
 0001:00007d00       ssGetSFuncBlockHandle      0000000180008d00 f   RSC_RRT_LiDAR_No_USER_sfun_registry.obj
 0001:00007d70       _ssGetCurrentInputPortWidth 0000000180008d70 f   RSC_RRT_LiDAR_No_USER_sfun_registry.obj
 0001:00007e90       _ssGetCurrentOutputPortWidth 0000000180008e90 f   RSC_RRT_LiDAR_No_USER_sfun_registry.obj
 0001:00007fb0       _ssGetCallSystemNumFcnCallDestinations 0000000180008fb0 f   RSC_RRT_LiDAR_No_USER_sfun_registry.obj
 0001:00008020       ssWarning                  0000000180009020 f   RSC_RRT_LiDAR_No_USER_sfun_registry.obj
 0001:00008130       ssGetIsZeroCrossControlDisabled 0000000180009130 f   RSC_RRT_LiDAR_No_USER_sfun_registry.obj
 0001:000081a0       ssSetIsInputPortUsedForContZcSignal 00000001800091a0 f   RSC_RRT_LiDAR_No_USER_sfun_registry.obj
 0001:00008210       ssSetZcSignalIsZcElementDisc 0000000180009210 f   RSC_RRT_LiDAR_No_USER_sfun_registry.obj
 0001:000082c0       ssSetZcSignalName          00000001800092c0 f   RSC_RRT_LiDAR_No_USER_sfun_registry.obj
 0001:00008330       ssSetZcSignalWidth         0000000180009330 f   RSC_RRT_LiDAR_No_USER_sfun_registry.obj
 0001:000083a0       ssSetZcSignalZcEventType   00000001800093a0 f   RSC_RRT_LiDAR_No_USER_sfun_registry.obj
 0001:00008410       ssSetZcSignalType          0000000180009410 f   RSC_RRT_LiDAR_No_USER_sfun_registry.obj
 0001:00008480       ssSetZcSignalZcTol         0000000180009480 f   RSC_RRT_LiDAR_No_USER_sfun_registry.obj
 0001:000084f0       ssSetZcSignalNeedsEventNotification 00000001800094f0 f   RSC_RRT_LiDAR_No_USER_sfun_registry.obj
 0001:00008560       ssCreateAndAddZcSignalInfo 0000000180009560 f   RSC_RRT_LiDAR_No_USER_sfun_registry.obj
 0001:000085d0       ssCloneAndAddZcSignalInfo  00000001800095d0 f   RSC_RRT_LiDAR_No_USER_sfun_registry.obj
 0001:00008640       ssGetNumZcSignals          0000000180009640 f   RSC_RRT_LiDAR_No_USER_sfun_registry.obj
 0001:000086b0       ssGetZcSignalVector        00000001800096b0 f   RSC_RRT_LiDAR_No_USER_sfun_registry.obj
 0001:00008720       ssGetZcSignalZcEvents      0000000180009720 f   RSC_RRT_LiDAR_No_USER_sfun_registry.obj
 0001:00008790       ssGetZcSignalName          0000000180009790 f   RSC_RRT_LiDAR_No_USER_sfun_registry.obj
 0001:00008800       ssGetZcSignalWidth         0000000180009800 f   RSC_RRT_LiDAR_No_USER_sfun_registry.obj
 0001:00008870       ssGetZcSignalZcEventType   0000000180009870 f   RSC_RRT_LiDAR_No_USER_sfun_registry.obj
 0001:000088e0       ssGetZcSignalType          00000001800098e0 f   RSC_RRT_LiDAR_No_USER_sfun_registry.obj
 0001:00008950       ssGetZcSignalZcTol         0000000180009950 f   RSC_RRT_LiDAR_No_USER_sfun_registry.obj
 0001:000089d0       ssGetZcSignalNeedsEventNotification 00000001800099d0 f   RSC_RRT_LiDAR_No_USER_sfun_registry.obj
 0001:00008a40       ssGetZcSignalIsZcElementDisc 0000000180009a40 f   RSC_RRT_LiDAR_No_USER_sfun_registry.obj
 0001:00008ae0       ssGetIsInputPortElementContinuous 0000000180009ae0 f   RSC_RRT_LiDAR_No_USER_sfun_registry.obj
 0001:00008b80       _ssGetInputPortSignalPtrsFcn 0000000180009b80 f   RSC_RRT_LiDAR_No_USER_sfun_registry.obj
 0001:00008e40       _ssGetInputPortSignalFcn   0000000180009e40 f   RSC_RRT_LiDAR_No_USER_sfun_registry.obj
 0001:00009060       _ssSetInputPortDirectFeedThroughFcn 000000018000a060 f   RSC_RRT_LiDAR_No_USER_sfun_registry.obj
 0001:000091c0       _ssSetInputPortReusableFcn 000000018000a1c0 f   RSC_RRT_LiDAR_No_USER_sfun_registry.obj
 0001:000092b0       _ssSetOutputPortReusableFcn 000000018000a2b0 f   RSC_RRT_LiDAR_No_USER_sfun_registry.obj
 0001:00009390       ssGetDTypeIdFromMxArray    000000018000a390 f   RSC_RRT_LiDAR_No_USER_sfun_registry.obj
 0001:000094b0       ssWriteRTWStr              000000018000a4b0 f   RSC_RRT_LiDAR_No_USER_sfun_registry.obj
 0001:00009510       ssWriteRTWMxVectParam      000000018000a510 f   RSC_RRT_LiDAR_No_USER_sfun_registry.obj
 0001:00009570       ssWriteRTWMx2dMatParam     000000018000a570 f   RSC_RRT_LiDAR_No_USER_sfun_registry.obj
 0001:000095f0       ssWriteRTWNameValuePair    000000018000a5f0 f   RSC_RRT_LiDAR_No_USER_sfun_registry.obj
 0001:00009ae0       ssWriteRTWParameters       000000018000aae0 f   RSC_RRT_LiDAR_No_USER_sfun_registry.obj
 0001:0000a0e0       ssWriteRTWParamSettings    000000018000b0e0 f   RSC_RRT_LiDAR_No_USER_sfun_registry.obj
 0001:0000a7b0       ssWriteRTWWorkVect         000000018000b7b0 f   RSC_RRT_LiDAR_No_USER_sfun_registry.obj
 0001:0000acb0       mexFunction                000000018000bcb0 f   RSC_RRT_LiDAR_No_USER_sfun_registry.obj
 0001:0000c8f0       ProcessMexSfunctionEveryCall 000000018000d8f0 f   RSC_RRT_LiDAR_No_USER_sfun_registry.obj
 0001:0000ca60       RSC_RRT_LiDAR_No_USER_initializer 000000018000da60 f   RSC_RRT_LiDAR_No_USER_sfun.obj
 0001:0000ca80       RSC_RRT_LiDAR_No_USER_terminator 000000018000da80 f   RSC_RRT_LiDAR_No_USER_sfun.obj
 0001:0000ca90       sf_RSC_RRT_LiDAR_No_USER_method_dispatcher 000000018000da90 f   RSC_RRT_LiDAR_No_USER_sfun.obj
 0001:0000cb00       sf_RSC_RRT_LiDAR_No_USER_process_check_sum_call 000000018000db00 f   RSC_RRT_LiDAR_No_USER_sfun.obj
 0001:0000cf20       sf_RSC_RRT_LiDAR_No_USER_autoinheritance_info 000000018000df20 f   RSC_RRT_LiDAR_No_USER_sfun.obj
 0001:0000d030       sf_RSC_RRT_LiDAR_No_USER_get_eml_resolved_functions_info 000000018000e030 f   RSC_RRT_LiDAR_No_USER_sfun.obj
 0001:0000d1a0       RSC_RRT_LiDAR_No_USER_debug_initialize 000000018000e1a0 f   RSC_RRT_LiDAR_No_USER_sfun.obj
 0001:0000d210       RSC_RRT_LiDAR_No_USER_register_exported_symbols 000000018000e210 f   RSC_RRT_LiDAR_No_USER_sfun.obj
 0001:0000d2c0       sf_mex_mx_is_numeric       000000018000e2c0 f   sfc_mex:sfc_mex.obj
 0001:0000d300       strcmp_ignore_ws           000000018000e300 f   sfc_mex:sfc_mex.obj
 0001:0000d440       sf_mex_duplicatearraysafe  000000018000e440 f   sfc_mex:sfc_mex.obj
 0001:0000d5a0       sf_set_error_debugger_context_message_fcn 000000018000e5a0 f   sfc_mex:sfc_mex.obj
 0001:0000d5b0       sf_set_debugger_matlab_error_fcn 000000018000e5b0 f   sfc_mex:sfc_mex.obj
 0001:0000d5e0       sf_set_error_prefix_string 000000018000e5e0 f   sfc_mex:sfc_mex.obj
 0001:0000d610       sf_get_error_prefix_string 000000018000e610 f   sfc_mex:sfc_mex.obj
 0001:0000d620       sf_get_current_jmp_buf_ptr 000000018000e620 f   sfc_mex:sfc_mex.obj
 0001:0000d630       sf_set_current_jmp_buf_ptr 000000018000e630 f   sfc_mex:sfc_mex.obj
 0001:0000d640       sf_mex_set_halt_simulation 000000018000e640 f   sfc_mex:sfc_mex.obj
 0001:0000d650       sf_mex_get_halt_simulation 000000018000e650 f   sfc_mex:sfc_mex.obj
 0001:0000d660       sf_mex_clear_error_message 000000018000e660 f   sfc_mex:sfc_mex.obj
 0001:0000d680       sf_mex_get_error_message_for_read 000000018000e680 f   sfc_mex:sfc_mex.obj
 0001:0000d690       sf_mex_get_error_message_buffer_length 000000018000e690 f   sfc_mex:sfc_mex.obj
 0001:0000d780       sf_mex_warning_message     000000018000e780 f   sfc_mex:sfc_mex.obj
 0001:0000d7f0       sf_mex_v_errbuf_createf    000000018000e7f0 f   sfc_mex:sfc_mex.obj
 0001:0000d800       sf_mex_errbuf_createf      000000018000e800 f   sfc_mex:sfc_mex.obj
 0001:0000d830       sf_mex_v_errbuf_catf       000000018000e830 f   sfc_mex:sfc_mex.obj
 0001:0000d870       sf_mex_errbuf_catf         000000018000e870 f   sfc_mex:sfc_mex.obj
 0001:0000d8c0       sf_mex_errbuf_copy         000000018000e8c0 f   sfc_mex:sfc_mex.obj
 0001:0000d8d0       sf_mex_errbuf_clear        000000018000e8d0 f   sfc_mex:sfc_mex.obj
 0001:0000d8e0       sf_mex_errbuf_isempty      000000018000e8e0 f   sfc_mex:sfc_mex.obj
 0001:0000d9f0       sf_mex_set_error_status    000000018000e9f0 f   sfc_mex:sfc_mex.obj
 0001:0000da40       sf_mex_error_direct_call   000000018000ea40 f   sfc_mex:sfc_mex.obj
 0001:0000da60       sf_mex_long_jump_on_error  000000018000ea60 f   sfc_mex:sfc_mex.obj
 0001:0000da90       sf_mex_call_matlab         000000018000ea90 f   sfc_mex:sfc_mex.obj
 0001:0000dbb0       sf_mex_check_builtin       000000018000ebb0 f   sfc_mex:sfc_mex.obj
 0001:0000dbf0       sf_mex_check_builtin_vs    000000018000ebf0 f   sfc_mex:sfc_mex.obj
 0001:0000dc50       sf_mex_check_enum          000000018000ec50 f   sfc_mex:sfc_mex.obj
 0001:0000dc80       sf_mex_create_enum         000000018000ec80 f   sfc_mex:sfc_mex.obj
 0001:0000dca0       sf_mex_get_enum_element    000000018000eca0 f   sfc_mex:sfc_mex.obj
 0001:0000dcb0       sf_mex_createcellarray     000000018000ecb0 f   sfc_mex:sfc_mex.obj
 0001:0000dcc0       sf_mex_setcell             000000018000ecc0 f   sfc_mex:sfc_mex.obj
 0001:0000dcd0       sf_mex_getcell             000000018000ecd0 f   sfc_mex:sfc_mex.obj
 0001:0000dce0       sf_mex_dup                 000000018000ece0 f   sfc_mex:sfc_mex.obj
 0001:0000dd00       sf_mex_assign              000000018000ed00 f   sfc_mex:sfc_mex.obj
 0001:0000dd60       sf_mex_destroy             000000018000ed60 f   sfc_mex:sfc_mex.obj
 0001:0000dd90       mx_array_has_fi_type       000000018000ed90 f   sfc_mex:sfc_mex.obj
 0001:0000ddc0       sf_mex_convert_from_fi     000000018000edc0 f   sfc_mex:sfc_mex.obj
 0001:0000df20       sf_mex_convert_to_double   000000018000ef20 f   sfc_mex:sfc_mex.obj
 0001:0000e040       sf_mex_import_fi_vs        000000018000f040 f   sfc_mex:sfc_mex.obj
 0001:0000e270       sf_matrix_matrix_index_ok  000000018000f270 f   sfc_mex:sfc_mex.obj
 0001:0000e300       sf_vector_vector_index_ok  000000018000f300 f   sfc_mex:sfc_mex.obj
 0001:0000e330       ssGetCurrentInputPortDimensions_wrapper 000000018000f330 f   sfc_mex:sfc_mex.obj
 0001:0000e350       ssGetCurrentOutputPortDimensions_wrapper 000000018000f350 f   sfc_mex:sfc_mex.obj
 0001:0000e370       sf_mex_emlrt_context_is_debug_mode 000000018000f370 f   sfc_mex:sfc_mex.obj
 0001:0000e380       sf_mex_emlrt_context_set_debug_mode 000000018000f380 f   sfc_mex:sfc_mex.obj
 0001:0000e390       sf_clear_error_manager_info 000000018000f390 f   sfc_mex:sfc_mex.obj
 0001:0000e3e0       sf_mex_stop_simulation_abruptly_wo_error 000000018000f3e0 f   sfc_mex:sfc_mex.obj
 0001:0000e420       sf_mex_error_message       000000018000f420 f   sfc_mex:sfc_mex.obj
 0001:0000e480       sf_react_to_error_in_matlab_call 000000018000f480 f   sfc_mex:sfc_mex.obj
 0001:0000e4b0       sf_mex_addfield            000000018000f4b0 f   sfc_mex:sfc_mex.obj
 0001:0000e550       sf_mex_getfield            000000018000f550 f   sfc_mex:sfc_mex.obj
 0001:0000e800       sf_mex_check_class         000000018000f800 f   sfc_mex:sfc_mex.obj
 0001:0000e890       sf_mex_is_real             000000018000f890 f   sfc_mex:sfc_mex.obj
 0001:0000e9b0       sf_mex_check_complex       000000018000f9b0 f   sfc_mex:sfc_mex.obj
 0001:0000ea10       sf_mex_check_sparse        000000018000fa10 f   sfc_mex:sfc_mex.obj
 0001:0000ea80       sf_mex_check_numerictype   000000018000fa80 f   sfc_mex:sfc_mex.obj
 0001:0000ece0       sf_mex_check_fimath        000000018000fce0 f   sfc_mex:sfc_mex.obj
 0001:0000ef40       sf_mex_decode_encoded_mx_struct_array 000000018000ff40 f   sfc_mex:sfc_mex.obj
 0001:0000f210       sf_mex_lw_bounds_check     0000000180010210 f   sfc_mex:sfc_mex.obj
 0001:0000f240       sf_mex_lw_size_eq_check_1d 0000000180010240 f   sfc_mex:sfc_mex.obj
 0001:0000f260       sf_mex_lw_size_eq_check_nd 0000000180010260 f   sfc_mex:sfc_mex.obj
 0001:0000f450       sf_mex_lw_dim_size_eq_check 0000000180010450 f   sfc_mex:sfc_mex.obj
 0001:0000f480       sf_mex_lw_dim_size_geq_check 0000000180010480 f   sfc_mex:sfc_mex.obj
 0001:0000f4b0       sf_mex_lw_sub_assign_size_check_nd 00000001800104b0 f   sfc_mex:sfc_mex.obj
 0001:0000f6f0       sf_mex_lw_matrix_matrix_index_check 00000001800106f0 f   sfc_mex:sfc_mex.obj
 0001:0000f780       sf_mex_lw_vector_vector_index_check 0000000180010780 f   sfc_mex:sfc_mex.obj
 0001:0000f7c0       sf_mex_lw_non_negative_check 00000001800107c0 f   sfc_mex:sfc_mex.obj
 0001:0000f800       sf_mex_overflow_error      0000000180010800 f   sfc_mex:sfc_mex.obj
 0001:0000f810       sf_mex_dividebyzero_error  0000000180010810 f   sfc_mex:sfc_mex.obj
 0001:0000f820       sf_mex_unsafe_enum_error   0000000180010820 f   sfc_mex:sfc_mex.obj
 0001:0000f830       sf_emlrtErrHandler         0000000180010830 f   sfc_mex:sfc_mex.obj
 0001:0000f860       sf_mex_printf              0000000180010860 f   sfc_mex:sfc_mex.obj
 0001:0000fa90       sf_mex_check_size          0000000180010a90 f   sfc_mex:sfc_mex.obj
 0001:0000fd90       sf_mex_check_struct        0000000180010d90 f   sfc_mex:sfc_mex.obj
 0001:0000ff50       sf_mex_check_struct_vs     0000000180010f50 f   sfc_mex:sfc_mex.obj
 0001:0000ffe0       sf_mex_check_fi            0000000180010fe0 f   sfc_mex:sfc_mex.obj
 0001:00010240       sf_mex_check_fi_vs         0000000180011240 f   sfc_mex:sfc_mex.obj
 0001:000102e0       sf_echo_expression         00000001800112e0 f   sfc_mex:sfc_mex.obj
 0001:00010340       sf_assertion_failed        0000000180011340 f   sfc_mex:sfc_mex.obj
 0001:00010510       sf_mex_evalin              0000000180011510 f   sfc_mex:sfc_mex.obj
 0001:00010830       sf_mex_export              0000000180011830 f   sfc_mex:sfc_mex.obj
 0001:000108d0       sf_mex_get_ml_var_no_error 00000001800118d0 f   sfc_mex:sfc_mex.obj
 0001:00010b50       sf_mex_get_ml_var          0000000180011b50 f   sfc_mex:sfc_mex.obj
 0001:00010ed0       ml_set_element_value_in_array 0000000180011ed0 f   sfc_mex:sfc_mex.obj
 0001:00012360       sf_mex_call_impl           0000000180013360 f   sfc_mex:sfc_mex.obj
 0001:00012920       sf_mex_call_debug          0000000180013920 f   sfc_mex:sfc_mex.obj
 0001:00012950       sf_mex_call                0000000180013950 f   sfc_mex:sfc_mex.obj
 0001:00012f60       sf_mex_createstruct        0000000180013f60 f   sfc_mex:sfc_mex.obj
 0001:00013050       sf_mex_createstructarray   0000000180014050 f   sfc_mex:sfc_mex.obj
 0001:000130d0       sf_mex_get_mx_datatype_from_sf_datatype 00000001800140d0 f   sfc_mex:sfc_mex.obj
 0001:000133e0       sf_mex_ml_var_sub          00000001800143e0 f   sfc_mex:sfc_mex.obj
 0001:000135b0       sf_mex_ml_var_subsasgn     00000001800145b0 f   sfc_mex:sfc_mex.obj
 0001:000139c0       sf_mex_sub                 00000001800149c0 f   sfc_mex:sfc_mex.obj
 0001:00013be0       sf_mex_subsasgn            0000000180014be0 f   sfc_mex:sfc_mex.obj
 0001:00014790       sf_mex_create              0000000180015790 f   sfc_mex:sfc_mex.obj
 0001:00015610       sf_mex_import              0000000180016610 f   sfc_mex:sfc_mex.obj
 0001:00015720       sf_mex_import_vs           0000000180016720 f   sfc_mex:sfc_mex.obj
 0001:00015830       sf_mex_lower_fixpt_mx_array 0000000180016830 f   sfc_mex:sfc_mex.obj
 0001:00015e70       sim_mode_is_rtw_gen        0000000180016e70 f   sfc_mex:sfc_sf.obj
 0001:00015ea0       sim_mode_is_external       0000000180016ea0 f   sfc_mex:sfc_sf.obj
 0001:00015eb0       mdlInitializeSizes         0000000180016eb0 f   sfc_mex:sfc_sf.obj
 0001:00015ed0       mdlInitializeSampleTimes   0000000180016ed0 f   sfc_mex:sfc_sf.obj
 0001:00015f10       mdlZeroCrossings           0000000180016f10 f   sfc_mex:sfc_sf.obj
 0001:00015ff0       mdlDerivatives             0000000180016ff0 f   sfc_mex:sfc_sf.obj
 0001:000160a0       mdl_initialize_conditions_processing 00000001800170a0 f   sfc_mex:sfc_sf.obj
 0001:000160d0       mdlInitializeConditions    00000001800170d0 f   sfc_mex:sfc_sf.obj
 0001:00016190       mdlGetSimState             0000000180017190 f   sfc_mex:sfc_sf.obj
 0001:000161a0       mdlSetSimState             00000001800171a0 f   sfc_mex:sfc_sf.obj
 0001:000161b0       mdl_ext_mode_exec_processing 00000001800171b0 f   sfc_mex:sfc_sf.obj
 0001:000161d0       mdlExtModeExec             00000001800171d0 f   sfc_mex:sfc_sf.obj
 0001:00016430       mdlTerminate               0000000180017430 f   sfc_mex:sfc_sf.obj
 0001:000164a0       mdlRTW                     00000001800174a0 f   sfc_mex:sfc_sf.obj
 0001:000164d0       mdlSetWorkWidths           00000001800174d0 f   sfc_mex:sfc_sf.obj
 0001:000164e0       mdlProcessParameters       00000001800174e0 f   sfc_mex:sfc_sf.obj
 0001:000164f0       mdl_start_processing       00000001800174f0 f   sfc_mex:sfc_sf.obj
 0001:00016530       mdlStart                   0000000180017530 f   sfc_mex:sfc_sf.obj
 0001:00016620       mdlEnable                  0000000180017620 f   sfc_mex:sfc_sf.obj
 0001:000166f0       mdlDisable                 00000001800176f0 f   sfc_mex:sfc_sf.obj
 0001:000167a0       sf_get_chart_instance_ptr  00000001800177a0 f   sfc_mex:sfc_sf.obj
 0001:000167c0       sf_rtw_info_uint_prop      00000001800177c0 f   sfc_mex:sfc_sf.obj
 0001:000169a0       sf_is_chart_inlinable      00000001800179a0 f   sfc_mex:sfc_sf.obj
 0001:000169c0       sf_mark_output_events_with_multiple_callers 00000001800179c0 f   sfc_mex:sfc_sf.obj
 0001:00016be0       sf_mark_chart_reusable_outputs 0000000180017be0 f   sfc_mex:sfc_sf.obj
 0001:00016ec0       sf_mark_chart_expressionable_inputs 0000000180017ec0 f   sfc_mex:sfc_sf.obj
 0001:00017290       sf_get_subchart_simstruct  0000000180018290 f   sfc_mex:sfc_sf.obj
 0001:000172e0       sf_write_symbol_mapping    00000001800182e0 f   sfc_mex:sfc_sf.obj
 0001:00017590       sf_get_fixpt_data_type_id  0000000180018590 f   sfc_mex:sfc_sf.obj
 0001:000175d0       sf_get_enum_data_type_id   00000001800185d0 f   sfc_mex:sfc_sf.obj
 0001:00017610       sf_get_param_data_type_id  0000000180018610 f   sfc_mex:sfc_sf.obj
 0001:00017640       sf_mex_listen_for_ctrl_c_force 0000000180018640 f   sfc_mex:sfc_sf.obj
 0001:00017750       sf_mex_draw_now            0000000180018750 f   sfc_mex:sfc_sf.obj
 0001:00017790       sf_mex_set_debugger_sim_status_listener_fcn 0000000180018790 f   sfc_mex:sfc_sf.obj
 0001:000177a0       sf_mex_listen_for_ctrl_c   00000001800187a0 f   sfc_mex:sfc_sf.obj
 0001:00017830       sf_mex_get_sfun_param      0000000180018830 f   sfc_mex:sfc_sf.obj
 0001:00017880       sf_get_runtime_param_data  0000000180018880 f   sfc_mex:sfc_sf.obj
 0001:000178c0       sf_call_output_fcn_call    00000001800188c0 f   sfc_mex:sfc_sf.obj
 0001:00017a00       sf_call_output_fcn_enable  0000000180018a00 f   sfc_mex:sfc_sf.obj
 0001:00017a90       sf_call_output_fcn_disable 0000000180018a90 f   sfc_mex:sfc_sf.obj
 0001:00017b20       sf_clear_rtw_identifier    0000000180018b20 f   sfc_mex:sfc_sf.obj
 0001:000182f0       sf_set_encoded_dwork_info  00000001800192f0 f   sfc_mex:sfc_sf.obj
 0001:00018590       sf_set_rtw_dwork_info      0000000180019590 f   sfc_mex:sfc_sf.obj
 0001:00018860       mdlOutputs                 0000000180019860 f   sfc_mex:sfc_sf.obj
 0001:000189a0       sf_debug_disp              00000001800199a0 f   sfc_debug:sfcdebug.obj
 0001:00018c70       sf_debug_data_runtime_size_mismatch_error_check 0000000180019c70 f   sfc_debug:sfcdebug.obj
 0001:00018d10       sf_debug_try_loading_machine 0000000180019d10 f   sfc_debug:sfcdebug.obj
 0001:00018e10       sf_debug_reset_current_state_configuration 0000000180019e10 f   sfc_debug:sfcdebug.obj
 0001:00018ea0       sf_debug_store_current_state_configuration 0000000180019ea0 f   sfc_debug:sfcdebug.obj
 0001:00018f30       sf_debug_restore_previous_state_configuration 0000000180019f30 f   sfc_debug:sfcdebug.obj
 0001:00018fc0       sf_debug_restore_previous_state_configuration2 0000000180019fc0 f   sfc_debug:sfcdebug.obj
 0001:00019050       sf_debug_get_event_scope   000000018001a050 f   sfc_debug:sfcdebug.obj
 0001:000191c0       use_debugger_step_animation 000000018001a1c0 f   sfc_debug:sfcdebug.obj
 0001:000191e0       sf_debug_get_script_id     000000018001a1e0 f   sfc_debug:sfcdebug.obj
 0001:00019270       sf_debug_set_script_translation 000000018001a270 f   sfc_debug:sfcdebug.obj
 0001:00019330       sf_debug_get_current_machine_id 000000018001a330 f   sfc_debug:sfcdebug.obj
 0001:00019350       sf_debug_get_current_optional_integer 000000018001a350 f   sfc_debug:sfcdebug.obj
 0001:00019360       sf_debug_get_current_machine_number 000000018001a360 f   sfc_debug:sfcdebug.obj
 0001:00019380       sf_debug_get_current_machine_name 000000018001a380 f   sfc_debug:sfcdebug.obj
 0001:000193a0       sf_debug_get_current_chart_id 000000018001a3a0 f   sfc_debug:sfcdebug.obj
 0001:000193f0       sf_debug_get_current_chart_number 000000018001a3f0 f   sfc_debug:sfcdebug.obj
 0001:00019400       sf_debug_get_current_instance_number 000000018001a400 f   sfc_debug:sfcdebug.obj
 0001:00019410       sf_debug_get_current_is_minor_time_step 000000018001a410 f   sfc_debug:sfcdebug.obj
 0001:00019490       sf_debug_get_current_object_type 000000018001a490 f   sfc_debug:sfcdebug.obj
 0001:000194a0       sf_debug_get_current_instance_handle 000000018001a4a0 f   sfc_debug:sfcdebug.obj
 0001:00019500       sf_debug_get_current_event_type 000000018001a500 f   sfc_debug:sfcdebug.obj
 0001:00019510       sf_debug_get_current_object_id 000000018001a510 f   sfc_debug:sfcdebug.obj
 0001:00019550       sf_debug_get_current_active_event_type 000000018001a550 f   sfc_debug:sfcdebug.obj
 0001:00019560       sf_debug_get_current_active_event_id 000000018001a560 f   sfc_debug:sfcdebug.obj
 0001:000195a0       sf_debug_get_current_tag_type 000000018001a5a0 f   sfc_debug:sfcdebug.obj
 0001:000195b0       sf_debug_get_current_simulation_time 000000018001a5b0 f   sfc_debug:sfcdebug.obj
 0001:000195c0       sf_debug_get_current_coverage_percentage 000000018001a5c0 f   sfc_debug:sfcdebug.obj
 0001:000195d0       sf_debug_current_statement_context 000000018001a5d0 f   sfc_debug:sfcdebug.obj
 0001:00019660       sf_debug_get_current_statement_info 000000018001a660 f   sfc_debug:sfcdebug.obj
 0001:000197e0       sf_debug_terminate_instance 000000018001a7e0 f   sfc_debug:sfcdebug.obj
 0001:00019b00       sf_debug_assertion_failed  000000018001ab00 f   sfc_debug:sfcdebug.obj
 0001:00019cb0       sf_debug_set_number_of_data_with_change_event_for_machine 000000018001acb0 f   sfc_debug:sfcdebug.obj
 0001:00019cf0       sf_debug_set_machine_event_thresholds 000000018001acf0 f   sfc_debug:sfcdebug.obj
 0001:00019d10       sf_debug_set_machine_event_scope 000000018001ad10 f   sfc_debug:sfcdebug.obj
 0001:00019d50       sf_debug_set_machine_data_thresholds 000000018001ad50 f   sfc_debug:sfcdebug.obj
 0001:00019d90       sf_debug_set_machine_data_scope 000000018001ad90 f   sfc_debug:sfcdebug.obj
 0001:00019e20       sf_debug_set_machine_data_name 000000018001ae20 f   sfc_debug:sfcdebug.obj
 0001:00019ec0       sf_debug_set_machine_data_size 000000018001aec0 f   sfc_debug:sfcdebug.obj
 0001:0001a000       sf_debug_set_machine_data_type 000000018001b000 f   sfc_debug:sfcdebug.obj
 0001:0001a170       sf_debug_get_chart_data_number 000000018001b170 f   sfc_debug:sfcdebug.obj
 0001:0001a190       sf_debug_get_chart_event_number 000000018001b190 f   sfc_debug:sfcdebug.obj
 0001:0001a1b0       sf_debug_set_chart_state_info 000000018001b1b0 f   sfc_debug:sfcdebug.obj
 0001:0001a230       sf_debug_set_chart_decomposition 000000018001b230 f   sfc_debug:sfcdebug.obj
 0001:0001a2a0       sf_debug_set_chart_substate_count 000000018001b2a0 f   sfc_debug:sfcdebug.obj
 0001:0001a380       sf_debug_set_chart_substate_index 000000018001b380 f   sfc_debug:sfcdebug.obj
 0001:0001a3f0       sf_debug_set_chart_state_substate_count 000000018001b3f0 f   sfc_debug:sfcdebug.obj
 0001:0001a500       sf_debug_set_chart_state_substate_index 000000018001b500 f   sfc_debug:sfcdebug.obj
 0001:0001a580       sf_debug_set_number_of_data_with_change_event_for_chart 000000018001b580 f   sfc_debug:sfcdebug.obj
 0001:0001a600       sf_debug_set_number_of_states_with_entry_event_for_chart 000000018001b600 f   sfc_debug:sfcdebug.obj
 0001:0001a670       sf_debug_set_number_of_states_with_exit_event_for_chart 000000018001b670 f   sfc_debug:sfcdebug.obj
 0001:0001a6e0       sf_debug_set_chart_disable_implicit_casting 000000018001b6e0 f   sfc_debug:sfcdebug.obj
 0001:0001a750       sf_debug_set_chart_event_thresholds 000000018001b750 f   sfc_debug:sfcdebug.obj
 0001:0001a7c0       sf_debug_set_chart_data_compiled_props 000000018001b7c0 f   sfc_debug:sfcdebug.obj
 0001:0001ab00       sf_debug_set_chart_data_props 000000018001bb00 f   sfc_debug:sfcdebug.obj
 0001:0001ae30       sf_debug_check_fi_license  000000018001be30 f   sfc_debug:sfcdebug.obj
 0001:0001b020       sf_debug_symbol_scope_push 000000018001c020 f   sfc_debug:sfcdebug.obj
 0001:0001b100       sf_debug_symbol_scope_push_eml 000000018001c100 f   sfc_debug:sfcdebug.obj
 0001:0001b1e0       sf_debug_symbol_scope_pop  000000018001c1e0 f   sfc_debug:sfcdebug.obj
 0001:0001b220       sf_debug_symbol_scope_add  000000018001c220 f   sfc_debug:sfcdebug.obj
 0001:0001b2a0       sf_debug_symbol_scope_add_eml 000000018001c2a0 f   sfc_debug:sfcdebug.obj
 0001:0001b2e0       sf_debug_symbol_scope_add_dyn 000000018001c2e0 f   sfc_debug:sfcdebug.obj
 0001:0001b390       sf_debug_symbol_scope_add_eml_dyn 000000018001c390 f   sfc_debug:sfcdebug.obj
 0001:0001b3f0       sf_debug_symbol_switch     000000018001c3f0 f   sfc_debug:sfcdebug.obj
 0001:0001b410       sf_debug_symbol_scope_add_verbose 000000018001c410 f   sfc_debug:sfcdebug.obj
 0001:0001b4e0       sf_debug_set_machine_data_value_ptr 000000018001c4e0 f   sfc_debug:sfcdebug.obj
 0001:0001b520       sf_debug_set_instance_data_value_ptr 000000018001c520 f   sfc_debug:sfcdebug.obj
 0001:0001b5e0       sf_debug_unset_instance_data_value_ptr 000000018001c5e0 f   sfc_debug:sfcdebug.obj
 0001:0001b690       sf_debug_set_chart_event_scope 000000018001c690 f   sfc_debug:sfcdebug.obj
 0001:0001b710       sf_debug_set_chart_transition_coverage_maps 000000018001c710 f   sfc_debug:sfcdebug.obj
 0001:0001b820       sf_debug_set_chart_state_coverage_maps 000000018001c820 f   sfc_debug:sfcdebug.obj
 0001:0001b900       sf_debug_set_instance_transition_coverage_weights 000000018001c900 f   sfc_debug:sfcdebug.obj
 0001:0001b9a0       sf_debug_set_instance_state_coverage_weights 000000018001c9a0 f   sfc_debug:sfcdebug.obj
 0001:0001bbf0       sf_debug_unload_machine    000000018001cbf0 f   sfc_debug:sfcdebug.obj
 0001:0001bc40       sf_debug_load_machine      000000018001cc40 f   sfc_debug:sfcdebug.obj
 0001:0001bd50       sf_debug_set_active_instance_in_data_dictionary 000000018001cd50 f   sfc_debug:sfcdebug.obj
 0001:0001bf30       sf_debug_set_active_instance 000000018001cf30 f   sfc_debug:sfcdebug.obj
 0001:0001c080       sf_debug_chart_visiblity_change 000000018001d080 f   sfc_debug:sfcdebug.obj
 0001:0001c160       sf_debug_select_chart      000000018001d160 f   sfc_debug:sfcdebug.obj
 0001:0001c240       sf_debug_set_instance_cv_ids 000000018001d240 f   sfc_debug:sfcdebug.obj
 0001:0001c560       sf_debug_select_charts     000000018001d560 f   sfc_debug:sfcdebug.obj
 0001:0001c6a0       sf_debug_initialized       000000018001d6a0 f   sfc_debug:sfcdebug.obj
 0001:0001c6b0       sf_debug_is_uninterruptible 000000018001d6b0 f   sfc_debug:sfcdebug.obj
 0001:0001c6e0       sf_debug_initialize_debugger_gui 000000018001d6e0 f   sfc_debug:sfcdebug.obj
 0001:0001cac0       sf_debug_resume            000000018001dac0 f   sfc_debug:sfcdebug.obj
 0001:0001cae0       sf_debug_go                000000018001dae0 f   sfc_debug:sfcdebug.obj
 0001:0001caf0       sf_debug_break             000000018001daf0 f   sfc_debug:sfcdebug.obj
 0001:0001cb00       sf_debug_step_over         000000018001db00 f   sfc_debug:sfcdebug.obj
 0001:0001cb10       sf_debug_step_out          000000018001db10 f   sfc_debug:sfcdebug.obj
 0001:0001cb20       sf_debug_set_disable_all_breakpoints 000000018001db20 f   sfc_debug:sfcdebug.obj
 0001:0001cb30       sf_debug_disable_all_breakpoints_and_go 000000018001db30 f   sfc_debug:sfcdebug.obj
 0001:0001cb40       sf_debug_break_on_chart_entry 000000018001db40 f   sfc_debug:sfcdebug.obj
 0001:0001cb50       sf_debug_break_on_event_broadcast 000000018001db50 f   sfc_debug:sfcdebug.obj
 0001:0001cb60       sf_debug_break_on_state_entry 000000018001db60 f   sfc_debug:sfcdebug.obj
 0001:0001cb70       sf_debug_break_between_times 000000018001db70 f   sfc_debug:sfcdebug.obj
 0001:0001cb90       sf_debug_browse_data       000000018001db90 f   sfc_debug:sfcdebug.obj
 0001:0001cbb0       sf_debug_watch_data        000000018001dbb0 f   sfc_debug:sfcdebug.obj
 0001:0001cbd0       sf_debug_whos              000000018001dbd0 f   sfc_debug:sfcdebug.obj
 0001:0001cbf0       sf_debug_get_consistency_info 000000018001dbf0 f   sfc_debug:sfcdebug.obj
 0001:0001cc00       sf_debug_browse_trace      000000018001dc00 f   sfc_debug:sfcdebug.obj
 0001:0001cc10       sf_debug_set_breakpoints   000000018001dc10 f   sfc_debug:sfcdebug.obj
 0001:0001cd60       sf_debug_set_eml_breakpoints 000000018001dd60 f   sfc_debug:sfcdebug.obj
 0001:0001cec0       sf_debug_set_script_breakpoints 000000018001dec0 f   sfc_debug:sfcdebug.obj
 0001:0001cf40       sf_debug_add_script_breakpoints 000000018001df40 f   sfc_debug:sfcdebug.obj
 0001:0001cfb0       sf_debug_clear_script_breakpoints 000000018001dfb0 f   sfc_debug:sfcdebug.obj
 0001:0001d020       sf_debug_query_script_breakpoints 000000018001e020 f   sfc_debug:sfcdebug.obj
 0001:0001d0e0       sf_debug_get_eml_script_id 000000018001e0e0 f   sfc_debug:sfcdebug.obj
 0001:0001d1a0       sf_debug_set_watch         000000018001e1a0 f   sfc_debug:sfcdebug.obj
 0001:0001d3c0       sf_debug_get_coverage      000000018001e3c0 f   sfc_debug:sfcdebug.obj
 0001:0001d3d0       sf_debug_get_instance_handle 000000018001e3d0 f   sfc_debug:sfcdebug.obj
 0001:0001d460       sf_debug_get_active_states 000000018001e460 f   sfc_debug:sfcdebug.obj
 0001:0001d470       sf_debug_get_animation     000000018001e470 f   sfc_debug:sfcdebug.obj
 0001:0001d480       sf_debug_set_animation     000000018001e480 f   sfc_debug:sfcdebug.obj
 0001:0001d490       sf_debug_animate           000000018001e490 f   sfc_debug:sfcdebug.obj
 0001:0001d4c0       sf_debug_cycle_detection_check 000000018001e4c0 f   sfc_debug:sfcdebug.obj
 0001:0001d4d0       sf_debug_data_range_check  000000018001e4d0 f   sfc_debug:sfcdebug.obj
 0001:0001d4e0       sf_debug_transition_conflict_check 000000018001e4e0 f   sfc_debug:sfcdebug.obj
 0001:0001d4f0       sf_debug_state_consistency_check 000000018001e4f0 f   sfc_debug:sfcdebug.obj
 0001:0001d500       sf_debug_data_range_check_enabled 000000018001e500 f   sfc_debug:sfcdebug.obj
 0001:0001d520       sf_debug_transition_conflict_check_enabled 000000018001e520 f   sfc_debug:sfcdebug.obj
 0001:0001d540       sf_debug_transition_conflict_check_begin 000000018001e540 f   sfc_debug:sfcdebug.obj
 0001:0001d560       sf_debug_transition_conflict_check_end 000000018001e560 f   sfc_debug:sfcdebug.obj
 0001:0001d580       sf_debug_stop_debugging    000000018001e580 f   sfc_debug:sfcdebug.obj
 0001:0001d5b0       sf_debug_is_cycle_detected 000000018001e5b0 f   sfc_debug:sfcdebug.obj
 0001:0001d5c0       sf_debug_is_array_bounds_detected 000000018001e5c0 f   sfc_debug:sfcdebug.obj
 0001:0001d5d0       sf_debug_get_state_vectors_data_size 000000018001e5d0 f   sfc_debug:sfcdebug.obj
 0001:0001d610       sf_debug_get_state_vectors_data 000000018001e610 f   sfc_debug:sfcdebug.obj
 0001:0001d720       sf_debug_set_state_vectors_data 000000018001e720 f   sfc_debug:sfcdebug.obj
 0001:0001da00       sf_debug_get_script_index  000000018001ea00 f   sfc_debug:sfcdebug.obj
 0001:0001db80       sf_debug_add_script        000000018001eb80 f   sfc_debug:sfcdebug.obj
 0001:0001dd60       cv_eval_point              000000018001ed60 f   sfc_debug:sfcdebug.obj
 0001:0001ded0       sf_debug_cv_init_state     000000018001eed0 f   sfc_debug:sfcdebug.obj
 0001:0001dff0       sf_debug_cv_init_chart     000000018001eff0 f   sfc_debug:sfcdebug.obj
 0001:0001e0d0       sf_debug_cv_init_trans     000000018001f0d0 f   sfc_debug:sfcdebug.obj
 0001:0001e240       cv_eml_init_script         000000018001f240 f   sfc_debug:sfcdebug.obj
 0001:0001e370       cv_eml_init_fcn            000000018001f370 f   sfc_debug:sfcdebug.obj
 0001:0001e470       cv_eml_init_testobjective  000000018001f470 f   sfc_debug:sfcdebug.obj
 0001:0001e570       cv_eml_init_if             000000018001f570 f   sfc_debug:sfcdebug.obj
 0001:0001e670       cv_eml_init_for            000000018001f670 f   sfc_debug:sfcdebug.obj
 0001:0001e760       cv_eml_init_while          000000018001f760 f   sfc_debug:sfcdebug.obj
 0001:0001e850       cv_eml_init_mcdc           000000018001f850 f   sfc_debug:sfcdebug.obj
 0001:0001e990       cv_eml_init_switch         000000018001f990 f   sfc_debug:sfcdebug.obj
 0001:0001eab0       cv_eml_eval                000000018001fab0 f   sfc_debug:sfcdebug.obj
 0001:0001ebb0       sf_debug_bm_is_a_eml_breakpoint 000000018001fbb0 f   sfc_debug:sfcdebug.obj
 0001:0001eda0       sf_debug_temporal_threshold 000000018001fda0 f   sfc_debug:sfcdebug.obj
 0001:0001f140       sf_debug_transition_conflict_error 0000000180020140 f   sfc_debug:sfcdebug.obj
 0001:0001f4a0       sf_debug_state_inconsistency_error 00000001800204a0 f   sfc_debug:sfcdebug.obj
 0001:0001f5b0       sf_debug_check_for_state_inconsistency 00000001800205b0 f   sfc_debug:sfcdebug.obj
 0001:0001f5e0       sf_debug_cycle_detecton_error 00000001800205e0 f   sfc_debug:sfcdebug.obj
 0001:0001fd80       sf_debug_size_eq_check_1d  0000000180020d80 f   sfc_debug:sfcdebug.obj
 0001:0001fda0       sf_debug_size_eq_check_nd  0000000180020da0 f   sfc_debug:sfcdebug.obj
 0001:0001ff90       sf_debug_dim_size_eq_check 0000000180020f90 f   sfc_debug:sfcdebug.obj
 0001:0001ffc0       sf_debug_dim_size_geq_check 0000000180020fc0 f   sfc_debug:sfcdebug.obj
 0001:0001fff0       sf_debug_sub_assign_size_check_nd 0000000180020ff0 f   sfc_debug:sfcdebug.obj
 0001:00020240       sf_debug_matrix_matrix_index_check 0000000180021240 f   sfc_debug:sfcdebug.obj
 0001:00020270       sf_debug_vector_vector_index_check 0000000180021270 f   sfc_debug:sfcdebug.obj
 0001:000202a0       sf_debug_data_array_bounds_error_check 00000001800212a0 f   sfc_debug:sfcdebug.obj
 0001:000203b0       sf_debug_eml_data_array_bounds_error_check 00000001800213b0 f   sfc_debug:sfcdebug.obj
 0001:00020870       sf_debug_integer_check     0000000180021870 f   sfc_debug:sfcdebug.obj
 0001:00020940       sf_debug_not_nan_check     0000000180021940 f   sfc_debug:sfcdebug.obj
 0001:00020a00       sf_debug_non_negative_check 0000000180021a00 f   sfc_debug:sfcdebug.obj
 0001:00020ac0       sf_debug_overflow_detection 0000000180021ac0 f   sfc_debug:sfcdebug.obj
 0001:00021180       sf_debug_cast_to_real32_T  0000000180022180 f   sfc_debug:sfcdebug.obj
 0001:00021240       sf_debug_cast_to_int8_T    0000000180022240 f   sfc_debug:sfcdebug.obj
 0001:00021300       sf_debug_cast_to_uint8_T   0000000180022300 f   sfc_debug:sfcdebug.obj
 0001:000213c0       sf_debug_cast_to_int16_T   00000001800223c0 f   sfc_debug:sfcdebug.obj
 0001:00021480       sf_debug_cast_to_uint16_T  0000000180022480 f   sfc_debug:sfcdebug.obj
 0001:00021540       sf_debug_cast_to_int32_T   0000000180022540 f   sfc_debug:sfcdebug.obj
 0001:000215f0       sf_debug_cast_to_uint32_T  00000001800225f0 f   sfc_debug:sfcdebug.obj
 0001:000216b0       sf_debug_data_range_error  00000001800226b0 f   sfc_debug:sfcdebug.obj
 0001:00021b10       sf_debug_data_range_error_wrapper_min_max 0000000180022b10 f   sfc_debug:sfcdebug.obj
 0001:00021c00       sf_debug_data_range_error_wrapper_min 0000000180022c00 f   sfc_debug:sfcdebug.obj
 0001:00021ce0       sf_debug_data_range_error_wrapper_max 0000000180022ce0 f   sfc_debug:sfcdebug.obj
 0001:00021dc0       sf_debug_data_range_wrapper 0000000180022dc0 f   sfc_debug:sfcdebug.obj
 0001:00021e70       sf_debug_set_current_status_info 0000000180022e70 f   sfc_debug:sfcdebug.obj
 0001:00022340       sf_debug_call              0000000180023340 f   sfc_debug:sfcdebug.obj
 0001:000231f0       sf_debug_initialize_machine 00000001800241f0 f   sfc_debug:sfcdebug.obj
 0001:00023670       sf_debug_initialize_chart  0000000180024670 f   sfc_debug:sfcdebug.obj
 0001:00023b50       sf_debug_ensure_script     0000000180024b50 f   sfc_debug:sfcdebug.obj
 0001:00023cc0       cv_script_init_script      0000000180024cc0 f   sfc_debug:sfcdebug.obj
 0001:00023e40       cv_script_init_fcn         0000000180024e40 f   sfc_debug:sfcdebug.obj
 0001:00023f90       cv_script_init_testobjective 0000000180024f90 f   sfc_debug:sfcdebug.obj
 0001:000240e0       cv_script_init_if          00000001800250e0 f   sfc_debug:sfcdebug.obj
 0001:00024230       cv_script_init_for         0000000180025230 f   sfc_debug:sfcdebug.obj
 0001:00024380       cv_script_init_while       0000000180025380 f   sfc_debug:sfcdebug.obj
 0001:000244d0       cv_script_init_mcdc        00000001800254d0 f   sfc_debug:sfcdebug.obj
 0001:00024670       cv_script_init_switch      0000000180025670 f   sfc_debug:sfcdebug.obj
 0001:000247e0       cv_script_eval             00000001800257e0 f   sfc_debug:sfcdebug.obj
 0001:00024940       eml_debug_line_call        0000000180025940 f   sfc_debug:sfcdebug.obj
 0001:00024af0       sf_debug_terminate         0000000180025af0 f   sfc_debug:sfcdebug.obj
 0001:00024d30       sf_debug_set_script_cv_ids 0000000180025d30 f   sfc_debug:sfcdebug.obj
 0001:00024f00       sf_debug_api               0000000180025f00 f   sfc_debug:sfc_api.obj
 0001:000267a0       sf_debug_sm_terminate      00000001800277a0 f   sfc_debug:sfdb_animation.obj
 0001:00026960       sf_debug_reset_path_objects 0000000180027960 f   sfc_debug:sfdb_animation.obj
 0001:000269e0       sf_debug_sm_reset_object_selection_status 00000001800279e0 f   sfc_debug:sfdb_animation.obj
 0001:00026a80       sf_debug_sm_reset_state_buffer 0000000180027a80 f   sfc_debug:sfdb_animation.obj
 0001:00026b60       sf_debug_sm_store_state_buffer 0000000180027b60 f   sfc_debug:sfdb_animation.obj
 0001:00026be0       sf_debug_sm_restore_state_buffer1 0000000180027be0 f   sfc_debug:sfdb_animation.obj
 0001:00026c50       sf_debug_sm_restore_state_buffer2 0000000180027c50 f   sfc_debug:sfdb_animation.obj
 0001:00026cc0       sf_debug_sm_chart_active   0000000180027cc0 f   sfc_debug:sfdb_animation.obj
 0001:00026d10       sf_debug_sm_select_active_objects 0000000180027d10 f   sfc_debug:sfdb_animation.obj
 0001:000271a0       sf_debug_sm_is_chart_active 00000001800281a0 f   sfc_debug:sfdb_animation.obj
 0001:000271e0       sf_debug_sm_is_state_active 00000001800281e0 f   sfc_debug:sfdb_animation.obj
 0001:00027420       sf_debug_sm_get_active_states 0000000180028420 f   sfc_debug:sfdb_animation.obj
 0001:000279d0       sf_debug_sm_initialize_instance 00000001800289d0 f   sfc_debug:sfdb_animation.obj
 0001:00027c80       sf_debug_sm_change_object_selection_status 0000000180028c80 f   sfc_debug:sfdb_animation.obj
 0001:00027f70       cv_create_interface        0000000180028f70 f   sfc_debug:cv_sfinterface.obj
 0001:000282c0       cv_init_trans              00000001800292c0 f   sfc_debug:cv_sfinterface.obj
 0001:00028310       cv_init_state              0000000180029310 f   sfc_debug:cv_sfinterface.obj
 0001:00028380       cv_init_chart              0000000180029380 f   sfc_debug:cv_sfinterface.obj
 0001:000283d0       cv_dec_update_call         00000001800293d0 f   sfc_debug:cv_sfinterface.obj
 0001:00028410       cv_cond_update_call        0000000180029410 f   sfc_debug:cv_sfinterface.obj
 0001:00028450       cv_sigrange_update         0000000180029450 f   sfc_debug:cv_sfinterface.obj
 0001:00028490       cvsf_eml_eval              0000000180029490 f   sfc_debug:cv_sfinterface.obj
 0001:00028570       cvsf_eml_init_script       0000000180029570 f   sfc_debug:cv_sfinterface.obj
 0001:000285f0       cvsf_eml_init_fcn          00000001800295f0 f   sfc_debug:cv_sfinterface.obj
 0001:00028650       cvsf_eml_init_testobjective 0000000180029650 f   sfc_debug:cv_sfinterface.obj
 0001:000286b0       cvsf_eml_init_if           00000001800296b0 f   sfc_debug:cv_sfinterface.obj
 0001:00028710       cvsf_eml_init_for          0000000180029710 f   sfc_debug:cv_sfinterface.obj
 0001:00028760       cvsf_eml_init_while        0000000180029760 f   sfc_debug:cv_sfinterface.obj
 0001:000287b0       cvsf_eml_init_mcdc         00000001800297b0 f   sfc_debug:cv_sfinterface.obj
 0001:00028840       cvsf_eml_init_switch       0000000180029840 f   sfc_debug:cv_sfinterface.obj
 0001:000288b0       cvsf_script_eval           00000001800298b0 f   sfc_debug:cv_sfinterface.obj
 0001:00028990       cvsf_script_init_script    0000000180029990 f   sfc_debug:cv_sfinterface.obj
 0001:00028a10       cvsf_script_init_fcn       0000000180029a10 f   sfc_debug:cv_sfinterface.obj
 0001:00028a70       cvsf_script_init_testobjective 0000000180029a70 f   sfc_debug:cv_sfinterface.obj
 0001:00028ad0       cvsf_script_init_if        0000000180029ad0 f   sfc_debug:cv_sfinterface.obj
 0001:00028b30       cvsf_script_init_for       0000000180029b30 f   sfc_debug:cv_sfinterface.obj
 0001:00028b80       cvsf_script_init_while     0000000180029b80 f   sfc_debug:cv_sfinterface.obj
 0001:00028bd0       cvsf_script_init_mcdc      0000000180029bd0 f   sfc_debug:cv_sfinterface.obj
 0001:00028c60       cvsf_script_init_switch    0000000180029c60 f   sfc_debug:cv_sfinterface.obj
 0001:00028cd0       cv_destroy_interface       0000000180029cd0 f   sfc_debug:cv_sfinterface.obj
 0001:00028cf0       cv_create_instance_objects 0000000180029cf0 f   sfc_debug:cv_sfinterface.obj
 0001:000291a0       cv_is_enabled              000000018002a1a0 f   sfc_debug:cv_sfinterface.obj
 0001:000291b0       sf_debug_cv_initialize_script 000000018002a1b0 f   sfc_debug:cv_sfinterface.obj
 0001:00029350       sf_debug_cv_initialize_instance 000000018002a350 f   sfc_debug:cv_sfinterface.obj
 0001:000296e0       sf_debug_cv_terminate_chart 000000018002a6e0 f   sfc_debug:cv_sfinterface.obj
 0001:00029820       cv_call_trans_test         000000018002a820 f   sfc_debug:cv_sfinterface.obj
 0001:00029830       cv_call_sub_cond_test      000000018002a830 f   sfc_debug:cv_sfinterface.obj
 0001:00029960       sf_debug_hm_initialize_instance 000000018002a960 f   sfc_debug:sfdb_handle_management.obj
 0001:00029f80       sf_debug_hm_get_object_id  000000018002af80 f   sfc_debug:sfdb_handle_management.obj
 0001:0002be90       sf_debug_object_is_eml_function 000000018002ce90 f   sfc_debug:sfdb_handle_management.obj
 0001:0002bf00       sf_debug_hm_initialize_ids_in_machine 000000018002cf00 f   sfc_debug:sfdb_handle_management.obj
 0001:0002c070       sf_debug_hm_initialize_ids_in_chart 000000018002d070 f   sfc_debug:sfdb_handle_management.obj
 0001:0002c1b0       sf_debug_hm_initialize_chart 000000018002d1b0 f   sfc_debug:sfdb_handle_management.obj
 0001:0002ca60       sf_debug_hm_terminate      000000018002da60 f   sfc_debug:sfdb_handle_management.obj
 0001:0002cac0       sf_debug_hm_initialize_machine 000000018002dac0 f   sfc_debug:sfdb_handle_management.obj
 0001:0002d370       sf_debug_st_initialize_machine 000000018002e370 f   sfc_debug:sfdb_data_browse.obj
 0001:0002d430       sf_debug_st_initialize_instance 000000018002e430 f   sfc_debug:sfdb_data_browse.obj
 0001:0002d840       sf_debug_st_terminate      000000018002e840 f   sfc_debug:sfdb_data_browse.obj
 0001:0002dbf0       sf_debug_st_set_data_value_ptr_in_machine 000000018002ebf0 f   sfc_debug:sfdb_data_browse.obj
 0001:0002dc80       sf_debug_st_set_data_value_ptr_in_instance 000000018002ec80 f   sfc_debug:sfdb_data_browse.obj
 0001:0002dd60       sf_debug_st_unset_data_value_ptr_in_machine 000000018002ed60 f   sfc_debug:sfdb_data_browse.obj
 0001:0002ddd0       sf_debug_st_unset_data_value_ptr_in_instance 000000018002edd0 f   sfc_debug:sfdb_data_browse.obj
 0001:0002e090       sf_debug_mx_value          000000018002f090 f   sfc_debug:sfdb_data_browse.obj
 0001:0002e0f0       sf_debug_mx_packed_vector  000000018002f0f0 f   sfc_debug:sfdb_data_browse.obj
 0001:0002e1d0       sf_debug_mx_uint_vector    000000018002f1d0 f   sfc_debug:sfdb_data_browse.obj
 0001:0002e280       sf_debug_st_get_double_value_from_void_ptr_vector 000000018002f280 f   sfc_debug:sfdb_data_browse.obj
 0001:0002ede0       sf_debug_st_browse_data    000000018002fde0 f   sfc_debug:sfdb_data_browse.obj
 0001:0002f580       sf_debug_ss_initialize     0000000180030580 f   sfc_debug:sfdb_symbol_scope.obj
 0001:0002f5a0       sf_debug_ss_terminate      00000001800305a0 f   sfc_debug:sfdb_symbol_scope.obj
 0001:0002f630       sf_debug_ss_push_symbol_scope 0000000180030630 f   sfc_debug:sfdb_symbol_scope.obj
 0001:0002f730       sf_debug_ss_push_symbol_scope_eml 0000000180030730 f   sfc_debug:sfdb_symbol_scope.obj
 0001:0002f790       sf_debug_ss_pop_symbol_scope 0000000180030790 f   sfc_debug:sfdb_symbol_scope.obj
 0001:0002f840       sf_debug_ss_add_symbol     0000000180030840 f   sfc_debug:sfdb_symbol_scope.obj
 0001:0002f990       sf_debug_ss_add_symbol_eml 0000000180030990 f   sfc_debug:sfdb_symbol_scope.obj
 0001:000309f0       sf_debug_ss_watch_data     00000001800319f0 f   sfc_debug:sfdb_symbol_scope.obj
 0001:00031420       get_data_entry_name        0000000180032420 f   sfc_debug:sfdb_symbol_scope.obj
 0001:00031470       sf_debug_ss_whos           0000000180032470 f   sfc_debug:sfdb_symbol_scope.obj
 0001:00031d10       sf_debug_cc_initialize_chart 0000000180032d10 f   sfc_debug:sfdb_coverage.obj
 0001:00032700       sf_debug_cc_initialize_instance 0000000180033700 f   sfc_debug:sfdb_coverage.obj
 0001:00033500       sf_debug_cc_terminate      0000000180034500 f   sfc_debug:sfdb_coverage.obj
 0001:000335f0       sf_debug_cc_set_transition_maps 00000001800345f0 f   sfc_debug:sfdb_coverage.obj
 0001:00033720       sf_debug_cc_set_state_maps 0000000180034720 f   sfc_debug:sfdb_coverage.obj
 0001:00033800       sf_debug_cc_set_transition_weights 0000000180034800 f   sfc_debug:sfdb_coverage.obj
 0001:00033ad0       sf_debug_cc_set_state_weights 0000000180034ad0 f   sfc_debug:sfdb_coverage.obj
 0001:00033db0       sf_debug_cc_mark_transition_guard 0000000180034db0 f   sfc_debug:sfdb_coverage.obj
 0001:00033ed0       sf_debug_cc_mark_transition_trigger 0000000180034ed0 f   sfc_debug:sfdb_coverage.obj
 0001:00033ff0       sf_debug_cc_mark_transition_decision 0000000180034ff0 f   sfc_debug:sfdb_coverage.obj
 0001:00034060       sf_debug_cc_mark_transition_condition_action 0000000180035060 f   sfc_debug:sfdb_coverage.obj
 0001:00034130       sf_debug_cc_mark_transition_transition_action 0000000180035130 f   sfc_debug:sfdb_coverage.obj
 0001:00034200       sf_debug_cc_mark_state_entry 0000000180035200 f   sfc_debug:sfdb_coverage.obj
 0001:000342d0       sf_debug_cc_mark_state_during 00000001800352d0 f   sfc_debug:sfdb_coverage.obj
 0001:000343a0       sf_debug_cc_mark_state_exit 00000001800353a0 f   sfc_debug:sfdb_coverage.obj
 0001:00034c60       sf_debug_cc_get_coverage   0000000180035c60 f   sfc_debug:sfdb_coverage.obj
 0001:000351f0       sf_debug_bm_clear_script_breakpoints 00000001800361f0 f   sfc_debug:sfdb_breakpoints.obj
 0001:00035220       sf_debug_bm_set_script_breakpoint 0000000180036220 f   sfc_debug:sfdb_breakpoints.obj
 0001:000352a0       sf_debug_bm_clear_single_script_breakpoint 00000001800362a0 f   sfc_debug:sfdb_breakpoints.obj
 0001:00035320       sf_debug_bm_query_script_breakpoint 0000000180036320 f   sfc_debug:sfdb_breakpoints.obj
 0001:00035370       sf_debug_bm_initialize_scripts 0000000180036370 f   sfc_debug:sfdb_breakpoints.obj
 0001:00035a90       sf_debug_bm_terminate      0000000180036a90 f   sfc_debug:sfdb_breakpoints.obj
 0001:00035d90       sf_debug_bm_remove_all_breakpoints_in_machine 0000000180036d90 f   sfc_debug:sfdb_breakpoints.obj
 0001:00035e00       sf_debug_bm_remove_all_breakpoints_in_chart 0000000180036e00 f   sfc_debug:sfdb_breakpoints.obj
 0001:00035f50       sf_debug_bm_initialize_global_breakpoints 0000000180036f50 f   sfc_debug:sfdb_breakpoints.obj
 0001:000360d0       sf_debug_bm_set_breakpoint 00000001800370d0 f   sfc_debug:sfdb_breakpoints.obj
 0001:000366d0       sf_debug_bm_set_eml_breakpoint 00000001800376d0 f   sfc_debug:sfdb_breakpoints.obj
 0001:00036770       sf_debug_bm_initialize_machine_breakpoint_map 0000000180037770 f   sfc_debug:sfdb_breakpoints.obj
 0001:00036c60       sf_debug_bm_is_a_breakpoint 0000000180037c60 f   sfc_debug:sfdb_breakpoints.obj
 0001:00037180       sf_debug_bm_get_all_breakpoints_in_machine 0000000180038180 f   sfc_debug:sfdb_breakpoints.obj
 0001:00037480       sf_debug_bm_get_all_breakpoints_in_chart 0000000180038480 f   sfc_debug:sfdb_breakpoints.obj
 0001:00038130       sf_debug_bm_initialize_machine 0000000180039130 f   sfc_debug:sfdb_breakpoints.obj
 0001:00038200       sf_debug_bm_initialize_chart 0000000180039200 f   sfc_debug:sfdb_breakpoints.obj
 0001:00038740       sf_debug_sc_terminate      0000000180039740 f   sfc_debug:sfdb_state_consistency.obj
 0001:00038a70       sf_debug_sc_is_chart_consistent 0000000180039a70 f   sfc_debug:sfdb_state_consistency.obj
 0001:00038d10       sf_debug_sc_get_consistency_error_info 0000000180039d10 f   sfc_debug:sfdb_state_consistency.obj
 0001:00039140       sf_debug_tm_terminate      000000018003a140 f   sfc_debug:sfdb_call_stack.obj
 0001:00039200       sf_debug_tm_push_chart_instance 000000018003a200 f   sfc_debug:sfdb_call_stack.obj
 0001:00039360       sf_debug_tm_pop_chart_instance 000000018003a360 f   sfc_debug:sfdb_call_stack.obj
 0001:000393c0       sf_debug_tm_push_trace_node 000000018003a3c0 f   sfc_debug:sfdb_call_stack.obj
 0001:00039550       sf_debug_tm_pop_trace_node 000000018003a550 f   sfc_debug:sfdb_call_stack.obj
 0001:000395d0       sf_debug_tm_get_current_global_trace_index 000000018003a5d0 f   sfc_debug:sfdb_call_stack.obj
 0001:000395e0       sf_debug_tm_get_current_local_trace_index 000000018003a5e0 f   sfc_debug:sfdb_call_stack.obj
 0001:00039610       sf_debug_tm_set_cycle_detected_flag 000000018003a610 f   sfc_debug:sfdb_call_stack.obj
 0001:00039650       sf_debug_tm_set_cycle_started_flag 000000018003a650 f   sfc_debug:sfdb_call_stack.obj
 0001:00039690       sf_debug_tm_get_chart_number_from_stack 000000018003a690 f   sfc_debug:sfdb_call_stack.obj
 0001:00039870       sf_debug_tm_browse_trace   000000018003a870 f   sfc_debug:sfdb_call_stack.obj
 0001:00039ba0       sf_debug_cd_initialize_instance 000000018003aba0 f   sfc_debug:sfdb_cycle_detection.obj
 0001:00039e50       sf_debug_cd_mark_processed_transition_in_instance 000000018003ae50 f   sfc_debug:sfdb_cycle_detection.obj
 0001:00039ef0       sf_debug_cd_checksum_push  000000018003aef0 f   sfc_debug:sfdb_cycle_detection.obj
 0001:0003a1b0       sf_debug_cd_checksum_pop   000000018003b1b0 f   sfc_debug:sfdb_cycle_detection.obj
 0001:0003a220       sf_debug_cd_turn_off_cycle_detection 000000018003b220 f   sfc_debug:sfdb_cycle_detection.obj
 0001:0003a270       sf_debug_cd_terminate      000000018003b270 f   sfc_debug:sfdb_cycle_detection.obj
 0001:0003a4b0       md5_initialize_state       000000018003b4b0 f   sfc_debug:ckmd5.obj
 0001:0003b030       md5_update_state           000000018003c030 f   sfc_debug:ckmd5.obj
 0001:0003b110       md5_get_hash               000000018003c110 f   sfc_debug:ckmd5.obj
 0001:0003b140       md5_get_hash_for_a_single_string 000000018003c140 f   sfc_debug:ckmd5.obj
 0001:0003b29a       mxGetPr                    000000018003c29a f   libmx:libmx.dll
 0001:0003b2a0       mxCreateDoubleScalar       000000018003c2a0 f   libmx:libmx.dll
 0001:0003b2a6       mxSetField_730             000000018003c2a6 f   libmx:libmx.dll
 0001:0003b2ac       mxCreateDoubleMatrix_730   000000018003c2ac f   libmx:libmx.dll
 0001:0003b2b2       mxCreateStructMatrix_730   000000018003c2b2 f   libmx:libmx.dll
 0001:0003b2b8       mxDestroyArray             000000018003c2b8 f   libmx:libmx.dll
 0001:0003b2be       mxCreateString             000000018003c2be f   libmx:libmx.dll
 0001:0003b2c4       mxDuplicateArray           000000018003c2c4 f   libmx:libmx.dll
 0001:0003b2ca       mxGetString_730            000000018003c2ca f   libmx:libmx.dll
 0001:0003b2d0       mxIsChar                   000000018003c2d0 f   libmx:libmx.dll
 0001:0003b2d6       mxGetClassID               000000018003c2d6 f   libmx:libmx.dll
 0001:0003b2dc       mxIsNumeric                000000018003c2dc f   libmx:libmx.dll
 0001:0003b2e2       mxIsComplex                000000018003c2e2 f   libmx:libmx.dll
 0001:0003b2e8       mxGetN                     000000018003c2e8 f   libmx:libmx.dll
 0001:0003b2ee       mxGetM                     000000018003c2ee f   libmx:libmx.dll
 0001:0003b2f4       mxCalloc                   000000018003c2f4 f   libmx:libmx.dll
 0001:0003b2fa       mxGetScalar                000000018003c2fa f   libmx:libmx.dll
 0001:0003b300       mxIsLogical                000000018003c300 f   libmx:libmx.dll
 0001:0003b306       mxCreateDoubleMatrix_700   000000018003c306 f   libmx:libmx.dll
 0001:0003b30c       mxFree                     000000018003c30c f   libmx:libmx.dll
 0001:0003b312       mxArrayToString            000000018003c312 f   libmx:libmx.dll
 0001:0003b318       mxCreateCellMatrix_700     000000018003c318 f   libmx:libmx.dll
 0001:0003b31e       mxSetCell_700              000000018003c31e f   libmx:libmx.dll
 0001:0003b324       mxGetCell_700              000000018003c324 f   libmx:libmx.dll
 0001:0003b32a       mxGetClassName             000000018003c32a f   libmx:libmx.dll
 0001:0003b330       mxSetField_700             000000018003c330 f   libmx:libmx.dll
 0001:0003b336       mxAddField                 000000018003c336 f   libmx:libmx.dll
 0001:0003b33c       mxGetField_700             000000018003c33c f   libmx:libmx.dll
 0001:0003b342       mxGetNumberOfElements      000000018003c342 f   libmx:libmx.dll
 0001:0003b348       mxIsStruct                 000000018003c348 f   libmx:libmx.dll
 0001:0003b34e       mxIsClass                  000000018003c34e f   libmx:libmx.dll
 0001:0003b354       mxGetLogicals              000000018003c354 f   libmx:libmx.dll
 0001:0003b35a       mxIsSparse                 000000018003c35a f   libmx:libmx.dll
 0001:0003b360       mxSetFieldByNumber_700     000000018003c360 f   libmx:libmx.dll
 0001:0003b366       mxGetFieldByNumber_700     000000018003c366 f   libmx:libmx.dll
 0001:0003b36c       mxGetFieldNameByNumber     000000018003c36c f   libmx:libmx.dll
 0001:0003b372       mxGetNumberOfFields        000000018003c372 f   libmx:libmx.dll
 0001:0003b378       mxCreateStructMatrix_700   000000018003c378 f   libmx:libmx.dll
 0001:0003b37e       mxGetFieldNumber           000000018003c37e f   libmx:libmx.dll
 0001:0003b384       mxIsNaN                    000000018003c384 f   libmx:libmx.dll
 0001:0003b38a       mxIsEmpty                  000000018003c38a f   libmx:libmx.dll
 0001:0003b390       mxGetData                  000000018003c390 f   libmx:libmx.dll
 0001:0003b396       mxGetImagData              000000018003c396 f   libmx:libmx.dll
 0001:0003b39c       mxArrayClassIDName         000000018003c39c f   libmx:libmx.dll
 0001:0003b3a2       mxCreateNumericMatrix_700  000000018003c3a2 f   libmx:libmx.dll
 0001:0003b3a8       mxCreateStructArray_700    000000018003c3a8 f   libmx:libmx.dll
 0001:0003b3ae       mxCalcSingleSubscript_700  000000018003c3ae f   libmx:libmx.dll
 0001:0003b3b4       mxGetDimensions_700        000000018003c3b4 f   libmx:libmx.dll
 0001:0003b3ba       mxGetNumberOfDimensions_700 000000018003c3ba f   libmx:libmx.dll
 0001:0003b3c0       mxCreateNumericArray_700   000000018003c3c0 f   libmx:libmx.dll
 0001:0003b3c6       mxGetElementSize           000000018003c3c6 f   libmx:libmx.dll
 0001:0003b3cc       mxCreateStringFromNChars_700 000000018003c3cc f   libmx:libmx.dll
 0001:0003b3d2       mxGetString_700            000000018003c3d2 f   libmx:libmx.dll
 0001:0003b3d8       mxIsLogicalScalarTrue      000000018003c3d8 f   libmx:libmx.dll
 0001:0003b3de       mxCreateLogicalScalar      000000018003c3de f   libmx:libmx.dll
 0001:0003b3e4       mexUnlock                  000000018003c3e4 f   libmex:libmex.dll
 0001:0003b3ea       mexIsLocked                000000018003c3ea f   libmex:libmex.dll
 0001:0003b3f0       mexWarnMsgTxt              000000018003c3f0 f   libmex:libmex.dll
 0001:0003b3f6       mexCallMATLAB              000000018003c3f6 f   libmex:libmex.dll
 0001:0003b3fc       mexErrMsgTxt               000000018003c3fc f   libmex:libmex.dll
 0001:0003b402       mexSetTrapFlag             000000018003c402 f   libmex:libmex.dll
 0001:0003b408       mexMakeArrayPersistent     000000018003c408 f   libmex:libmex.dll
 0001:0003b40e       mexPutVariable             000000018003c40e f   libmex:libmex.dll
 0001:0003b414       mexGetVariable             000000018003c414 f   libmex:libmex.dll
 0001:0003b41a       mexLock                    000000018003c41a f   libmex:libmex.dll
 0001:0003b420       mexMakeMemoryPersistent    000000018003c420 f   libmex:libmex.dll
 0001:0003b426       mexFunctionName            000000018003c426 f   libmex:libmex.dll
 0001:0003b42c       ssRegisterDataTypeFxpFSlopeFixExpBias 000000018003c42c f   libfixedpoint:libfixedpoint.dll
 0001:0003b432       utVSNprintf                000000018003c432 f   libut:libut.dll
 0001:0003b438       utCPUtime                  000000018003c438 f   libut:libut.dll
 0001:0003b43e       utFree                     000000018003c43e f   libut:libut.dll
 0001:0003b444       utMalloc                   000000018003c444 f   libut:libut.dll
 0001:0003b44a       emlrtCheckBuiltInR2009a    000000018003c44a f   libemlrt:libemlrt.dll
 0001:0003b450       emlrtCheckVsBuiltInR2009a  000000018003c450 f   libemlrt:libemlrt.dll
 0001:0003b456       emlrtCheckEnumR2009a       000000018003c456 f   libemlrt:libemlrt.dll
 0001:0003b45c       emlrtCreateEnumR2010a      000000018003c45c f   libemlrt:libemlrt.dll
 0001:0003b462       emlrtGetEnumElementR2009a  000000018003c462 f   libemlrt:libemlrt.dll
 0001:0003b468       emlrtImportVsFiArrayR2009b 000000018003c468 f   libemlrt:libemlrt.dll
 0001:0003b46e       emlrtGetEnumUnderlyingArrayR2009a 000000018003c46e f   libemlrt:libemlrt.dll
 0001:0003b474       emlrtIsEnumR2009a          000000018003c474 f   libemlrt:libemlrt.dll
 0001:0003b47c       __GSHandlerCheckCommon     000000018003c47c f   MSVCRT:gshandler.obj
 0001:0003b4e0       __GSHandlerCheck           000000018003c4e0 f   MSVCRT:gshandler.obj
 0001:0003b4fe       strlen                     000000018003c4fe f   MSVCRT:MSVCR100.dll
 0001:0003b520       __security_check_cookie    000000018003c520 f   MSVCRT:amdsecgs.obj
 0001:0003b540       memset                     000000018003c540 f   MSVCRT:MSVCR100.dll
 0001:0003b546       malloc                     000000018003c546 f   MSVCRT:MSVCR100.dll
 0001:0003b54c       free                       000000018003c54c f   MSVCRT:MSVCR100.dll
 0001:0003b552       strcmp                     000000018003c552 f   MSVCRT:MSVCR100.dll
 0001:0003b558       sprintf                    000000018003c558 f   MSVCRT:MSVCR100.dll
 0001:0003b55e       strcat                     000000018003c55e f   MSVCRT:MSVCR100.dll
 0001:0003b564       memcpy                     000000018003c564 f   MSVCRT:MSVCR100.dll
 0001:0003b56c       NtCurrentTeb               000000018003c56c f i MSVCRT:crtdll.obj
 0001:0003b5d8       _CRT_INIT                  000000018003c5d8 f   MSVCRT:crtdll.obj
 0001:0003b970       _DllMainCRTStartup         000000018003c970 f   MSVCRT:crtdll.obj
 0001:0003b9ae       strncpy                    000000018003c9ae f   MSVCRT:MSVCR100.dll
 0001:0003b9d0       __chkstk                   000000018003c9d0 f   MSVCRT:chkstk.obj
 0001:0003b9d0       _alloca_probe              000000018003c9d0     MSVCRT:chkstk.obj
 0001:0003ba1e       longjmp                    000000018003ca1e f   MSVCRT:MSVCR100.dll
 0001:0003ba24       strncmp                    000000018003ca24 f   MSVCRT:MSVCR100.dll
 0001:0003ba2a       ceil                       000000018003ca2a f   MSVCRT:MSVCR100.dll
 0001:0003ba30       strrchr                    000000018003ca30 f   MSVCRT:MSVCR100.dll
 0001:0003ba36       _setjmp                    000000018003ca36 f   MSVCRT:MSVCR100.dll
 0001:0003ba3c       calloc                     000000018003ca3c f   MSVCRT:MSVCR100.dll
 0001:0003ba42       realloc                    000000018003ca42 f   MSVCRT:MSVCR100.dll
 0001:0003ba48       ldexp                      000000018003ca48 f   MSVCRT:MSVCR100.dll
 0001:0003ba50       __report_gsfailure         000000018003ca50 f   MSVCRT:gs_report.obj
 0001:0003bb9c       __clean_type_info_names    000000018003cb9c f   MSVCRT:tncleanup.obj
 0001:0003bba8       _onexit                    000000018003cba8 f   MSVCRT:atonexit.obj
 0001:0003bc58       atexit                     000000018003cc58 f   MSVCRT:atonexit.obj
 0001:0003bc70       _RTC_Initialize            000000018003cc70 f   MSVCRT:_initsect_.obj
 0001:0003bca8       _RTC_Terminate             000000018003cca8 f   MSVCRT:_initsect_.obj
 0001:0003bce0       _malloc_crt                000000018003cce0 f   MSVCRT:MSVCR100.dll
 0001:0003bcf0       _ValidateImageBase         000000018003ccf0 f   MSVCRT:pesect.obj
 0001:0003bd20       _FindPESection             000000018003cd20 f   MSVCRT:pesect.obj
 0001:0003bd70       _IsNonwritableInCurrentImage 000000018003cd70 f   MSVCRT:pesect.obj
 0001:0003bdb2       _initterm                  000000018003cdb2 f   MSVCRT:MSVCR100.dll
 0001:0003bdb8       _initterm_e                000000018003cdb8 f   MSVCRT:MSVCR100.dll
 0001:0003bdbe       _encoded_null              000000018003cdbe f   MSVCRT:MSVCR100.dll
 0001:0003bdc4       _amsg_exit                 000000018003cdc4 f   MSVCRT:MSVCR100.dll
 0001:0003bdca       __C_specific_handler       000000018003cdca f   MSVCRT:MSVCR100.dll
 0001:0003bdd0       __CppXcptFilter            000000018003cdd0 f   MSVCRT:MSVCR100.dll
 0001:0003bdd8       DllMain                    000000018003cdd8 f   MSVCRT:dllmain.obj
 0001:0003bdfc       __security_init_cookie     000000018003cdfc f   MSVCRT:gs_support.obj
 0001:0003beb0       __crt_debugger_hook        000000018003ceb0 f   MSVCRT:MSVCR100.dll
 0001:0003beb6       __clean_type_info_names_internal 000000018003ceb6 f   MSVCRT:MSVCR100.dll
 0001:0003bebc       _unlock                    000000018003cebc f   MSVCRT:MSVCR100.dll
 0001:0003bec2       __dllonexit                000000018003cec2 f   MSVCRT:MSVCR100.dll
 0001:0003bec8       _lock                      000000018003cec8 f   MSVCRT:MSVCR100.dll
 0001:0003bece       EncodePointer              000000018003cece f   kernel32:KERNEL32.dll
 0001:0003bed4       DecodePointer              000000018003ced4 f   kernel32:KERNEL32.dll
 0001:0003beda       Sleep                      000000018003ceda f   kernel32:KERNEL32.dll
 0001:0003bee0       TerminateProcess           000000018003cee0 f   kernel32:KERNEL32.dll
 0001:0003bee6       GetCurrentProcess          000000018003cee6 f   kernel32:KERNEL32.dll
 0001:0003beec       UnhandledExceptionFilter   000000018003ceec f   kernel32:KERNEL32.dll
 0001:0003bef2       SetUnhandledExceptionFilter 000000018003cef2 f   kernel32:KERNEL32.dll
 0001:0003bef8       IsDebuggerPresent          000000018003cef8 f   kernel32:KERNEL32.dll
 0001:0003befe       RtlVirtualUnwind           000000018003cefe f   kernel32:KERNEL32.dll
 0001:0003bf04       RtlLookupFunctionEntry     000000018003cf04 f   kernel32:KERNEL32.dll
 0001:0003bf0a       RtlCaptureContext          000000018003cf0a f   kernel32:KERNEL32.dll
 0001:0003bf10       DisableThreadLibraryCalls  000000018003cf10 f   kernel32:KERNEL32.dll
 0001:0003bf16       QueryPerformanceCounter    000000018003cf16 f   kernel32:KERNEL32.dll
 0001:0003bf1c       GetTickCount               000000018003cf1c f   kernel32:KERNEL32.dll
 0001:0003bf22       GetCurrentThreadId         000000018003cf22 f   kernel32:KERNEL32.dll
 0001:0003bf28       GetCurrentProcessId        000000018003cf28 f   kernel32:KERNEL32.dll
 0001:0003bf2e       GetSystemTimeAsFileTime    000000018003cf2e f   kernel32:KERNEL32.dll
 0002:00000000       __imp_GetSystemTimeAsFileTime 000000018003d000     kernel32:KERNEL32.dll
 0002:00000008       __imp_GetCurrentProcessId  000000018003d008     kernel32:KERNEL32.dll
 0002:00000010       __imp_GetCurrentThreadId   000000018003d010     kernel32:KERNEL32.dll
 0002:00000018       __imp_GetTickCount         000000018003d018     kernel32:KERNEL32.dll
 0002:00000020       __imp_QueryPerformanceCounter 000000018003d020     kernel32:KERNEL32.dll
 0002:00000028       __imp_DisableThreadLibraryCalls 000000018003d028     kernel32:KERNEL32.dll
 0002:00000030       __imp_RtlCaptureContext    000000018003d030     kernel32:KERNEL32.dll
 0002:00000038       __imp_RtlLookupFunctionEntry 000000018003d038     kernel32:KERNEL32.dll
 0002:00000040       __imp_RtlVirtualUnwind     000000018003d040     kernel32:KERNEL32.dll
 0002:00000048       __imp_IsDebuggerPresent    000000018003d048     kernel32:KERNEL32.dll
 0002:00000050       __imp_SetUnhandledExceptionFilter 000000018003d050     kernel32:KERNEL32.dll
 0002:00000058       __imp_UnhandledExceptionFilter 000000018003d058     kernel32:KERNEL32.dll
 0002:00000060       __imp_GetCurrentProcess    000000018003d060     kernel32:KERNEL32.dll
 0002:00000068       __imp_TerminateProcess     000000018003d068     kernel32:KERNEL32.dll
 0002:00000070       __imp_Sleep                000000018003d070     kernel32:KERNEL32.dll
 0002:00000078       __imp_DecodePointer        000000018003d078     kernel32:KERNEL32.dll
 0002:00000080       __imp_EncodePointer        000000018003d080     kernel32:KERNEL32.dll
 0002:00000088       \177KERNEL32_NULL_THUNK_DATA 000000018003d088     kernel32:KERNEL32.dll
 0002:00000090       __imp__onexit              000000018003d090     MSVCRT:MSVCR100.dll
 0002:00000098       __imp__lock                000000018003d098     MSVCRT:MSVCR100.dll
 0002:000000a0       __imp___dllonexit          000000018003d0a0     MSVCRT:MSVCR100.dll
 0002:000000a8       __imp__unlock              000000018003d0a8     MSVCRT:MSVCR100.dll
 0002:000000b0       __imp___clean_type_info_names_internal 000000018003d0b0     MSVCRT:MSVCR100.dll
 0002:000000b8       __imp___crt_debugger_hook  000000018003d0b8     MSVCRT:MSVCR100.dll
 0002:000000c0       __imp___CppXcptFilter      000000018003d0c0     MSVCRT:MSVCR100.dll
 0002:000000c8       __imp___C_specific_handler 000000018003d0c8     MSVCRT:MSVCR100.dll
 0002:000000d0       __imp__amsg_exit           000000018003d0d0     MSVCRT:MSVCR100.dll
 0002:000000d8       __imp__encoded_null        000000018003d0d8     MSVCRT:MSVCR100.dll
 0002:000000e0       __imp__initterm_e          000000018003d0e0     MSVCRT:MSVCR100.dll
 0002:000000e8       __imp__initterm            000000018003d0e8     MSVCRT:MSVCR100.dll
 0002:000000f0       __imp__malloc_crt          000000018003d0f0     MSVCRT:MSVCR100.dll
 0002:000000f8       __imp_ldexp                000000018003d0f8     MSVCRT:MSVCR100.dll
 0002:00000100       __imp_realloc              000000018003d100     MSVCRT:MSVCR100.dll
 0002:00000108       __imp_calloc               000000018003d108     MSVCRT:MSVCR100.dll
 0002:00000110       __imp__setjmp              000000018003d110     MSVCRT:MSVCR100.dll
 0002:00000118       __imp_strrchr              000000018003d118     MSVCRT:MSVCR100.dll
 0002:00000120       __imp_ceil                 000000018003d120     MSVCRT:MSVCR100.dll
 0002:00000128       __imp_strncmp              000000018003d128     MSVCRT:MSVCR100.dll
 0002:00000130       __imp_longjmp              000000018003d130     MSVCRT:MSVCR100.dll
 0002:00000138       __imp_strncpy              000000018003d138     MSVCRT:MSVCR100.dll
 0002:00000140       __imp_memcpy               000000018003d140     MSVCRT:MSVCR100.dll
 0002:00000148       __imp_strcat               000000018003d148     MSVCRT:MSVCR100.dll
 0002:00000150       __imp_sprintf              000000018003d150     MSVCRT:MSVCR100.dll
 0002:00000158       __imp_strcmp               000000018003d158     MSVCRT:MSVCR100.dll
 0002:00000160       __imp_free                 000000018003d160     MSVCRT:MSVCR100.dll
 0002:00000168       __imp_malloc               000000018003d168     MSVCRT:MSVCR100.dll
 0002:00000170       __imp_memset               000000018003d170     MSVCRT:MSVCR100.dll
 0002:00000178       __imp_strlen               000000018003d178     MSVCRT:MSVCR100.dll
 0002:00000180       \177MSVCR100_NULL_THUNK_DATA 000000018003d180     MSVCRT:MSVCR100.dll
 0002:00000188       __imp_emlrtIsEnumR2009a    000000018003d188     libemlrt:libemlrt.dll
 0002:00000190       __imp_emlrtGetEnumUnderlyingArrayR2009a 000000018003d190     libemlrt:libemlrt.dll
 0002:00000198       __imp_emlrtImportVsFiArrayR2009b 000000018003d198     libemlrt:libemlrt.dll
 0002:000001a0       __imp_emlrtGetEnumElementR2009a 000000018003d1a0     libemlrt:libemlrt.dll
 0002:000001a8       __imp_emlrtCreateEnumR2010a 000000018003d1a8     libemlrt:libemlrt.dll
 0002:000001b0       __imp_emlrtCheckEnumR2009a 000000018003d1b0     libemlrt:libemlrt.dll
 0002:000001b8       __imp_emlrtCheckVsBuiltInR2009a 000000018003d1b8     libemlrt:libemlrt.dll
 0002:000001c0       __imp_emlrtCheckBuiltInR2009a 000000018003d1c0     libemlrt:libemlrt.dll
 0002:000001c8       \177libemlrt_NULL_THUNK_DATA 000000018003d1c8     libemlrt:libemlrt.dll
 0002:000001d0       __imp_ssRegisterDataTypeFxpFSlopeFixExpBias 000000018003d1d0     libfixedpoint:libfixedpoint.dll
 0002:000001d8       \177libfixedpoint_NULL_THUNK_DATA 000000018003d1d8     libfixedpoint:libfixedpoint.dll
 0002:000001e0       __imp_mexErrMsgTxt         000000018003d1e0     libmex:libmex.dll
 0002:000001e8       __imp_mexIsLocked          000000018003d1e8     libmex:libmex.dll
 0002:000001f0       __imp_mexMakeArrayPersistent 000000018003d1f0     libmex:libmex.dll
 0002:000001f8       __imp_mexPutVariable       000000018003d1f8     libmex:libmex.dll
 0002:00000200       __imp_mexCallMATLAB        000000018003d200     libmex:libmex.dll
 0002:00000208       __imp_mexLock              000000018003d208     libmex:libmex.dll
 0002:00000210       __imp_mexMakeMemoryPersistent 000000018003d210     libmex:libmex.dll
 0002:00000218       __imp_mexFunctionName      000000018003d218     libmex:libmex.dll
 0002:00000220       __imp_mexGetVariable       000000018003d220     libmex:libmex.dll
 0002:00000228       __imp_mexWarnMsgTxt        000000018003d228     libmex:libmex.dll
 0002:00000230       __imp_mexUnlock            000000018003d230     libmex:libmex.dll
 0002:00000238       __imp_mexSetTrapFlag       000000018003d238     libmex:libmex.dll
 0002:00000240       \177libmex_NULL_THUNK_DATA 000000018003d240     libmex:libmex.dll
 0002:00000248       __imp_mxIsClass            000000018003d248     libmx:libmx.dll
 0002:00000250       __imp_mxCreateDoubleScalar 000000018003d250     libmx:libmx.dll
 0002:00000258       __imp_mxSetField_730       000000018003d258     libmx:libmx.dll
 0002:00000260       __imp_mxCreateDoubleMatrix_730 000000018003d260     libmx:libmx.dll
 0002:00000268       __imp_mxCreateStructMatrix_730 000000018003d268     libmx:libmx.dll
 0002:00000270       __imp_mxCreateLogicalScalar 000000018003d270     libmx:libmx.dll
 0002:00000278       __imp_mxIsLogicalScalarTrue 000000018003d278     libmx:libmx.dll
 0002:00000280       __imp_mxGetString_700      000000018003d280     libmx:libmx.dll
 0002:00000288       __imp_mxCreateStringFromNChars_700 000000018003d288     libmx:libmx.dll
 0002:00000290       __imp_mxGetElementSize     000000018003d290     libmx:libmx.dll
 0002:00000298       __imp_mxCreateNumericArray_700 000000018003d298     libmx:libmx.dll
 0002:000002a0       __imp_mxGetNumberOfDimensions_700 000000018003d2a0     libmx:libmx.dll
 0002:000002a8       __imp_mxGetDimensions_700  000000018003d2a8     libmx:libmx.dll
 0002:000002b0       __imp_mxCalcSingleSubscript_700 000000018003d2b0     libmx:libmx.dll
 0002:000002b8       __imp_mxCreateStructArray_700 000000018003d2b8     libmx:libmx.dll
 0002:000002c0       __imp_mxCreateNumericMatrix_700 000000018003d2c0     libmx:libmx.dll
 0002:000002c8       __imp_mxArrayClassIDName   000000018003d2c8     libmx:libmx.dll
 0002:000002d0       __imp_mxGetImagData        000000018003d2d0     libmx:libmx.dll
 0002:000002d8       __imp_mxGetData            000000018003d2d8     libmx:libmx.dll
 0002:000002e0       __imp_mxIsEmpty            000000018003d2e0     libmx:libmx.dll
 0002:000002e8       __imp_mxIsNaN              000000018003d2e8     libmx:libmx.dll
 0002:000002f0       __imp_mxGetFieldNumber     000000018003d2f0     libmx:libmx.dll
 0002:000002f8       __imp_mxCreateStructMatrix_700 000000018003d2f8     libmx:libmx.dll
 0002:00000300       __imp_mxGetNumberOfFields  000000018003d300     libmx:libmx.dll
 0002:00000308       __imp_mxGetFieldNameByNumber 000000018003d308     libmx:libmx.dll
 0002:00000310       __imp_mxGetFieldByNumber_700 000000018003d310     libmx:libmx.dll
 0002:00000318       __imp_mxSetFieldByNumber_700 000000018003d318     libmx:libmx.dll
 0002:00000320       __imp_mxIsSparse           000000018003d320     libmx:libmx.dll
 0002:00000328       __imp_mxGetLogicals        000000018003d328     libmx:libmx.dll
 0002:00000330       __imp_mxGetPr              000000018003d330     libmx:libmx.dll
 0002:00000338       __imp_mxIsStruct           000000018003d338     libmx:libmx.dll
 0002:00000340       __imp_mxGetNumberOfElements 000000018003d340     libmx:libmx.dll
 0002:00000348       __imp_mxGetField_700       000000018003d348     libmx:libmx.dll
 0002:00000350       __imp_mxAddField           000000018003d350     libmx:libmx.dll
 0002:00000358       __imp_mxSetField_700       000000018003d358     libmx:libmx.dll
 0002:00000360       __imp_mxGetClassName       000000018003d360     libmx:libmx.dll
 0002:00000368       __imp_mxGetCell_700        000000018003d368     libmx:libmx.dll
 0002:00000370       __imp_mxSetCell_700        000000018003d370     libmx:libmx.dll
 0002:00000378       __imp_mxCreateCellMatrix_700 000000018003d378     libmx:libmx.dll
 0002:00000380       __imp_mxArrayToString      000000018003d380     libmx:libmx.dll
 0002:00000388       __imp_mxFree               000000018003d388     libmx:libmx.dll
 0002:00000390       __imp_mxCreateDoubleMatrix_700 000000018003d390     libmx:libmx.dll
 0002:00000398       __imp_mxIsLogical          000000018003d398     libmx:libmx.dll
 0002:000003a0       __imp_mxGetScalar          000000018003d3a0     libmx:libmx.dll
 0002:000003a8       __imp_mxCalloc             000000018003d3a8     libmx:libmx.dll
 0002:000003b0       __imp_mxGetM               000000018003d3b0     libmx:libmx.dll
 0002:000003b8       __imp_mxGetN               000000018003d3b8     libmx:libmx.dll
 0002:000003c0       __imp_mxIsComplex          000000018003d3c0     libmx:libmx.dll
 0002:000003c8       __imp_mxIsNumeric          000000018003d3c8     libmx:libmx.dll
 0002:000003d0       __imp_mxGetClassID         000000018003d3d0     libmx:libmx.dll
 0002:000003d8       __imp_mxIsChar             000000018003d3d8     libmx:libmx.dll
 0002:000003e0       __imp_mxGetString_730      000000018003d3e0     libmx:libmx.dll
 0002:000003e8       __imp_mxDuplicateArray     000000018003d3e8     libmx:libmx.dll
 0002:000003f0       __imp_mxCreateString       000000018003d3f0     libmx:libmx.dll
 0002:000003f8       __imp_mxDestroyArray       000000018003d3f8     libmx:libmx.dll
 0002:00000400       \177libmx_NULL_THUNK_DATA  000000018003d400     libmx:libmx.dll
 0002:00000408       __imp_utCPUtime            000000018003d408     libut:libut.dll
 0002:00000410       __imp_utMalloc             000000018003d410     libut:libut.dll
 0002:00000418       __imp_utFree               000000018003d418     libut:libut.dll
[...]
 0001:000103f0       check_input_mxarray        00000001800113f0 f   sfc_mex:sfc_mex.obj
 0001:00010b90       sf_numeric_value_to_double 0000000180011b90 f   sfc_mex:sfc_mex.obj
 0001:00010be0       ml_generic_out_of_bounds_check 0000000180011be0 f   sfc_mex:sfc_mex.obj
 0001:00010d30       ml_get_element_value_from_array 0000000180011d30 f   sfc_mex:sfc_mex.obj
 0001:00011030       _ml_generic_castability_check 0000000180012030 f   sfc_mex:sfc_mex.obj
 0001:00011c00       ml_generic_castability_check 0000000180012c00 f   sfc_mex:sfc_mex.obj
 0001:00011ca0       ml_check_mx_array_for_single_castability 0000000180012ca0 f   sfc_mex:sfc_mex.obj
 0001:00011d40       ml_check_mx_array_for_logical_castability 0000000180012d40 f   sfc_mex:sfc_mex.obj
 0001:00011de0       ml_check_mx_array_for_int8_castability 0000000180012de0 f   sfc_mex:sfc_mex.obj
 0001:00011e90       ml_check_mx_array_for_uint8_castability 0000000180012e90 f   sfc_mex:sfc_mex.obj
 0001:00011f30       ml_check_mx_array_for_int16_castability 0000000180012f30 f   sfc_mex:sfc_mex.obj
 0001:00011fd0       ml_check_mx_array_for_uint16_castability 0000000180012fd0 f   sfc_mex:sfc_mex.obj
 0001:00012070       ml_check_mx_array_for_int32_castability 0000000180013070 f   sfc_mex:sfc_mex.obj
 0001:00012110       ml_check_mx_array_for_uint32_castability 0000000180013110 f   sfc_mex:sfc_mex.obj
 0001:000121b0       ml_check_mx_array_for_castability 00000001800131b0 f   sfc_mex:sfc_mex.obj
 0001:00012980       set_data_value             0000000180013980 f   sfc_mex:sfc_mex.obj
 0001:00012cd0       get_data_value             0000000180013cd0 f   sfc_mex:sfc_mex.obj
 0001:00012dc0       get_next_element_address   0000000180013dc0 f   sfc_mex:sfc_mex.obj
 0001:00012e90       sf_normalize_index         0000000180013e90 f   sfc_mex:sfc_mex.obj
 0001:00013220       ml_array_index_bound_check 0000000180014220 f   sfc_mex:sfc_mex.obj
 0001:00013e30       mx_value                   0000000180014e30 f   sfc_mex:sfc_mex.obj
 0001:00013e80       sf_create_numeric_array    0000000180014e80 f   sfc_mex:sfc_mex.obj
 0001:00013f20       sf_mex_assign_to_mx_array  0000000180014f20 f   sfc_mex:sfc_mex.obj
 0001:00014890       assign_from_mx_array       0000000180015890 f   sfc_mex:sfc_mex.obj
 0001:00015b10       get_machine_and_chart_file_number 0000000180016b10 f   sfc_mex:sfc_sf.obj
 0001:00015c00       get_sfun_block_specialization 0000000180016c00 f   sfc_mex:sfc_sf.obj
 0001:00015c80       call_sf_machine_global_method_dispatcher 0000000180016c80 f   sfc_mex:sfc_sf.obj
 0001:00015ef0       mdl_zeroCrossings_processing 0000000180016ef0 f   sfc_mex:sfc_sf.obj
 0001:00015fc0       mdl_derivatives_processing 0000000180016fc0 f   sfc_mex:sfc_sf.obj
 0001:00016280       mdl_outputs_continuous_legacy 0000000180017280 f   sfc_mex:sfc_sf.obj
 0001:00016300       mdl_outputs_processing     0000000180017300 f   sfc_mex:sfc_sf.obj
 0001:00016600       mdl_enable_processing      0000000180017600 f   sfc_mex:sfc_sf.obj
 0001:000166d0       mdl_disable_processing     00000001800176d0 f   sfc_mex:sfc_sf.obj
 0001:000171c0       write_symbol_mapping       00000001800181c0 f   sfc_mex:sfc_sf.obj
 0001:00017940       sf_call_output_fcn_enable_disable 0000000180018940 f   sfc_mex:sfc_sf.obj
 0001:00017bc0       set_dwork_information_from_mx_array 0000000180018bc0 f   sfc_mex:sfc_sf.obj
 0001:00018340       get_dwork_info_from_mat_file 0000000180019340 f   sfc_mex:sfc_sf.obj
 0001:000184f0       ptr2mxStruct               00000001800194f0 f   sfc_mex:sfc_sf.obj
 0001:00018900       SNPRINTF_WRAPPER           0000000180019900 f   sfc_debug:sfcdebug.obj
 0001:00018920       sf_debug_chart_instance_initialized_quick 0000000180019920 f   sfc_debug:sfcdebug.obj
 0001:00018930       sf_debug_chart_instance_initialized 0000000180019930 f   sfc_debug:sfcdebug.obj
 0001:00018ad0       sfrtAddSize                0000000180019ad0 f   sfc_debug:sfcdebug.obj
 0001:00018b90       sfrtGenSizeString          0000000180019b90 f   sfc_debug:sfcdebug.obj
 0001:00019310       sf_debug_sim_status_listener 000000018001a310 f   sfc_debug:sfcdebug.obj
 0001:00019880       sf_debug_form_mask_bits    000000018001a880 f   sfc_debug:sfcdebug.obj
 0001:000198c0       sf_debug_form_sf_data_type_offsets 000000018001a8c0 f   sfc_debug:sfcdebug.obj
 0001:00019980       sf_debug_free_all          000000018001a980 f   sfc_debug:sfcdebug.obj
 0001:00019b10       sf_debug_append_debugger_context 000000018001ab10 f   sfc_debug:sfcdebug.obj
 0001:00019dd0       local_strdup               000000018001add0 f   sfc_debug:sfcdebug.obj
 0001:0001acb0       sf_debug_em_terminate      000000018001bcb0 f   sfc_debug:sfcdebug.obj
 0001:0001acf0       sf_debug_push_eml_function 000000018001bcf0 f   sfc_debug:sfcdebug.obj
 0001:0001ad90       sf_debug_pop_eml_function  000000018001bd90 f   sfc_debug:sfcdebug.obj
 0001:0001ba50       sf_debug_get_machine_number_from_id_or_name 000000018001ca50 f   sfc_debug:sfcdebug.obj
 0001:0001bba0       sf_debug_get_chart_number_from_id 000000018001cba0 f   sfc_debug:sfcdebug.obj
 0001:0001c850       sf_debug_transfer_control_to_debugger_GUI 000000018001d850 f   sfc_debug:sfcdebug.obj
 0001:0001d830       sf_debug_scripts_rehash    000000018001e830 f   sfc_debug:sfcdebug.obj
 0001:0001da80       sf_debug_get_script_line_count 000000018001ea80 f   sfc_debug:sfcdebug.obj
 0001:0001e1d0       cv_eml_state_cvId          000000018001f1d0 f   sfc_debug:sfcdebug.obj
 0001:0001f6f0       sf_debug_data_array_bounds_error 00000001800206f0 f   sfc_debug:sfcdebug.obj
 0001:0001faf0       eml_debug_runtime_error_doclink 0000000180020af0 f   sfc_debug:sfcdebug.obj
 0001:0001fc60       sf_debug_runtime_error     0000000180020c60 f   sfc_debug:sfcdebug.obj
 0001:0001fcd0       sf_debug_matlab_error      0000000180020cd0 f   sfc_debug:sfcdebug.obj
 0001:00020510       sf_debug_data_value_error  0000000180021510 f   sfc_debug:sfcdebug.obj
 0001:00020dd0       sf_debug_data_loss_error   0000000180021dd0 f   sfc_debug:sfcdebug.obj
 0001:000219e0       call_cv_range_check        00000001800229e0 f   sfc_debug:sfcdebug.obj
 0001:000222d0       sf_debug_invoke_cycle_detection_code 00000001800232d0 f   sfc_debug:sfcdebug.obj
 0001:00023130       sf_reset_debug_info_struct 0000000180024130 f   sfc_debug:sfcdebug.obj
 0001:00023bf0       cv_script_cvId             0000000180024bf0 f   sfc_debug:sfcdebug.obj
 0001:00025070       sfc_api_chart_visible      0000000180026070 f   sfc_debug:sfc_api.obj
 0001:000250f0       sfc_api_active_instance    00000001800260f0 f   sfc_debug:sfc_api.obj
 0001:00025170       sfc_api_machine_load       0000000180026170 f   sfc_debug:sfc_api.obj
 0001:00025240       sfc_api_debugger_alive     0000000180026240 f   sfc_debug:sfc_api.obj
 0001:00025250       sfc_api_go                 0000000180026250 f   sfc_debug:sfc_api.obj
 0001:00025260       sfc_api_step_over          0000000180026260 f   sfc_debug:sfc_api.obj
 0001:00025270       sfc_api_step_out           0000000180026270 f   sfc_debug:sfc_api.obj
 0001:00025280       sfc_api_resume             0000000180026280 f   sfc_debug:sfc_api.obj
 0001:00025290       sfc_api_break              0000000180026290 f   sfc_debug:sfc_api.obj
 0001:000252a0       sfc_api_stop_debugging     00000001800262a0 f   sfc_debug:sfc_api.obj
 0001:000252f0       sfc_api_is_cycle_detected  00000001800262f0 f   sfc_debug:sfc_api.obj
 0001:00025340       sfc_api_is_array_bounds_detected 0000000180026340 f   sfc_debug:sfc_api.obj
 0001:00025390       sfc_api_set_disable_all_breakpoints 0000000180026390 f   sfc_debug:sfc_api.obj
 0001:00025400       sfc_api_disable_all_breakpoints_and_go 0000000180026400 f   sfc_debug:sfc_api.obj
 0001:00025410       sfc_api_close              0000000180026410 f   sfc_debug:sfc_api.obj
 0001:00025420       sfc_api_browse_data        0000000180026420 f   sfc_debug:sfc_api.obj
 0001:00025490       sfc_api_watch_data         0000000180026490 f   sfc_debug:sfc_api.obj
 0001:00025530       sfc_api_whos               0000000180026530 f   sfc_debug:sfc_api.obj
 0001:000255c0       sfc_api_get_consistency_info 00000001800265c0 f   sfc_debug:sfc_api.obj
 0001:000255d0       sfc_api_browse_trace       00000001800265d0 f   sfc_debug:sfc_api.obj
 0001:000255e0       sfc_api_break_on_chart_entry 00000001800265e0 f   sfc_debug:sfc_api.obj
 0001:00025600       sfc_api_break_on_event_broadcast 0000000180026600 f   sfc_debug:sfc_api.obj
 0001:00025620       sfc_api_break_on_state_entry 0000000180026620 f   sfc_debug:sfc_api.obj
 0001:00025640       sfc_api_set_watch          0000000180026640 f   sfc_debug:sfc_api.obj
 0001:000256e0       sfc_api_set_breakpoints    00000001800266e0 f   sfc_debug:sfc_api.obj
 0001:00025780       sfc_api_set_eml_breakpoints 0000000180026780 f   sfc_debug:sfc_api.obj
 0001:00025800       sfc_api_set_script_breakpoints 0000000180026800 f   sfc_debug:sfc_api.obj
 0001:00025850       sfc_api_add_script_breakpoints 0000000180026850 f   sfc_debug:sfc_api.obj
 0001:000258a0       sfc_api_clear_script_breakpoints 00000001800268a0 f   sfc_debug:sfc_api.obj
 0001:000258f0       sfc_api_query_script_breakpoints 00000001800268f0 f   sfc_debug:sfc_api.obj
 0001:00025950       sfc_api_get_script_id      0000000180026950 f   sfc_debug:sfc_api.obj
 0001:00025a10       sfc_api_get_active_states  0000000180026a10 f   sfc_debug:sfc_api.obj
 0001:00025a90       sfc_api_break_between_times 0000000180026a90 f   sfc_debug:sfc_api.obj
 0001:00025af0       sfc_api_get_instance_handle 0000000180026af0 f   sfc_debug:sfc_api.obj
 0001:00025ba0       sfc_api_get_coverage       0000000180026ba0 f   sfc_debug:sfc_api.obj
 0001:00025c20       sfc_api_set_animation      0000000180026c20 f   sfc_debug:sfc_api.obj
 0001:00025c70       sfc_api_select_chart       0000000180026c70 f   sfc_debug:sfc_api.obj
 0001:00025cd0       sfc_api_select_charts      0000000180026cd0 f   sfc_debug:sfc_api.obj
 0001:00025d00       sfc_api_cycle_detection_check 0000000180026d00 f   sfc_debug:sfc_api.obj
 0001:00025d50       sfc_api_data_range_check   0000000180026d50 f   sfc_debug:sfc_api.obj
 0001:00025da0       sfc_api_transition_conflict_check 0000000180026da0 f   sfc_debug:sfc_api.obj
 0001:00025df0       sfc_api_state_consistency_check 0000000180026df0 f   sfc_debug:sfc_api.obj
 0001:00025e40       sfc_api_set_instance_cv_ids 0000000180026e40 f   sfc_debug:sfc_api.obj
 0001:00025f50       sfc_api_set_script_cv_ids  0000000180026f50 f   sfc_debug:sfc_api.obj
 0001:00025ff0       sfc_api_get_current_machine_id 0000000180026ff0 f   sfc_debug:sfc_api.obj
 0001:00026020       sfc_api_get_current_machine_number 0000000180027020 f   sfc_debug:sfc_api.obj
 0001:00026050       sfc_api_get_current_chart_number 0000000180027050 f   sfc_debug:sfc_api.obj
 0001:00026080       sfc_api_get_current_instance_number 0000000180027080 f   sfc_debug:sfc_api.obj
 0001:000260b0       sfc_api_get_current_instance_handle 00000001800270b0 f   sfc_debug:sfc_api.obj
 0001:000260d0       sfc_api_get_current_is_minor_time_step 00000001800270d0 f   sfc_debug:sfc_api.obj
 0001:00026100       sfc_api_get_current_machine_name 0000000180027100 f   sfc_debug:sfc_api.obj
 0001:00026120       sfc_api_get_current_chart_id 0000000180027120 f   sfc_debug:sfc_api.obj
 0001:00026150       sfc_api_get_current_object_type 0000000180027150 f   sfc_debug:sfc_api.obj
 0001:00026180       sfc_api_get_current_event_type 0000000180027180 f   sfc_debug:sfc_api.obj
 0001:000261b0       sfc_api_get_current_object_id 00000001800271b0 f   sfc_debug:sfc_api.obj
 0001:000261e0       sfc_get_current_active_event_type 00000001800271e0 f   sfc_debug:sfc_api.obj
 0001:00026210       sfc_api_get_current_active_event_id 0000000180027210 f   sfc_debug:sfc_api.obj
 0001:00026240       sfc_api_get_current_simulation_time 0000000180027240 f   sfc_debug:sfc_api.obj
 0001:00026260       sfc_get_current_tag_type   0000000180027260 f   sfc_debug:sfc_api.obj
 0001:00026290       sfc_get_current_coverage_percentage 0000000180027290 f   sfc_debug:sfc_api.obj
 0001:000262b0       sfc_get_current_statement_context 00000001800272b0 f   sfc_debug:sfc_api.obj
 0001:000262d0       sfc_get_current_optional_integer 00000001800272d0 f   sfc_debug:sfc_api.obj
 0001:000262f0       sfc_get_current_statement_info 00000001800272f0 f   sfc_debug:sfc_api.obj
 0001:00026390       sfc_api_get                0000000180027390 f   sfc_debug:sfc_api.obj
 0001:000264f0       sf_debug_sm_is_using_unified_editors 00000001800274f0 f   sfc_debug:sfdb_animation.obj
 0001:00026590       sf_debug_sm_is_chart_visible_in_unified_editors 0000000180027590 f   sfc_debug:sfdb_animation.obj
 0001:00026650       sf_debug_sm_check_if_chart_is_visible 0000000180027650 f   sfc_debug:sfdb_animation.obj
 0001:00027260       sf_debug_sm_fill_state_activity_data 0000000180028260 f   sfc_debug:sfdb_animation.obj
 0001:00029870       sf_debug_hm_get_simulink_handle 000000018002a870 f   sfc_debug:sfdb_handle_management.obj
 0001:0002a460       sf_debug_hm_initialize_globals 000000018002b460 f   sfc_debug:sfdb_handle_management.obj
 0001:0002a560       sf_debug_hm_get_machine_debug_flag 000000018002b560 f   sfc_debug:sfdb_handle_management.obj
 0001:0002a6d0       sf_debug_hm_get_machine_id 000000018002b6d0 f   sfc_debug:sfdb_handle_management.obj
 0001:0002a7f0       sf_debug_hm_get_chart_id   000000018002b7f0 f   sfc_debug:sfdb_handle_management.obj
 0001:0002a990       sf_debug_hm_register_executing_SFunction 000000018002b990 f   sfc_debug:sfdb_handle_management.obj
 0001:0002ab20       sf_debug_hm_get_chart_active_instance 000000018002bb20 f   sfc_debug:sfdb_handle_management.obj
 0001:0002ac90       sf_debug_hm_get_chart_visibility 000000018002bc90 f   sfc_debug:sfdb_handle_management.obj
 0001:0002ade0       sf_debug_hm_form_object_boolean_properties 000000018002bde0 f   sfc_debug:sfdb_handle_management.obj
 0001:0002b0b0       sf_debug_hm_form_object_properties 000000018002c0b0 f   sfc_debug:sfdb_handle_management.obj
 0001:0002b2f0       sf_debug_hm_terminate_charts 000000018002c2f0 f   sfc_debug:sfdb_handle_management.obj
 0001:0002ba30       sf_debug_hm_terminate_machines 000000018002ca30 f   sfc_debug:sfdb_handle_management.obj
 0001:0002d530       void_ptr_stack_vector_free_total 000000018002e530 f   sfc_debug:sfdb_data_browse.obj
 0001:0002d5c0       sf_debug_st_terminate_machine 000000018002e5c0 f   sfc_debug:sfdb_data_browse.obj
 0001:0002d6f0       sf_debug_st_terminate_instance 000000018002e6f0 f   sfc_debug:sfdb_data_browse.obj
 0001:0002dba0       push_on_to_void_ptr_stack  000000018002eba0 f   sfc_debug:sfdb_data_browse.obj
 0001:0002dd30       pop_from_void_ptr_stack    000000018002ed30 f   sfc_debug:sfdb_data_browse.obj
 0001:0002de60       sf_debug_st_get_data_value 000000018002ee60 f   sfc_debug:sfdb_data_browse.obj
 0001:0002e390       mx_value                   000000018002f390 f   sfc_debug:sfdb_data_browse.obj
 0001:0002e3d0       sf_debug_st_fill_data_struct 000000018002f3d0 f   sfc_debug:sfdb_data_browse.obj
 0001:0002e710       data_type_format_strings   000000018002f710 f   sfc_debug:sfdb_data_browse.obj
 0001:0002e7c0       sf_debug_st_fill_data      000000018002f7c0 f   sfc_debug:sfdb_data_browse.obj
 0001:0002fa50       sf_debug_ss_copy_dimension 0000000180030a50 f   sfc_debug:sfdb_symbol_scope.obj
 0001:0002fb10       sf_debug_ss_get_number_elements 0000000180030b10 f   sfc_debug:sfdb_symbol_scope.obj
 0001:0002fb30       sf_debug_ss_fill_data_struct 0000000180030b30 f   sfc_debug:sfdb_symbol_scope.obj
 0001:0002fe80       sf_debug_ss_reset_data_info 0000000180030e80 f   sfc_debug:sfdb_symbol_scope.obj
 0001:0002fee0       sf_debug_fill_data_info_by_symbol_scope_entry 0000000180030ee0 f   sfc_debug:sfdb_symbol_scope.obj
 0001:0002ff90       sf_debug_fill_data_info_by_data_vector 0000000180030f90 f   sfc_debug:sfdb_symbol_scope.obj
 0001:000301d0       sf_debug_ss_get_data_info  00000001800311d0 f   sfc_debug:sfdb_symbol_scope.obj
 0001:00030600       sf_debug_ss_get_data_value 0000000180031600 f   sfc_debug:sfdb_symbol_scope.obj
 0001:00030a90       sf_debug_ss_data_bytes_string 0000000180031a90 f   sfc_debug:sfdb_symbol_scope.obj
 0001:00030b40       sf_debug_ss_data_class_string 0000000180031b40 f   sfc_debug:sfdb_symbol_scope.obj
 0001:00030ed0       sf_debug_ss_data_size_string 0000000180031ed0 f   sfc_debug:sfdb_symbol_scope.obj
 0001:00030fb0       sf_debug_ss_data_create_data_info_struct 0000000180031fb0 f   sfc_debug:sfdb_symbol_scope.obj
 0001:00031210       sf_debug_ss_data_create_name_value_pair 0000000180032210 f   sfc_debug:sfdb_symbol_scope.obj
 0001:000312b0       sf_debug_ss_data_get_whos_info 00000001800322b0 f   sfc_debug:sfdb_symbol_scope.obj
 0001:00031370       same_named_data_in_data_array 0000000180032370 f   sfc_debug:sfdb_symbol_scope.obj
 0001:00032d70       sf_debug_cc_terminate_chart 0000000180033d70 f   sfc_debug:sfdb_coverage.obj
 0001:00033110       sf_debug_cc_terminate_instance 0000000180034110 f   sfc_debug:sfdb_coverage.obj
 0001:00033d10       sf_debug_cc_mark_object_if_needed 0000000180034d10 f   sfc_debug:sfdb_coverage.obj
 0001:00034470       sf_debug_cc_fill_transition_coverage_data 0000000180035470 f   sfc_debug:sfdb_coverage.obj
 0001:00034600       sf_debug_cc_fill_transition_coverage_map 0000000180035600 f   sfc_debug:sfdb_coverage.obj
 0001:000348b0       sf_debug_cc_fill_state_coverage_map 00000001800358b0 f   sfc_debug:sfdb_coverage.obj
 0001:00034b00       sf_debug_cc_fill_state_coverage_data 0000000180035b00 f   sfc_debug:sfdb_coverage.obj
 0001:00035730       sf_debug_bm_initialize_eml 0000000180036730 f   sfc_debug:sfdb_breakpoints.obj
 0001:00036880       sf_debug_bm_map_debug_tag_to_breakpoint_tag 0000000180037880 f   sfc_debug:sfdb_breakpoints.obj
 0001:00036960       sf_debug_bm_is_a_eml_breakpoint_impl 0000000180037960 f   sfc_debug:sfdb_breakpoints.obj
 0001:000385c0       sf_debug_sc_push_on_error_stack 00000001800395c0 f   sfc_debug:sfdb_state_consistency.obj
 0001:000386f0       sf_debug_sc_reset_error_stack 00000001800396f0 f   sfc_debug:sfdb_state_consistency.obj
 0001:00038880       sf_debug_sc_is_state_inconsistent 0000000180039880 f   sfc_debug:sfdb_state_consistency.obj
 0001:00038b80       sf_debug_sc_fill_consistency_info 0000000180039b80 f   sfc_debug:sfdb_state_consistency.obj
 0001:00039130       void_assertion_fcn         000000018003a130 f   sfc_debug:sfdb_call_stack.obj
 0001:000396c0       sf_debug_tm_fill_local_trace 000000018003a6c0 f   sfc_debug:sfdb_call_stack.obj
 0001:00039c60       sf_debug_cd_terminate_instance 000000018003ac60 f   sfc_debug:sfdb_cycle_detection.obj
 0001:00039cc0       sf_debug_cd_free_checksum_stack 000000018003acc0 f   sfc_debug:sfdb_cycle_detection.obj
 0001:00039d10       sf_debug_cd_reset_pack_strings 000000018003ad10 f   sfc_debug:sfdb_cycle_detection.obj
 0001:0003a3d0       md5file_clear              000000018003b3d0 f   sfc_debug:ckmd5.obj
 0001:0003a400       Encode                     000000018003b400 f   sfc_debug:ckmd5.obj
 0001:0003a450       Decode                     000000018003b450 f   sfc_debug:ckmd5.obj
 0001:0003a4f0       MD5Transform               000000018003b4f0 f   sfc_debug:ckmd5.obj
 0001:0003ad40       md5file_addn               000000018003bd40 f   sfc_debug:ckmd5.obj
 0001:0003ae10       md5file_hash               000000018003be10 f   sfc_debug:ckmd5.obj
 0001:0003b578       pre_c_init                 000000018003c578 f   MSVCRT:crtdll.obj
 0001:0003b834       __DllMainCRTStartup        000000018003c834 f   MSVCRT:crtdll.obj
 0001:0003bf40       __DllMainCRTStartup$filt$0 000000018003cf40 f   MSVCRT:crtdll.obj
 0001:0003bf70       __DllMainCRTStartup$fin$1  000000018003cf70 f   MSVCRT:crtdll.obj
 0001:0003bf8a       _onexit$fin$0              000000018003cf8a f   MSVCRT:atonexit.obj
 0001:0003bfb0       _IsNonwritableInCurrentImage$filt$0 000000018003cfb0 f   MSVCRT:pesect.obj
