 MPC_gamecontroller_LiDAR_sfun

 Timestamp is 51a498c8 (Tue May 28 04:45:12 2013)

 Preferred load address is 0000000180000000

 Start         Length     Name                   Class
 0001:00000000 000464e4H .text                   CODE
 0001:000464f0 00000092H .text$x                 CODE
 0002:00000000 00000430H .idata$5                DATA
 0002:00000430 00000008H .CRT$XCA                DATA
 0002:00000438 00000008H .CRT$XCZ                DATA
 0002:00000440 00000008H .CRT$XIA                DATA
 0002:00000448 00000008H .CRT$XIAA               DATA
 0002:00000450 00000008H .CRT$XIZ                DATA
 0002:00000460 00004a3cH .rdata                  DATA
 0002:00004ea0 00000008H .rtc$IAA                DATA
 0002:00004ea8 00000008H .rtc$IZZ                DATA
 0002:00004eb0 00000008H .rtc$TAA                DATA
 0002:00004eb8 00000008H .rtc$TZZ                DATA
 0002:00004ec0 00004874H .xdata                  DATA
 0002:00009734 0000008cH .idata$2                DATA
 0002:000097c0 00000014H .idata$3                DATA
 0002:000097d8 00000430H .idata$4                DATA
 0002:00009c08 00000964H .idata$6                DATA
 0002:0000a570 00000063H .edata                  DATA
 0003:00000000 00004d98H .data                   DATA
 0003:00004da0 00002698H .bss                    DATA
 0004:00000000 000037e0H .pdata                  DATA

  Address         Publics by Value              Rva+Base               Lib:Object

 0000:00000000       ___safe_se_handler_count   0000000000000000     <absolute>
 0000:00000000       ___safe_se_handler_table   0000000000000000     <absolute>
 0000:00000000       __ImageBase                0000000180000000     <linker-defined>
 0001:00000000       sf_c1_MPC_gamecontroller_LiDAR_get_eml_resolved_functions_info 0000000180001000 f   c1_MPC_gamecontroller_LiDAR.obj
 0001:00000080       sf_c1_MPC_gamecontroller_LiDAR_get_check_sum 0000000180001080 f   c1_MPC_gamecontroller_LiDAR.obj
 0001:00000100       sf_c1_MPC_gamecontroller_LiDAR_get_autoinheritance_info 0000000180001100 f   c1_MPC_gamecontroller_LiDAR.obj
 0001:00000a60       c1_MPC_gamecontroller_LiDAR_method_dispatcher 0000000180001a60 f   c1_MPC_gamecontroller_LiDAR.obj
 0001:00003500       sf_c2_MPC_gamecontroller_LiDAR_get_eml_resolved_functions_info 0000000180004500 f   c2_MPC_gamecontroller_LiDAR.obj
 0001:000048a0       sf_c2_MPC_gamecontroller_LiDAR_get_check_sum 00000001800058a0 f   c2_MPC_gamecontroller_LiDAR.obj
 0001:00004920       sf_c2_MPC_gamecontroller_LiDAR_get_autoinheritance_info 0000000180005920 f   c2_MPC_gamecontroller_LiDAR.obj
 0001:00005150       c2_MPC_gamecontroller_LiDAR_method_dispatcher 0000000180006150 f   c2_MPC_gamecontroller_LiDAR.obj
 0001:00008d80       sf_c4_MPC_gamecontroller_LiDAR_get_eml_resolved_functions_info 0000000180009d80 f   c4_MPC_gamecontroller_LiDAR.obj
 0001:000097b0       sf_c4_MPC_gamecontroller_LiDAR_get_check_sum 000000018000a7b0 f   c4_MPC_gamecontroller_LiDAR.obj
 0001:00009830       sf_c4_MPC_gamecontroller_LiDAR_get_autoinheritance_info 000000018000a830 f   c4_MPC_gamecontroller_LiDAR.obj
 0001:00009c80       c4_MPC_gamecontroller_LiDAR_method_dispatcher 000000018000ac80 f   c4_MPC_gamecontroller_LiDAR.obj
 0001:0000bb80       sf_c5_MPC_gamecontroller_LiDAR_get_eml_resolved_functions_info 000000018000cb80 f   c5_MPC_gamecontroller_LiDAR.obj
 0001:0000c690       sf_c5_MPC_gamecontroller_LiDAR_get_check_sum 000000018000d690 f   c5_MPC_gamecontroller_LiDAR.obj
 0001:0000c710       sf_c5_MPC_gamecontroller_LiDAR_get_autoinheritance_info 000000018000d710 f   c5_MPC_gamecontroller_LiDAR.obj
 0001:0000cb60       c5_MPC_gamecontroller_LiDAR_method_dispatcher 000000018000db60 f   c5_MPC_gamecontroller_LiDAR.obj
 0001:0000ea60       sf_c6_MPC_gamecontroller_LiDAR_get_eml_resolved_functions_info 000000018000fa60 f   c6_MPC_gamecontroller_LiDAR.obj
 0001:0000eae0       sf_c6_MPC_gamecontroller_LiDAR_get_check_sum 000000018000fae0 f   c6_MPC_gamecontroller_LiDAR.obj
 0001:0000eb60       sf_c6_MPC_gamecontroller_LiDAR_get_autoinheritance_info 000000018000fb60 f   c6_MPC_gamecontroller_LiDAR.obj
 0001:0000f240       c6_MPC_gamecontroller_LiDAR_method_dispatcher 0000000180010240 f   c6_MPC_gamecontroller_LiDAR.obj
 0001:000118a0       sf_process_check_sum_call  00000001800128a0 f   MPC_gamecontroller_LiDAR_sfun_registry.obj
 0001:000118f0       sf_process_autoinheritance_call 00000001800128f0 f   MPC_gamecontroller_LiDAR_sfun_registry.obj
 0001:00011940       sf_process_get_eml_resolved_functions_info_call 0000000180012940 f   MPC_gamecontroller_LiDAR_sfun_registry.obj
 0001:00011ac0       sf_mex_unlock_call         0000000180012ac0 f   MPC_gamecontroller_LiDAR_sfun_registry.obj
 0001:00011b70       sf_machine_global_initializer_called 0000000180012b70 f   MPC_gamecontroller_LiDAR_sfun_registry.obj
 0001:00011ba0       sf_machine_global_method_dispatcher 0000000180012ba0 f   MPC_gamecontroller_LiDAR_sfun_registry.obj
 0001:00011c00       sf_machine_global_terminator 0000000180012c00 f   MPC_gamecontroller_LiDAR_sfun_registry.obj
 0001:00011c40       sf_register_machine_exported_symbols 0000000180012c40 f   MPC_gamecontroller_LiDAR_sfun_registry.obj
 0001:00011c60       callCustomFcn              0000000180012c60 f   MPC_gamecontroller_LiDAR_sfun_registry.obj
 0001:00011c70       sf_machine_global_initializer 0000000180012c70 f   MPC_gamecontroller_LiDAR_sfun_registry.obj
 0001:00011ce0       _ssSetInputPortMatrixDimensions 0000000180012ce0 f   MPC_gamecontroller_LiDAR_sfun_registry.obj
 0001:00011df0       _ssSetOutputPortMatrixDimensions 0000000180012df0 f   MPC_gamecontroller_LiDAR_sfun_registry.obj
 0001:00011f00       _ssSetInputPortVectorDimension 0000000180012f00 f   MPC_gamecontroller_LiDAR_sfun_registry.obj
 0001:00011fd0       _ssSetOutputPortVectorDimension 0000000180012fd0 f   MPC_gamecontroller_LiDAR_sfun_registry.obj
 0001:000120a0       ssIsRunTimeParamTunable    00000001800130a0 f   MPC_gamecontroller_LiDAR_sfun_registry.obj
 0001:00012110       ssGetSFuncBlockHandle      0000000180013110 f   MPC_gamecontroller_LiDAR_sfun_registry.obj
 0001:00012180       _ssGetCurrentInputPortWidth 0000000180013180 f   MPC_gamecontroller_LiDAR_sfun_registry.obj
 0001:000122a0       _ssGetCurrentOutputPortWidth 00000001800132a0 f   MPC_gamecontroller_LiDAR_sfun_registry.obj
 0001:000123c0       _ssGetCallSystemNumFcnCallDestinations 00000001800133c0 f   MPC_gamecontroller_LiDAR_sfun_registry.obj
 0001:00012430       ssWarning                  0000000180013430 f   MPC_gamecontroller_LiDAR_sfun_registry.obj
 0001:00012540       ssGetIsZeroCrossControlDisabled 0000000180013540 f   MPC_gamecontroller_LiDAR_sfun_registry.obj
 0001:000125b0       ssSetIsInputPortUsedForContZcSignal 00000001800135b0 f   MPC_gamecontroller_LiDAR_sfun_registry.obj
 0001:00012620       ssSetZcSignalIsZcElementDisc 0000000180013620 f   MPC_gamecontroller_LiDAR_sfun_registry.obj
 0001:000126d0       ssSetZcSignalName          00000001800136d0 f   MPC_gamecontroller_LiDAR_sfun_registry.obj
 0001:00012740       ssSetZcSignalWidth         0000000180013740 f   MPC_gamecontroller_LiDAR_sfun_registry.obj
 0001:000127b0       ssSetZcSignalZcEventType   00000001800137b0 f   MPC_gamecontroller_LiDAR_sfun_registry.obj
 0001:00012820       ssSetZcSignalType          0000000180013820 f   MPC_gamecontroller_LiDAR_sfun_registry.obj
 0001:00012890       ssSetZcSignalZcTol         0000000180013890 f   MPC_gamecontroller_LiDAR_sfun_registry.obj
 0001:00012900       ssSetZcSignalNeedsEventNotification 0000000180013900 f   MPC_gamecontroller_LiDAR_sfun_registry.obj
 0001:00012970       ssCreateAndAddZcSignalInfo 0000000180013970 f   MPC_gamecontroller_LiDAR_sfun_registry.obj
 0001:000129e0       ssCloneAndAddZcSignalInfo  00000001800139e0 f   MPC_gamecontroller_LiDAR_sfun_registry.obj
 0001:00012a50       ssGetNumZcSignals          0000000180013a50 f   MPC_gamecontroller_LiDAR_sfun_registry.obj
 0001:00012ac0       ssGetZcSignalVector        0000000180013ac0 f   MPC_gamecontroller_LiDAR_sfun_registry.obj
 0001:00012b30       ssGetZcSignalZcEvents      0000000180013b30 f   MPC_gamecontroller_LiDAR_sfun_registry.obj
 0001:00012ba0       ssGetZcSignalName          0000000180013ba0 f   MPC_gamecontroller_LiDAR_sfun_registry.obj
 0001:00012c10       ssGetZcSignalWidth         0000000180013c10 f   MPC_gamecontroller_LiDAR_sfun_registry.obj
 0001:00012c80       ssGetZcSignalZcEventType   0000000180013c80 f   MPC_gamecontroller_LiDAR_sfun_registry.obj
 0001:00012cf0       ssGetZcSignalType          0000000180013cf0 f   MPC_gamecontroller_LiDAR_sfun_registry.obj
 0001:00012d60       ssGetZcSignalZcTol         0000000180013d60 f   MPC_gamecontroller_LiDAR_sfun_registry.obj
 0001:00012de0       ssGetZcSignalNeedsEventNotification 0000000180013de0 f   MPC_gamecontroller_LiDAR_sfun_registry.obj
 0001:00012e50       ssGetZcSignalIsZcElementDisc 0000000180013e50 f   MPC_gamecontroller_LiDAR_sfun_registry.obj
 0001:00012ef0       ssGetIsInputPortElementContinuous 0000000180013ef0 f   MPC_gamecontroller_LiDAR_sfun_registry.obj
 0001:00012f90       _ssGetInputPortSignalPtrsFcn 0000000180013f90 f   MPC_gamecontroller_LiDAR_sfun_registry.obj
 0001:00013250       _ssGetInputPortSignalFcn   0000000180014250 f   MPC_gamecontroller_LiDAR_sfun_registry.obj
 0001:00013470       _ssSetInputPortDirectFeedThroughFcn 0000000180014470 f   MPC_gamecontroller_LiDAR_sfun_registry.obj
 0001:000135d0       _ssSetInputPortReusableFcn 00000001800145d0 f   MPC_gamecontroller_LiDAR_sfun_registry.obj
 0001:000136c0       _ssSetOutputPortReusableFcn 00000001800146c0 f   MPC_gamecontroller_LiDAR_sfun_registry.obj
 0001:000137a0       ssGetDTypeIdFromMxArray    00000001800147a0 f   MPC_gamecontroller_LiDAR_sfun_registry.obj
 0001:000138c0       ssWriteRTWStr              00000001800148c0 f   MPC_gamecontroller_LiDAR_sfun_registry.obj
 0001:00013920       ssWriteRTWMxVectParam      0000000180014920 f   MPC_gamecontroller_LiDAR_sfun_registry.obj
 0001:00013980       ssWriteRTWMx2dMatParam     0000000180014980 f   MPC_gamecontroller_LiDAR_sfun_registry.obj
 0001:00013a00       ssWriteRTWNameValuePair    0000000180014a00 f   MPC_gamecontroller_LiDAR_sfun_registry.obj
 0001:00013ef0       ssWriteRTWParameters       0000000180014ef0 f   MPC_gamecontroller_LiDAR_sfun_registry.obj
 0001:000144f0       ssWriteRTWParamSettings    00000001800154f0 f   MPC_gamecontroller_LiDAR_sfun_registry.obj
 0001:00014bc0       ssWriteRTWWorkVect         0000000180015bc0 f   MPC_gamecontroller_LiDAR_sfun_registry.obj
 0001:000150c0       mexFunction                00000001800160c0 f   MPC_gamecontroller_LiDAR_sfun_registry.obj
 0001:00016d00       ProcessMexSfunctionEveryCall 0000000180017d00 f   MPC_gamecontroller_LiDAR_sfun_registry.obj
 0001:00016e70       MPC_gamecontroller_LiDAR_initializer 0000000180017e70 f   MPC_gamecontroller_LiDAR_sfun.obj
 0001:00016e90       MPC_gamecontroller_LiDAR_terminator 0000000180017e90 f   MPC_gamecontroller_LiDAR_sfun.obj
 0001:00016ea0       sf_MPC_gamecontroller_LiDAR_method_dispatcher 0000000180017ea0 f   MPC_gamecontroller_LiDAR_sfun.obj
 0001:00016f70       sf_MPC_gamecontroller_LiDAR_process_check_sum_call 0000000180017f70 f   MPC_gamecontroller_LiDAR_sfun.obj
 0001:000173d0       sf_MPC_gamecontroller_LiDAR_autoinheritance_info 00000001800183d0 f   MPC_gamecontroller_LiDAR_sfun.obj
 0001:00017520       sf_MPC_gamecontroller_LiDAR_get_eml_resolved_functions_info 0000000180018520 f   MPC_gamecontroller_LiDAR_sfun.obj
 0001:00017760       MPC_gamecontroller_LiDAR_debug_initialize 0000000180018760 f   MPC_gamecontroller_LiDAR_sfun.obj
 0001:000177d0       MPC_gamecontroller_LiDAR_register_exported_symbols 00000001800187d0 f   MPC_gamecontroller_LiDAR_sfun.obj
 0001:00017880       sf_mex_mx_is_numeric       0000000180018880 f   sfc_mex:sfc_mex.obj
 0001:000178c0       strcmp_ignore_ws           00000001800188c0 f   sfc_mex:sfc_mex.obj
 0001:00017a00       sf_mex_duplicatearraysafe  0000000180018a00 f   sfc_mex:sfc_mex.obj
 0001:00017b60       sf_set_error_debugger_context_message_fcn 0000000180018b60 f   sfc_mex:sfc_mex.obj
 0001:00017b70       sf_set_debugger_matlab_error_fcn 0000000180018b70 f   sfc_mex:sfc_mex.obj
 0001:00017ba0       sf_set_error_prefix_string 0000000180018ba0 f   sfc_mex:sfc_mex.obj
 0001:00017bd0       sf_get_error_prefix_string 0000000180018bd0 f   sfc_mex:sfc_mex.obj
 0001:00017be0       sf_get_current_jmp_buf_ptr 0000000180018be0 f   sfc_mex:sfc_mex.obj
 0001:00017bf0       sf_set_current_jmp_buf_ptr 0000000180018bf0 f   sfc_mex:sfc_mex.obj
 0001:00017c00       sf_mex_set_halt_simulation 0000000180018c00 f   sfc_mex:sfc_mex.obj
 0001:00017c10       sf_mex_get_halt_simulation 0000000180018c10 f   sfc_mex:sfc_mex.obj
 0001:00017c20       sf_mex_clear_error_message 0000000180018c20 f   sfc_mex:sfc_mex.obj
 0001:00017c40       sf_mex_get_error_message_for_read 0000000180018c40 f   sfc_mex:sfc_mex.obj
 0001:00017c50       sf_mex_get_error_message_buffer_length 0000000180018c50 f   sfc_mex:sfc_mex.obj
 0001:00017d40       sf_mex_warning_message     0000000180018d40 f   sfc_mex:sfc_mex.obj
 0001:00017db0       sf_mex_v_errbuf_createf    0000000180018db0 f   sfc_mex:sfc_mex.obj
 0001:00017dc0       sf_mex_errbuf_createf      0000000180018dc0 f   sfc_mex:sfc_mex.obj
 0001:00017df0       sf_mex_v_errbuf_catf       0000000180018df0 f   sfc_mex:sfc_mex.obj
 0001:00017e30       sf_mex_errbuf_catf         0000000180018e30 f   sfc_mex:sfc_mex.obj
 0001:00017e80       sf_mex_errbuf_copy         0000000180018e80 f   sfc_mex:sfc_mex.obj
 0001:00017e90       sf_mex_errbuf_clear        0000000180018e90 f   sfc_mex:sfc_mex.obj
 0001:00017ea0       sf_mex_errbuf_isempty      0000000180018ea0 f   sfc_mex:sfc_mex.obj
 0001:00017fb0       sf_mex_set_error_status    0000000180018fb0 f   sfc_mex:sfc_mex.obj
 0001:00018000       sf_mex_error_direct_call   0000000180019000 f   sfc_mex:sfc_mex.obj
 0001:00018020       sf_mex_long_jump_on_error  0000000180019020 f   sfc_mex:sfc_mex.obj
 0001:00018050       sf_mex_call_matlab         0000000180019050 f   sfc_mex:sfc_mex.obj
 0001:00018170       sf_mex_check_builtin       0000000180019170 f   sfc_mex:sfc_mex.obj
 0001:000181b0       sf_mex_check_builtin_vs    00000001800191b0 f   sfc_mex:sfc_mex.obj
 0001:00018210       sf_mex_check_enum          0000000180019210 f   sfc_mex:sfc_mex.obj
 0001:00018240       sf_mex_create_enum         0000000180019240 f   sfc_mex:sfc_mex.obj
 0001:00018260       sf_mex_get_enum_element    0000000180019260 f   sfc_mex:sfc_mex.obj
 0001:00018270       sf_mex_createcellarray     0000000180019270 f   sfc_mex:sfc_mex.obj
 0001:00018280       sf_mex_setcell             0000000180019280 f   sfc_mex:sfc_mex.obj
 0001:00018290       sf_mex_getcell             0000000180019290 f   sfc_mex:sfc_mex.obj
 0001:000182a0       sf_mex_dup                 00000001800192a0 f   sfc_mex:sfc_mex.obj
 0001:000182c0       sf_mex_assign              00000001800192c0 f   sfc_mex:sfc_mex.obj
 0001:00018320       sf_mex_destroy             0000000180019320 f   sfc_mex:sfc_mex.obj
 0001:00018350       mx_array_has_fi_type       0000000180019350 f   sfc_mex:sfc_mex.obj
 0001:00018380       sf_mex_convert_from_fi     0000000180019380 f   sfc_mex:sfc_mex.obj
 0001:000184e0       sf_mex_convert_to_double   00000001800194e0 f   sfc_mex:sfc_mex.obj
 0001:00018600       sf_mex_import_fi_vs        0000000180019600 f   sfc_mex:sfc_mex.obj
 0001:00018830       sf_matrix_matrix_index_ok  0000000180019830 f   sfc_mex:sfc_mex.obj
 0001:000188c0       sf_vector_vector_index_ok  00000001800198c0 f   sfc_mex:sfc_mex.obj
 0001:000188f0       ssGetCurrentInputPortDimensions_wrapper 00000001800198f0 f   sfc_mex:sfc_mex.obj
 0001:00018910       ssGetCurrentOutputPortDimensions_wrapper 0000000180019910 f   sfc_mex:sfc_mex.obj
 0001:00018930       sf_mex_emlrt_context_is_debug_mode 0000000180019930 f   sfc_mex:sfc_mex.obj
 0001:00018940       sf_mex_emlrt_context_set_debug_mode 0000000180019940 f   sfc_mex:sfc_mex.obj
 0001:00018950       sf_clear_error_manager_info 0000000180019950 f   sfc_mex:sfc_mex.obj
 0001:000189a0       sf_mex_stop_simulation_abruptly_wo_error 00000001800199a0 f   sfc_mex:sfc_mex.obj
 0001:000189e0       sf_mex_error_message       00000001800199e0 f   sfc_mex:sfc_mex.obj
 0001:00018a40       sf_react_to_error_in_matlab_call 0000000180019a40 f   sfc_mex:sfc_mex.obj
 0001:00018a70       sf_mex_addfield            0000000180019a70 f   sfc_mex:sfc_mex.obj
 0001:00018b10       sf_mex_getfield            0000000180019b10 f   sfc_mex:sfc_mex.obj
 0001:00018dc0       sf_mex_check_class         0000000180019dc0 f   sfc_mex:sfc_mex.obj
 0001:00018e50       sf_mex_is_real             0000000180019e50 f   sfc_mex:sfc_mex.obj
 0001:00018f70       sf_mex_check_complex       0000000180019f70 f   sfc_mex:sfc_mex.obj
 0001:00018fd0       sf_mex_check_sparse        0000000180019fd0 f   sfc_mex:sfc_mex.obj
 0001:00019040       sf_mex_check_numerictype   000000018001a040 f   sfc_mex:sfc_mex.obj
 0001:000192a0       sf_mex_check_fimath        000000018001a2a0 f   sfc_mex:sfc_mex.obj
 0001:00019500       sf_mex_decode_encoded_mx_struct_array 000000018001a500 f   sfc_mex:sfc_mex.obj
 0001:000197d0       sf_mex_lw_bounds_check     000000018001a7d0 f   sfc_mex:sfc_mex.obj
 0001:00019800       sf_mex_lw_size_eq_check_1d 000000018001a800 f   sfc_mex:sfc_mex.obj
 0001:00019820       sf_mex_lw_size_eq_check_nd 000000018001a820 f   sfc_mex:sfc_mex.obj
 0001:00019a10       sf_mex_lw_dim_size_eq_check 000000018001aa10 f   sfc_mex:sfc_mex.obj
 0001:00019a40       sf_mex_lw_dim_size_geq_check 000000018001aa40 f   sfc_mex:sfc_mex.obj
 0001:00019a70       sf_mex_lw_sub_assign_size_check_nd 000000018001aa70 f   sfc_mex:sfc_mex.obj
 0001:00019cb0       sf_mex_lw_matrix_matrix_index_check 000000018001acb0 f   sfc_mex:sfc_mex.obj
 0001:00019d40       sf_mex_lw_vector_vector_index_check 000000018001ad40 f   sfc_mex:sfc_mex.obj
 0001:00019d80       sf_mex_lw_non_negative_check 000000018001ad80 f   sfc_mex:sfc_mex.obj
 0001:00019dc0       sf_mex_overflow_error      000000018001adc0 f   sfc_mex:sfc_mex.obj
 0001:00019dd0       sf_mex_dividebyzero_error  000000018001add0 f   sfc_mex:sfc_mex.obj
 0001:00019de0       sf_mex_unsafe_enum_error   000000018001ade0 f   sfc_mex:sfc_mex.obj
 0001:00019df0       sf_emlrtErrHandler         000000018001adf0 f   sfc_mex:sfc_mex.obj
 0001:00019e20       sf_mex_printf              000000018001ae20 f   sfc_mex:sfc_mex.obj
 0001:0001a050       sf_mex_check_size          000000018001b050 f   sfc_mex:sfc_mex.obj
 0001:0001a350       sf_mex_check_struct        000000018001b350 f   sfc_mex:sfc_mex.obj
 0001:0001a510       sf_mex_check_struct_vs     000000018001b510 f   sfc_mex:sfc_mex.obj
 0001:0001a5a0       sf_mex_check_fi            000000018001b5a0 f   sfc_mex:sfc_mex.obj
 0001:0001a800       sf_mex_check_fi_vs         000000018001b800 f   sfc_mex:sfc_mex.obj
 0001:0001a8a0       sf_echo_expression         000000018001b8a0 f   sfc_mex:sfc_mex.obj
 0001:0001a900       sf_assertion_failed        000000018001b900 f   sfc_mex:sfc_mex.obj
 0001:0001aad0       sf_mex_evalin              000000018001bad0 f   sfc_mex:sfc_mex.obj
 0001:0001adf0       sf_mex_export              000000018001bdf0 f   sfc_mex:sfc_mex.obj
 0001:0001ae90       sf_mex_get_ml_var_no_error 000000018001be90 f   sfc_mex:sfc_mex.obj
 0001:0001b110       sf_mex_get_ml_var          000000018001c110 f   sfc_mex:sfc_mex.obj
 0001:0001b490       ml_set_element_value_in_array 000000018001c490 f   sfc_mex:sfc_mex.obj
 0001:0001c920       sf_mex_call_impl           000000018001d920 f   sfc_mex:sfc_mex.obj
 0001:0001cee0       sf_mex_call_debug          000000018001dee0 f   sfc_mex:sfc_mex.obj
 0001:0001cf10       sf_mex_call                000000018001df10 f   sfc_mex:sfc_mex.obj
 0001:0001d520       sf_mex_createstruct        000000018001e520 f   sfc_mex:sfc_mex.obj
 0001:0001d610       sf_mex_createstructarray   000000018001e610 f   sfc_mex:sfc_mex.obj
 0001:0001d690       sf_mex_get_mx_datatype_from_sf_datatype 000000018001e690 f   sfc_mex:sfc_mex.obj
 0001:0001d9a0       sf_mex_ml_var_sub          000000018001e9a0 f   sfc_mex:sfc_mex.obj
 0001:0001db70       sf_mex_ml_var_subsasgn     000000018001eb70 f   sfc_mex:sfc_mex.obj
 0001:0001df80       sf_mex_sub                 000000018001ef80 f   sfc_mex:sfc_mex.obj
 0001:0001e1a0       sf_mex_subsasgn            000000018001f1a0 f   sfc_mex:sfc_mex.obj
 0001:0001ed50       sf_mex_create              000000018001fd50 f   sfc_mex:sfc_mex.obj
 0001:0001fbd0       sf_mex_import              0000000180020bd0 f   sfc_mex:sfc_mex.obj
 0001:0001fce0       sf_mex_import_vs           0000000180020ce0 f   sfc_mex:sfc_mex.obj
 0001:0001fdf0       sf_mex_lower_fixpt_mx_array 0000000180020df0 f   sfc_mex:sfc_mex.obj
 0001:00020430       sim_mode_is_rtw_gen        0000000180021430 f   sfc_mex:sfc_sf.obj
 0001:00020460       sim_mode_is_external       0000000180021460 f   sfc_mex:sfc_sf.obj
 0001:00020470       mdlInitializeSizes         0000000180021470 f   sfc_mex:sfc_sf.obj
 0001:00020490       mdlInitializeSampleTimes   0000000180021490 f   sfc_mex:sfc_sf.obj
 0001:000204d0       mdlZeroCrossings           00000001800214d0 f   sfc_mex:sfc_sf.obj
 0001:000205b0       mdlDerivatives             00000001800215b0 f   sfc_mex:sfc_sf.obj
 0001:00020660       mdl_initialize_conditions_processing 0000000180021660 f   sfc_mex:sfc_sf.obj
 0001:00020690       mdlInitializeConditions    0000000180021690 f   sfc_mex:sfc_sf.obj
 0001:00020750       mdlGetSimState             0000000180021750 f   sfc_mex:sfc_sf.obj
 0001:00020760       mdlSetSimState             0000000180021760 f   sfc_mex:sfc_sf.obj
 0001:00020770       mdl_ext_mode_exec_processing 0000000180021770 f   sfc_mex:sfc_sf.obj
 0001:00020790       mdlExtModeExec             0000000180021790 f   sfc_mex:sfc_sf.obj
 0001:000209f0       mdlTerminate               00000001800219f0 f   sfc_mex:sfc_sf.obj
 0001:00020a60       mdlRTW                     0000000180021a60 f   sfc_mex:sfc_sf.obj
 0001:00020a90       mdlSetWorkWidths           0000000180021a90 f   sfc_mex:sfc_sf.obj
 0001:00020aa0       mdlProcessParameters       0000000180021aa0 f   sfc_mex:sfc_sf.obj
 0001:00020ab0       mdl_start_processing       0000000180021ab0 f   sfc_mex:sfc_sf.obj
 0001:00020af0       mdlStart                   0000000180021af0 f   sfc_mex:sfc_sf.obj
 0001:00020be0       mdlEnable                  0000000180021be0 f   sfc_mex:sfc_sf.obj
 0001:00020cb0       mdlDisable                 0000000180021cb0 f   sfc_mex:sfc_sf.obj
 0001:00020d60       sf_get_chart_instance_ptr  0000000180021d60 f   sfc_mex:sfc_sf.obj
 0001:00020d80       sf_rtw_info_uint_prop      0000000180021d80 f   sfc_mex:sfc_sf.obj
 0001:00020f60       sf_is_chart_inlinable      0000000180021f60 f   sfc_mex:sfc_sf.obj
 0001:00020f80       sf_mark_output_events_with_multiple_callers 0000000180021f80 f   sfc_mex:sfc_sf.obj
 0001:000211a0       sf_mark_chart_reusable_outputs 00000001800221a0 f   sfc_mex:sfc_sf.obj
 0001:00021480       sf_mark_chart_expressionable_inputs 0000000180022480 f   sfc_mex:sfc_sf.obj
 0001:00021850       sf_get_subchart_simstruct  0000000180022850 f   sfc_mex:sfc_sf.obj
 0001:000218a0       sf_write_symbol_mapping    00000001800228a0 f   sfc_mex:sfc_sf.obj
 0001:00021b50       sf_get_fixpt_data_type_id  0000000180022b50 f   sfc_mex:sfc_sf.obj
 0001:00021b90       sf_get_enum_data_type_id   0000000180022b90 f   sfc_mex:sfc_sf.obj
 0001:00021bd0       sf_get_param_data_type_id  0000000180022bd0 f   sfc_mex:sfc_sf.obj
 0001:00021c00       sf_mex_listen_for_ctrl_c_force 0000000180022c00 f   sfc_mex:sfc_sf.obj
 0001:00021d10       sf_mex_draw_now            0000000180022d10 f   sfc_mex:sfc_sf.obj
 0001:00021d50       sf_mex_set_debugger_sim_status_listener_fcn 0000000180022d50 f   sfc_mex:sfc_sf.obj
 0001:00021d60       sf_mex_listen_for_ctrl_c   0000000180022d60 f   sfc_mex:sfc_sf.obj
 0001:00021df0       sf_mex_get_sfun_param      0000000180022df0 f   sfc_mex:sfc_sf.obj
 0001:00021e40       sf_get_runtime_param_data  0000000180022e40 f   sfc_mex:sfc_sf.obj
 0001:00021e80       sf_call_output_fcn_call    0000000180022e80 f   sfc_mex:sfc_sf.obj
 0001:00021fc0       sf_call_output_fcn_enable  0000000180022fc0 f   sfc_mex:sfc_sf.obj
 0001:00022050       sf_call_output_fcn_disable 0000000180023050 f   sfc_mex:sfc_sf.obj
 0001:000220e0       sf_clear_rtw_identifier    00000001800230e0 f   sfc_mex:sfc_sf.obj
 0001:000228b0       sf_set_encoded_dwork_info  00000001800238b0 f   sfc_mex:sfc_sf.obj
 0001:00022b50       sf_set_rtw_dwork_info      0000000180023b50 f   sfc_mex:sfc_sf.obj
 0001:00022e20       mdlOutputs                 0000000180023e20 f   sfc_mex:sfc_sf.obj
 0001:00022f60       sf_debug_disp              0000000180023f60 f   sfc_debug:sfcdebug.obj
 0001:00023230       sf_debug_data_runtime_size_mismatch_error_check 0000000180024230 f   sfc_debug:sfcdebug.obj
 0001:000232d0       sf_debug_try_loading_machine 00000001800242d0 f   sfc_debug:sfcdebug.obj
 0001:000233d0       sf_debug_reset_current_state_configuration 00000001800243d0 f   sfc_debug:sfcdebug.obj
 0001:00023460       sf_debug_store_current_state_configuration 0000000180024460 f   sfc_debug:sfcdebug.obj
 0001:000234f0       sf_debug_restore_previous_state_configuration 00000001800244f0 f   sfc_debug:sfcdebug.obj
 0001:00023580       sf_debug_restore_previous_state_configuration2 0000000180024580 f   sfc_debug:sfcdebug.obj
 0001:00023610       sf_debug_get_event_scope   0000000180024610 f   sfc_debug:sfcdebug.obj
 0001:00023780       use_debugger_step_animation 0000000180024780 f   sfc_debug:sfcdebug.obj
 0001:000237a0       sf_debug_get_script_id     00000001800247a0 f   sfc_debug:sfcdebug.obj
 0001:00023830       sf_debug_set_script_translation 0000000180024830 f   sfc_debug:sfcdebug.obj
 0001:000238f0       sf_debug_get_current_machine_id 00000001800248f0 f   sfc_debug:sfcdebug.obj
 0001:00023910       sf_debug_get_current_optional_integer 0000000180024910 f   sfc_debug:sfcdebug.obj
 0001:00023920       sf_debug_get_current_machine_number 0000000180024920 f   sfc_debug:sfcdebug.obj
 0001:00023940       sf_debug_get_current_machine_name 0000000180024940 f   sfc_debug:sfcdebug.obj
 0001:00023960       sf_debug_get_current_chart_id 0000000180024960 f   sfc_debug:sfcdebug.obj
 0001:000239b0       sf_debug_get_current_chart_number 00000001800249b0 f   sfc_debug:sfcdebug.obj
 0001:000239c0       sf_debug_get_current_instance_number 00000001800249c0 f   sfc_debug:sfcdebug.obj
 0001:000239d0       sf_debug_get_current_is_minor_time_step 00000001800249d0 f   sfc_debug:sfcdebug.obj
 0001:00023a50       sf_debug_get_current_object_type 0000000180024a50 f   sfc_debug:sfcdebug.obj
 0001:00023a60       sf_debug_get_current_instance_handle 0000000180024a60 f   sfc_debug:sfcdebug.obj
 0001:00023ac0       sf_debug_get_current_event_type 0000000180024ac0 f   sfc_debug:sfcdebug.obj
 0001:00023ad0       sf_debug_get_current_object_id 0000000180024ad0 f   sfc_debug:sfcdebug.obj
 0001:00023b10       sf_debug_get_current_active_event_type 0000000180024b10 f   sfc_debug:sfcdebug.obj
 0001:00023b20       sf_debug_get_current_active_event_id 0000000180024b20 f   sfc_debug:sfcdebug.obj
 0001:00023b60       sf_debug_get_current_tag_type 0000000180024b60 f   sfc_debug:sfcdebug.obj
 0001:00023b70       sf_debug_get_current_simulation_time 0000000180024b70 f   sfc_debug:sfcdebug.obj
 0001:00023b80       sf_debug_get_current_coverage_percentage 0000000180024b80 f   sfc_debug:sfcdebug.obj
 0001:00023b90       sf_debug_current_statement_context 0000000180024b90 f   sfc_debug:sfcdebug.obj
 0001:00023c20       sf_debug_get_current_statement_info 0000000180024c20 f   sfc_debug:sfcdebug.obj
 0001:00023da0       sf_debug_terminate_instance 0000000180024da0 f   sfc_debug:sfcdebug.obj
 0001:000240c0       sf_debug_assertion_failed  00000001800250c0 f   sfc_debug:sfcdebug.obj
 0001:00024270       sf_debug_set_number_of_data_with_change_event_for_machine 0000000180025270 f   sfc_debug:sfcdebug.obj
 0001:000242b0       sf_debug_set_machine_event_thresholds 00000001800252b0 f   sfc_debug:sfcdebug.obj
 0001:000242d0       sf_debug_set_machine_event_scope 00000001800252d0 f   sfc_debug:sfcdebug.obj
 0001:00024310       sf_debug_set_machine_data_thresholds 0000000180025310 f   sfc_debug:sfcdebug.obj
 0001:00024350       sf_debug_set_machine_data_scope 0000000180025350 f   sfc_debug:sfcdebug.obj
 0001:000243e0       sf_debug_set_machine_data_name 00000001800253e0 f   sfc_debug:sfcdebug.obj
 0001:00024480       sf_debug_set_machine_data_size 0000000180025480 f   sfc_debug:sfcdebug.obj
 0001:000245c0       sf_debug_set_machine_data_type 00000001800255c0 f   sfc_debug:sfcdebug.obj
 0001:00024730       sf_debug_get_chart_data_number 0000000180025730 f   sfc_debug:sfcdebug.obj
 0001:00024750       sf_debug_get_chart_event_number 0000000180025750 f   sfc_debug:sfcdebug.obj
 0001:00024770       sf_debug_set_chart_state_info 0000000180025770 f   sfc_debug:sfcdebug.obj
 0001:000247f0       sf_debug_set_chart_decomposition 00000001800257f0 f   sfc_debug:sfcdebug.obj
 0001:00024860       sf_debug_set_chart_substate_count 0000000180025860 f   sfc_debug:sfcdebug.obj
 0001:00024940       sf_debug_set_chart_substate_index 0000000180025940 f   sfc_debug:sfcdebug.obj
 0001:000249b0       sf_debug_set_chart_state_substate_count 00000001800259b0 f   sfc_debug:sfcdebug.obj
 0001:00024ac0       sf_debug_set_chart_state_substate_index 0000000180025ac0 f   sfc_debug:sfcdebug.obj
 0001:00024b40       sf_debug_set_number_of_data_with_change_event_for_chart 0000000180025b40 f   sfc_debug:sfcdebug.obj
 0001:00024bc0       sf_debug_set_number_of_states_with_entry_event_for_chart 0000000180025bc0 f   sfc_debug:sfcdebug.obj
 0001:00024c30       sf_debug_set_number_of_states_with_exit_event_for_chart 0000000180025c30 f   sfc_debug:sfcdebug.obj
 0001:00024ca0       sf_debug_set_chart_disable_implicit_casting 0000000180025ca0 f   sfc_debug:sfcdebug.obj
 0001:00024d10       sf_debug_set_chart_event_thresholds 0000000180025d10 f   sfc_debug:sfcdebug.obj
 0001:00024d80       sf_debug_set_chart_data_compiled_props 0000000180025d80 f   sfc_debug:sfcdebug.obj
 0001:000250c0       sf_debug_set_chart_data_props 00000001800260c0 f   sfc_debug:sfcdebug.obj
 0001:000253f0       sf_debug_check_fi_license  00000001800263f0 f   sfc_debug:sfcdebug.obj
 0001:000255e0       sf_debug_symbol_scope_push 00000001800265e0 f   sfc_debug:sfcdebug.obj
 0001:000256c0       sf_debug_symbol_scope_push_eml 00000001800266c0 f   sfc_debug:sfcdebug.obj
 0001:000257a0       sf_debug_symbol_scope_pop  00000001800267a0 f   sfc_debug:sfcdebug.obj
 0001:000257e0       sf_debug_symbol_scope_add  00000001800267e0 f   sfc_debug:sfcdebug.obj
 0001:00025860       sf_debug_symbol_scope_add_eml 0000000180026860 f   sfc_debug:sfcdebug.obj
 0001:000258a0       sf_debug_symbol_scope_add_dyn 00000001800268a0 f   sfc_debug:sfcdebug.obj
 0001:00025950       sf_debug_symbol_scope_add_eml_dyn 0000000180026950 f   sfc_debug:sfcdebug.obj
 0001:000259b0       sf_debug_symbol_switch     00000001800269b0 f   sfc_debug:sfcdebug.obj
 0001:000259d0       sf_debug_symbol_scope_add_verbose 00000001800269d0 f   sfc_debug:sfcdebug.obj
 0001:00025aa0       sf_debug_set_machine_data_value_ptr 0000000180026aa0 f   sfc_debug:sfcdebug.obj
 0001:00025ae0       sf_debug_set_instance_data_value_ptr 0000000180026ae0 f   sfc_debug:sfcdebug.obj
 0001:00025ba0       sf_debug_unset_instance_data_value_ptr 0000000180026ba0 f   sfc_debug:sfcdebug.obj
 0001:00025c50       sf_debug_set_chart_event_scope 0000000180026c50 f   sfc_debug:sfcdebug.obj
 0001:00025cd0       sf_debug_set_chart_transition_coverage_maps 0000000180026cd0 f   sfc_debug:sfcdebug.obj
 0001:00025de0       sf_debug_set_chart_state_coverage_maps 0000000180026de0 f   sfc_debug:sfcdebug.obj
 0001:00025ec0       sf_debug_set_instance_transition_coverage_weights 0000000180026ec0 f   sfc_debug:sfcdebug.obj
 0001:00025f60       sf_debug_set_instance_state_coverage_weights 0000000180026f60 f   sfc_debug:sfcdebug.obj
 0001:000261b0       sf_debug_unload_machine    00000001800271b0 f   sfc_debug:sfcdebug.obj
 0001:00026200       sf_debug_load_machine      0000000180027200 f   sfc_debug:sfcdebug.obj
 0001:00026310       sf_debug_set_active_instance_in_data_dictionary 0000000180027310 f   sfc_debug:sfcdebug.obj
 0001:000264f0       sf_debug_set_active_instance 00000001800274f0 f   sfc_debug:sfcdebug.obj
 0001:00026640       sf_debug_chart_visiblity_change 0000000180027640 f   sfc_debug:sfcdebug.obj
 0001:00026720       sf_debug_select_chart      0000000180027720 f   sfc_debug:sfcdebug.obj
 0001:00026800       sf_debug_set_instance_cv_ids 0000000180027800 f   sfc_debug:sfcdebug.obj
 0001:00026b20       sf_debug_select_charts     0000000180027b20 f   sfc_debug:sfcdebug.obj
 0001:00026c60       sf_debug_initialized       0000000180027c60 f   sfc_debug:sfcdebug.obj
 0001:00026c70       sf_debug_is_uninterruptible 0000000180027c70 f   sfc_debug:sfcdebug.obj
 0001:00026ca0       sf_debug_initialize_debugger_gui 0000000180027ca0 f   sfc_debug:sfcdebug.obj
 0001:00027080       sf_debug_resume            0000000180028080 f   sfc_debug:sfcdebug.obj
 0001:000270a0       sf_debug_go                00000001800280a0 f   sfc_debug:sfcdebug.obj
 0001:000270b0       sf_debug_break             00000001800280b0 f   sfc_debug:sfcdebug.obj
 0001:000270c0       sf_debug_step_over         00000001800280c0 f   sfc_debug:sfcdebug.obj
 0001:000270d0       sf_debug_step_out          00000001800280d0 f   sfc_debug:sfcdebug.obj
 0001:000270e0       sf_debug_set_disable_all_breakpoints 00000001800280e0 f   sfc_debug:sfcdebug.obj
 0001:000270f0       sf_debug_disable_all_breakpoints_and_go 00000001800280f0 f   sfc_debug:sfcdebug.obj
 0001:00027100       sf_debug_break_on_chart_entry 0000000180028100 f   sfc_debug:sfcdebug.obj
 0001:00027110       sf_debug_break_on_event_broadcast 0000000180028110 f   sfc_debug:sfcdebug.obj
 0001:00027120       sf_debug_break_on_state_entry 0000000180028120 f   sfc_debug:sfcdebug.obj
 0001:00027130       sf_debug_break_between_times 0000000180028130 f   sfc_debug:sfcdebug.obj
 0001:00027150       sf_debug_browse_data       0000000180028150 f   sfc_debug:sfcdebug.obj
 0001:00027170       sf_debug_watch_data        0000000180028170 f   sfc_debug:sfcdebug.obj
 0001:00027190       sf_debug_whos              0000000180028190 f   sfc_debug:sfcdebug.obj
 0001:000271b0       sf_debug_get_consistency_info 00000001800281b0 f   sfc_debug:sfcdebug.obj
 0001:000271c0       sf_debug_browse_trace      00000001800281c0 f   sfc_debug:sfcdebug.obj
 0001:000271d0       sf_debug_set_breakpoints   00000001800281d0 f   sfc_debug:sfcdebug.obj
 0001:00027320       sf_debug_set_eml_breakpoints 0000000180028320 f   sfc_debug:sfcdebug.obj
 0001:00027480       sf_debug_set_script_breakpoints 0000000180028480 f   sfc_debug:sfcdebug.obj
 0001:00027500       sf_debug_add_script_breakpoints 0000000180028500 f   sfc_debug:sfcdebug.obj
 0001:00027570       sf_debug_clear_script_breakpoints 0000000180028570 f   sfc_debug:sfcdebug.obj
 0001:000275e0       sf_debug_query_script_breakpoints 00000001800285e0 f   sfc_debug:sfcdebug.obj
 0001:000276a0       sf_debug_get_eml_script_id 00000001800286a0 f   sfc_debug:sfcdebug.obj
 0001:00027760       sf_debug_set_watch         0000000180028760 f   sfc_debug:sfcdebug.obj
 0001:00027980       sf_debug_get_coverage      0000000180028980 f   sfc_debug:sfcdebug.obj
 0001:00027990       sf_debug_get_instance_handle 0000000180028990 f   sfc_debug:sfcdebug.obj
 0001:00027a20       sf_debug_get_active_states 0000000180028a20 f   sfc_debug:sfcdebug.obj
 0001:00027a30       sf_debug_get_animation     0000000180028a30 f   sfc_debug:sfcdebug.obj
 0001:00027a40       sf_debug_set_animation     0000000180028a40 f   sfc_debug:sfcdebug.obj
 0001:00027a50       sf_debug_animate           0000000180028a50 f   sfc_debug:sfcdebug.obj
 0001:00027a80       sf_debug_cycle_detection_check 0000000180028a80 f   sfc_debug:sfcdebug.obj
 0001:00027a90       sf_debug_data_range_check  0000000180028a90 f   sfc_debug:sfcdebug.obj
 0001:00027aa0       sf_debug_transition_conflict_check 0000000180028aa0 f   sfc_debug:sfcdebug.obj
 0001:00027ab0       sf_debug_state_consistency_check 0000000180028ab0 f   sfc_debug:sfcdebug.obj
 0001:00027ac0       sf_debug_data_range_check_enabled 0000000180028ac0 f   sfc_debug:sfcdebug.obj
 0001:00027ae0       sf_debug_transition_conflict_check_enabled 0000000180028ae0 f   sfc_debug:sfcdebug.obj
 0001:00027b00       sf_debug_transition_conflict_check_begin 0000000180028b00 f   sfc_debug:sfcdebug.obj
 0001:00027b20       sf_debug_transition_conflict_check_end 0000000180028b20 f   sfc_debug:sfcdebug.obj
 0001:00027b40       sf_debug_stop_debugging    0000000180028b40 f   sfc_debug:sfcdebug.obj
 0001:00027b70       sf_debug_is_cycle_detected 0000000180028b70 f   sfc_debug:sfcdebug.obj
 0001:00027b80       sf_debug_is_array_bounds_detected 0000000180028b80 f   sfc_debug:sfcdebug.obj
 0001:00027b90       sf_debug_get_state_vectors_data_size 0000000180028b90 f   sfc_debug:sfcdebug.obj
 0001:00027bd0       sf_debug_get_state_vectors_data 0000000180028bd0 f   sfc_debug:sfcdebug.obj
 0001:00027ce0       sf_debug_set_state_vectors_data 0000000180028ce0 f   sfc_debug:sfcdebug.obj
 0001:00027fc0       sf_debug_get_script_index  0000000180028fc0 f   sfc_debug:sfcdebug.obj
 0001:00028140       sf_debug_add_script        0000000180029140 f   sfc_debug:sfcdebug.obj
 0001:00028320       cv_eval_point              0000000180029320 f   sfc_debug:sfcdebug.obj
 0001:00028490       sf_debug_cv_init_state     0000000180029490 f   sfc_debug:sfcdebug.obj
 0001:000285b0       sf_debug_cv_init_chart     00000001800295b0 f   sfc_debug:sfcdebug.obj
 0001:00028690       sf_debug_cv_init_trans     0000000180029690 f   sfc_debug:sfcdebug.obj
 0001:00028800       cv_eml_init_script         0000000180029800 f   sfc_debug:sfcdebug.obj
 0001:00028930       cv_eml_init_fcn            0000000180029930 f   sfc_debug:sfcdebug.obj
 0001:00028a30       cv_eml_init_testobjective  0000000180029a30 f   sfc_debug:sfcdebug.obj
 0001:00028b30       cv_eml_init_if             0000000180029b30 f   sfc_debug:sfcdebug.obj
 0001:00028c30       cv_eml_init_for            0000000180029c30 f   sfc_debug:sfcdebug.obj
 0001:00028d20       cv_eml_init_while          0000000180029d20 f   sfc_debug:sfcdebug.obj
 0001:00028e10       cv_eml_init_mcdc           0000000180029e10 f   sfc_debug:sfcdebug.obj
 0001:00028f50       cv_eml_init_switch         0000000180029f50 f   sfc_debug:sfcdebug.obj
 0001:00029070       cv_eml_eval                000000018002a070 f   sfc_debug:sfcdebug.obj
 0001:00029170       sf_debug_bm_is_a_eml_breakpoint 000000018002a170 f   sfc_debug:sfcdebug.obj
 0001:00029360       sf_debug_temporal_threshold 000000018002a360 f   sfc_debug:sfcdebug.obj
 0001:00029700       sf_debug_transition_conflict_error 000000018002a700 f   sfc_debug:sfcdebug.obj
 0001:00029a60       sf_debug_state_inconsistency_error 000000018002aa60 f   sfc_debug:sfcdebug.obj
 0001:00029b70       sf_debug_check_for_state_inconsistency 000000018002ab70 f   sfc_debug:sfcdebug.obj
 0001:00029ba0       sf_debug_cycle_detecton_error 000000018002aba0 f   sfc_debug:sfcdebug.obj
 0001:0002a340       sf_debug_size_eq_check_1d  000000018002b340 f   sfc_debug:sfcdebug.obj
 0001:0002a360       sf_debug_size_eq_check_nd  000000018002b360 f   sfc_debug:sfcdebug.obj
 0001:0002a550       sf_debug_dim_size_eq_check 000000018002b550 f   sfc_debug:sfcdebug.obj
 0001:0002a580       sf_debug_dim_size_geq_check 000000018002b580 f   sfc_debug:sfcdebug.obj
 0001:0002a5b0       sf_debug_sub_assign_size_check_nd 000000018002b5b0 f   sfc_debug:sfcdebug.obj
 0001:0002a800       sf_debug_matrix_matrix_index_check 000000018002b800 f   sfc_debug:sfcdebug.obj
 0001:0002a830       sf_debug_vector_vector_index_check 000000018002b830 f   sfc_debug:sfcdebug.obj
 0001:0002a860       sf_debug_data_array_bounds_error_check 000000018002b860 f   sfc_debug:sfcdebug.obj
 0001:0002a970       sf_debug_eml_data_array_bounds_error_check 000000018002b970 f   sfc_debug:sfcdebug.obj
 0001:0002ae30       sf_debug_integer_check     000000018002be30 f   sfc_debug:sfcdebug.obj
 0001:0002af00       sf_debug_not_nan_check     000000018002bf00 f   sfc_debug:sfcdebug.obj
 0001:0002afc0       sf_debug_non_negative_check 000000018002bfc0 f   sfc_debug:sfcdebug.obj
 0001:0002b080       sf_debug_overflow_detection 000000018002c080 f   sfc_debug:sfcdebug.obj
 0001:0002b740       sf_debug_cast_to_real32_T  000000018002c740 f   sfc_debug:sfcdebug.obj
 0001:0002b800       sf_debug_cast_to_int8_T    000000018002c800 f   sfc_debug:sfcdebug.obj
 0001:0002b8c0       sf_debug_cast_to_uint8_T   000000018002c8c0 f   sfc_debug:sfcdebug.obj
 0001:0002b980       sf_debug_cast_to_int16_T   000000018002c980 f   sfc_debug:sfcdebug.obj
 0001:0002ba40       sf_debug_cast_to_uint16_T  000000018002ca40 f   sfc_debug:sfcdebug.obj
 0001:0002bb00       sf_debug_cast_to_int32_T   000000018002cb00 f   sfc_debug:sfcdebug.obj
 0001:0002bbb0       sf_debug_cast_to_uint32_T  000000018002cbb0 f   sfc_debug:sfcdebug.obj
 0001:0002bc70       sf_debug_data_range_error  000000018002cc70 f   sfc_debug:sfcdebug.obj
 0001:0002c0d0       sf_debug_data_range_error_wrapper_min_max 000000018002d0d0 f   sfc_debug:sfcdebug.obj
 0001:0002c1c0       sf_debug_data_range_error_wrapper_min 000000018002d1c0 f   sfc_debug:sfcdebug.obj
 0001:0002c2a0       sf_debug_data_range_error_wrapper_max 000000018002d2a0 f   sfc_debug:sfcdebug.obj
 0001:0002c380       sf_debug_data_range_wrapper 000000018002d380 f   sfc_debug:sfcdebug.obj
 0001:0002c430       sf_debug_set_current_status_info 000000018002d430 f   sfc_debug:sfcdebug.obj
 0001:0002c900       sf_debug_call              000000018002d900 f   sfc_debug:sfcdebug.obj
 0001:0002d7b0       sf_debug_initialize_machine 000000018002e7b0 f   sfc_debug:sfcdebug.obj
 0001:0002dc30       sf_debug_initialize_chart  000000018002ec30 f   sfc_debug:sfcdebug.obj
 0001:0002e110       sf_debug_ensure_script     000000018002f110 f   sfc_debug:sfcdebug.obj
 0001:0002e280       cv_script_init_script      000000018002f280 f   sfc_debug:sfcdebug.obj
 0001:0002e400       cv_script_init_fcn         000000018002f400 f   sfc_debug:sfcdebug.obj
 0001:0002e550       cv_script_init_testobjective 000000018002f550 f   sfc_debug:sfcdebug.obj
 0001:0002e6a0       cv_script_init_if          000000018002f6a0 f   sfc_debug:sfcdebug.obj
 0001:0002e7f0       cv_script_init_for         000000018002f7f0 f   sfc_debug:sfcdebug.obj
 0001:0002e940       cv_script_init_while       000000018002f940 f   sfc_debug:sfcdebug.obj
 0001:0002ea90       cv_script_init_mcdc        000000018002fa90 f   sfc_debug:sfcdebug.obj
 0001:0002ec30       cv_script_init_switch      000000018002fc30 f   sfc_debug:sfcdebug.obj
 0001:0002eda0       cv_script_eval             000000018002fda0 f   sfc_debug:sfcdebug.obj
 0001:0002ef00       eml_debug_line_call        000000018002ff00 f   sfc_debug:sfcdebug.obj
 0001:0002f0b0       sf_debug_terminate         00000001800300b0 f   sfc_debug:sfcdebug.obj
 0001:0002f2f0       sf_debug_set_script_cv_ids 00000001800302f0 f   sfc_debug:sfcdebug.obj
 0001:0002f4c0       sf_debug_api               00000001800304c0 f   sfc_debug:sfc_api.obj
 0001:00030d60       sf_debug_sm_terminate      0000000180031d60 f   sfc_debug:sfdb_animation.obj
 0001:00030f20       sf_debug_reset_path_objects 0000000180031f20 f   sfc_debug:sfdb_animation.obj
 0001:00030fa0       sf_debug_sm_reset_object_selection_status 0000000180031fa0 f   sfc_debug:sfdb_animation.obj
 0001:00031040       sf_debug_sm_reset_state_buffer 0000000180032040 f   sfc_debug:sfdb_animation.obj
 0001:00031120       sf_debug_sm_store_state_buffer 0000000180032120 f   sfc_debug:sfdb_animation.obj
 0001:000311a0       sf_debug_sm_restore_state_buffer1 00000001800321a0 f   sfc_debug:sfdb_animation.obj
 0001:00031210       sf_debug_sm_restore_state_buffer2 0000000180032210 f   sfc_debug:sfdb_animation.obj
 0001:00031280       sf_debug_sm_chart_active   0000000180032280 f   sfc_debug:sfdb_animation.obj
 0001:000312d0       sf_debug_sm_select_active_objects 00000001800322d0 f   sfc_debug:sfdb_animation.obj
 0001:00031760       sf_debug_sm_is_chart_active 0000000180032760 f   sfc_debug:sfdb_animation.obj
 0001:000317a0       sf_debug_sm_is_state_active 00000001800327a0 f   sfc_debug:sfdb_animation.obj
 0001:000319e0       sf_debug_sm_get_active_states 00000001800329e0 f   sfc_debug:sfdb_animation.obj
 0001:00031f90       sf_debug_sm_initialize_instance 0000000180032f90 f   sfc_debug:sfdb_animation.obj
 0001:00032240       sf_debug_sm_change_object_selection_status 0000000180033240 f   sfc_debug:sfdb_animation.obj
 0001:00032530       cv_create_interface        0000000180033530 f   sfc_debug:cv_sfinterface.obj
 0001:00032880       cv_init_trans              0000000180033880 f   sfc_debug:cv_sfinterface.obj
 0001:000328d0       cv_init_state              00000001800338d0 f   sfc_debug:cv_sfinterface.obj
 0001:00032940       cv_init_chart              0000000180033940 f   sfc_debug:cv_sfinterface.obj
 0001:00032990       cv_dec_update_call         0000000180033990 f   sfc_debug:cv_sfinterface.obj
 0001:000329d0       cv_cond_update_call        00000001800339d0 f   sfc_debug:cv_sfinterface.obj
 0001:00032a10       cv_sigrange_update         0000000180033a10 f   sfc_debug:cv_sfinterface.obj
 0001:00032a50       cvsf_eml_eval              0000000180033a50 f   sfc_debug:cv_sfinterface.obj
 0001:00032b30       cvsf_eml_init_script       0000000180033b30 f   sfc_debug:cv_sfinterface.obj
 0001:00032bb0       cvsf_eml_init_fcn          0000000180033bb0 f   sfc_debug:cv_sfinterface.obj
 0001:00032c10       cvsf_eml_init_testobjective 0000000180033c10 f   sfc_debug:cv_sfinterface.obj
 0001:00032c70       cvsf_eml_init_if           0000000180033c70 f   sfc_debug:cv_sfinterface.obj
 0001:00032cd0       cvsf_eml_init_for          0000000180033cd0 f   sfc_debug:cv_sfinterface.obj
 0001:00032d20       cvsf_eml_init_while        0000000180033d20 f   sfc_debug:cv_sfinterface.obj
 0001:00032d70       cvsf_eml_init_mcdc         0000000180033d70 f   sfc_debug:cv_sfinterface.obj
 0001:00032e00       cvsf_eml_init_switch       0000000180033e00 f   sfc_debug:cv_sfinterface.obj
 0001:00032e70       cvsf_script_eval           0000000180033e70 f   sfc_debug:cv_sfinterface.obj
 0001:00032f50       cvsf_script_init_script    0000000180033f50 f   sfc_debug:cv_sfinterface.obj
 0001:00032fd0       cvsf_script_init_fcn       0000000180033fd0 f   sfc_debug:cv_sfinterface.obj
 0001:00033030       cvsf_script_init_testobjective 0000000180034030 f   sfc_debug:cv_sfinterface.obj
 0001:00033090       cvsf_script_init_if        0000000180034090 f   sfc_debug:cv_sfinterface.obj
 0001:000330f0       cvsf_script_init_for       00000001800340f0 f   sfc_debug:cv_sfinterface.obj
 0001:00033140       cvsf_script_init_while     0000000180034140 f   sfc_debug:cv_sfinterface.obj
 0001:00033190       cvsf_script_init_mcdc      0000000180034190 f   sfc_debug:cv_sfinterface.obj
 0001:00033220       cvsf_script_init_switch    0000000180034220 f   sfc_debug:cv_sfinterface.obj
 0001:00033290       cv_destroy_interface       0000000180034290 f   sfc_debug:cv_sfinterface.obj
 0001:000332b0       cv_create_instance_objects 00000001800342b0 f   sfc_debug:cv_sfinterface.obj
 0001:00033760       cv_is_enabled              0000000180034760 f   sfc_debug:cv_sfinterface.obj
 0001:00033770       sf_debug_cv_initialize_script 0000000180034770 f   sfc_debug:cv_sfinterface.obj
 0001:00033910       sf_debug_cv_initialize_instance 0000000180034910 f   sfc_debug:cv_sfinterface.obj
 0001:00033ca0       sf_debug_cv_terminate_chart 0000000180034ca0 f   sfc_debug:cv_sfinterface.obj
 0001:00033de0       cv_call_trans_test         0000000180034de0 f   sfc_debug:cv_sfinterface.obj
 0001:00033df0       cv_call_sub_cond_test      0000000180034df0 f   sfc_debug:cv_sfinterface.obj
 0001:00033f20       sf_debug_hm_initialize_instance 0000000180034f20 f   sfc_debug:sfdb_handle_management.obj
 0001:00034540       sf_debug_hm_get_object_id  0000000180035540 f   sfc_debug:sfdb_handle_management.obj
 0001:00036450       sf_debug_object_is_eml_function 0000000180037450 f   sfc_debug:sfdb_handle_management.obj
 0001:000364c0       sf_debug_hm_initialize_ids_in_machine 00000001800374c0 f   sfc_debug:sfdb_handle_management.obj
 0001:00036630       sf_debug_hm_initialize_ids_in_chart 0000000180037630 f   sfc_debug:sfdb_handle_management.obj
 0001:00036770       sf_debug_hm_initialize_chart 0000000180037770 f   sfc_debug:sfdb_handle_management.obj
 0001:00037020       sf_debug_hm_terminate      0000000180038020 f   sfc_debug:sfdb_handle_management.obj
 0001:00037080       sf_debug_hm_initialize_machine 0000000180038080 f   sfc_debug:sfdb_handle_management.obj
 0001:00037930       sf_debug_st_initialize_machine 0000000180038930 f   sfc_debug:sfdb_data_browse.obj
 0001:000379f0       sf_debug_st_initialize_instance 00000001800389f0 f   sfc_debug:sfdb_data_browse.obj
 0001:00037e00       sf_debug_st_terminate      0000000180038e00 f   sfc_debug:sfdb_data_browse.obj
 0001:000381b0       sf_debug_st_set_data_value_ptr_in_machine 00000001800391b0 f   sfc_debug:sfdb_data_browse.obj
 0001:00038240       sf_debug_st_set_data_value_ptr_in_instance 0000000180039240 f   sfc_debug:sfdb_data_browse.obj
 0001:00038320       sf_debug_st_unset_data_value_ptr_in_machine 0000000180039320 f   sfc_debug:sfdb_data_browse.obj
 0001:00038390       sf_debug_st_unset_data_value_ptr_in_instance 0000000180039390 f   sfc_debug:sfdb_data_browse.obj
 0001:00038650       sf_debug_mx_value          0000000180039650 f   sfc_debug:sfdb_data_browse.obj
 0001:000386b0       sf_debug_mx_packed_vector  00000001800396b0 f   sfc_debug:sfdb_data_browse.obj
 0001:00038790       sf_debug_mx_uint_vector    0000000180039790 f   sfc_debug:sfdb_data_browse.obj
 0001:00038840       sf_debug_st_get_double_value_from_void_ptr_vector 0000000180039840 f   sfc_debug:sfdb_data_browse.obj
 0001:000393a0       sf_debug_st_browse_data    000000018003a3a0 f   sfc_debug:sfdb_data_browse.obj
 0001:00039b40       sf_debug_ss_initialize     000000018003ab40 f   sfc_debug:sfdb_symbol_scope.obj
 0001:00039b60       sf_debug_ss_terminate      000000018003ab60 f   sfc_debug:sfdb_symbol_scope.obj
 0001:00039bf0       sf_debug_ss_push_symbol_scope 000000018003abf0 f   sfc_debug:sfdb_symbol_scope.obj
 0001:00039cf0       sf_debug_ss_push_symbol_scope_eml 000000018003acf0 f   sfc_debug:sfdb_symbol_scope.obj
 0001:00039d50       sf_debug_ss_pop_symbol_scope 000000018003ad50 f   sfc_debug:sfdb_symbol_scope.obj
 0001:00039e00       sf_debug_ss_add_symbol     000000018003ae00 f   sfc_debug:sfdb_symbol_scope.obj
 0001:00039f50       sf_debug_ss_add_symbol_eml 000000018003af50 f   sfc_debug:sfdb_symbol_scope.obj
 0001:0003afb0       sf_debug_ss_watch_data     000000018003bfb0 f   sfc_debug:sfdb_symbol_scope.obj
 0001:0003b9e0       get_data_entry_name        000000018003c9e0 f   sfc_debug:sfdb_symbol_scope.obj
 0001:0003ba30       sf_debug_ss_whos           000000018003ca30 f   sfc_debug:sfdb_symbol_scope.obj
 0001:0003c2d0       sf_debug_cc_initialize_chart 000000018003d2d0 f   sfc_debug:sfdb_coverage.obj
 0001:0003ccc0       sf_debug_cc_initialize_instance 000000018003dcc0 f   sfc_debug:sfdb_coverage.obj
 0001:0003dac0       sf_debug_cc_terminate      000000018003eac0 f   sfc_debug:sfdb_coverage.obj
 0001:0003dbb0       sf_debug_cc_set_transition_maps 000000018003ebb0 f   sfc_debug:sfdb_coverage.obj
 0001:0003dce0       sf_debug_cc_set_state_maps 000000018003ece0 f   sfc_debug:sfdb_coverage.obj
 0001:0003ddc0       sf_debug_cc_set_transition_weights 000000018003edc0 f   sfc_debug:sfdb_coverage.obj
 0001:0003e090       sf_debug_cc_set_state_weights 000000018003f090 f   sfc_debug:sfdb_coverage.obj
 0001:0003e370       sf_debug_cc_mark_transition_guard 000000018003f370 f   sfc_debug:sfdb_coverage.obj
 0001:0003e490       sf_debug_cc_mark_transition_trigger 000000018003f490 f   sfc_debug:sfdb_coverage.obj
 0001:0003e5b0       sf_debug_cc_mark_transition_decision 000000018003f5b0 f   sfc_debug:sfdb_coverage.obj
 0001:0003e620       sf_debug_cc_mark_transition_condition_action 000000018003f620 f   sfc_debug:sfdb_coverage.obj
 0001:0003e6f0       sf_debug_cc_mark_transition_transition_action 000000018003f6f0 f   sfc_debug:sfdb_coverage.obj
 0001:0003e7c0       sf_debug_cc_mark_state_entry 000000018003f7c0 f   sfc_debug:sfdb_coverage.obj
 0001:0003e890       sf_debug_cc_mark_state_during 000000018003f890 f   sfc_debug:sfdb_coverage.obj
 0001:0003e960       sf_debug_cc_mark_state_exit 000000018003f960 f   sfc_debug:sfdb_coverage.obj
 0001:0003f220       sf_debug_cc_get_coverage   0000000180040220 f   sfc_debug:sfdb_coverage.obj
 0001:0003f7b0       sf_debug_bm_clear_script_breakpoints 00000001800407b0 f   sfc_debug:sfdb_breakpoints.obj
 0001:0003f7e0       sf_debug_bm_set_script_breakpoint 00000001800407e0 f   sfc_debug:sfdb_breakpoints.obj
 0001:0003f860       sf_debug_bm_clear_single_script_breakpoint 0000000180040860 f   sfc_debug:sfdb_breakpoints.obj
 0001:0003f8e0       sf_debug_bm_query_script_breakpoint 00000001800408e0 f   sfc_debug:sfdb_breakpoints.obj
 0001:0003f930       sf_debug_bm_initialize_scripts 0000000180040930 f   sfc_debug:sfdb_breakpoints.obj
 0001:00040050       sf_debug_bm_terminate      0000000180041050 f   sfc_debug:sfdb_breakpoints.obj
 0001:00040350       sf_debug_bm_remove_all_breakpoints_in_machine 0000000180041350 f   sfc_debug:sfdb_breakpoints.obj
 0001:000403c0       sf_debug_bm_remove_all_breakpoints_in_chart 00000001800413c0 f   sfc_debug:sfdb_breakpoints.obj
 0001:00040510       sf_debug_bm_initialize_global_breakpoints 0000000180041510 f   sfc_debug:sfdb_breakpoints.obj
 0001:00040690       sf_debug_bm_set_breakpoint 0000000180041690 f   sfc_debug:sfdb_breakpoints.obj
 0001:00040c90       sf_debug_bm_set_eml_breakpoint 0000000180041c90 f   sfc_debug:sfdb_breakpoints.obj
 0001:00040d30       sf_debug_bm_initialize_machine_breakpoint_map 0000000180041d30 f   sfc_debug:sfdb_breakpoints.obj
 0001:00041220       sf_debug_bm_is_a_breakpoint 0000000180042220 f   sfc_debug:sfdb_breakpoints.obj
 0001:00041740       sf_debug_bm_get_all_breakpoints_in_machine 0000000180042740 f   sfc_debug:sfdb_breakpoints.obj
 0001:00041a40       sf_debug_bm_get_all_breakpoints_in_chart 0000000180042a40 f   sfc_debug:sfdb_breakpoints.obj
 0001:000426f0       sf_debug_bm_initialize_machine 00000001800436f0 f   sfc_debug:sfdb_breakpoints.obj
 0001:000427c0       sf_debug_bm_initialize_chart 00000001800437c0 f   sfc_debug:sfdb_breakpoints.obj
 0001:00042d00       sf_debug_sc_terminate      0000000180043d00 f   sfc_debug:sfdb_state_consistency.obj
 0001:00043030       sf_debug_sc_is_chart_consistent 0000000180044030 f   sfc_debug:sfdb_state_consistency.obj
 0001:000432d0       sf_debug_sc_get_consistency_error_info 00000001800442d0 f   sfc_debug:sfdb_state_consistency.obj
 0001:00043700       sf_debug_tm_terminate      0000000180044700 f   sfc_debug:sfdb_call_stack.obj
 0001:000437c0       sf_debug_tm_push_chart_instance 00000001800447c0 f   sfc_debug:sfdb_call_stack.obj
 0001:00043920       sf_debug_tm_pop_chart_instance 0000000180044920 f   sfc_debug:sfdb_call_stack.obj
 0001:00043980       sf_debug_tm_push_trace_node 0000000180044980 f   sfc_debug:sfdb_call_stack.obj
 0001:00043b10       sf_debug_tm_pop_trace_node 0000000180044b10 f   sfc_debug:sfdb_call_stack.obj
 0001:00043b90       sf_debug_tm_get_current_global_trace_index 0000000180044b90 f   sfc_debug:sfdb_call_stack.obj
 0001:00043ba0       sf_debug_tm_get_current_local_trace_index 0000000180044ba0 f   sfc_debug:sfdb_call_stack.obj
 0001:00043bd0       sf_debug_tm_set_cycle_detected_flag 0000000180044bd0 f   sfc_debug:sfdb_call_stack.obj
 0001:00043c10       sf_debug_tm_set_cycle_started_flag 0000000180044c10 f   sfc_debug:sfdb_call_stack.obj
 0001:00043c50       sf_debug_tm_get_chart_number_from_stack 0000000180044c50 f   sfc_debug:sfdb_call_stack.obj
 0001:00043e30       sf_debug_tm_browse_trace   0000000180044e30 f   sfc_debug:sfdb_call_stack.obj
 0001:00044160       sf_debug_cd_initialize_instance 0000000180045160 f   sfc_debug:sfdb_cycle_detection.obj
 0001:00044410       sf_debug_cd_mark_processed_transition_in_instance 0000000180045410 f   sfc_debug:sfdb_cycle_detection.obj
 0001:000444b0       sf_debug_cd_checksum_push  00000001800454b0 f   sfc_debug:sfdb_cycle_detection.obj
 0001:00044770       sf_debug_cd_checksum_pop   0000000180045770 f   sfc_debug:sfdb_cycle_detection.obj
 0001:000447e0       sf_debug_cd_turn_off_cycle_detection 00000001800457e0 f   sfc_debug:sfdb_cycle_detection.obj
 0001:00044830       sf_debug_cd_terminate      0000000180045830 f   sfc_debug:sfdb_cycle_detection.obj
 0001:00044a70       md5_initialize_state       0000000180045a70 f   sfc_debug:ckmd5.obj
 0001:000455f0       md5_update_state           00000001800465f0 f   sfc_debug:ckmd5.obj
 0001:000456d0       md5_get_hash               00000001800466d0 f   sfc_debug:ckmd5.obj
 0001:00045700       md5_get_hash_for_a_single_string 0000000180046700 f   sfc_debug:ckmd5.obj
 0001:0004585a       mxGetPr                    000000018004685a f   libmx:libmx.dll
 0001:00045860       mxCreateDoubleScalar       0000000180046860 f   libmx:libmx.dll
 0001:00045866       mxSetField_730             0000000180046866 f   libmx:libmx.dll
 0001:0004586c       mxCreateDoubleMatrix_730   000000018004686c f   libmx:libmx.dll
 0001:00045872       mxCreateStructMatrix_730   0000000180046872 f   libmx:libmx.dll
 0001:00045878       mxDestroyArray             0000000180046878 f   libmx:libmx.dll
 0001:0004587e       mxCreateString             000000018004687e f   libmx:libmx.dll
 0001:00045884       mxDuplicateArray           0000000180046884 f   libmx:libmx.dll
 0001:0004588a       mxGetString_730            000000018004688a f   libmx:libmx.dll
 0001:00045890       mxIsChar                   0000000180046890 f   libmx:libmx.dll
 0001:00045896       mxGetClassID               0000000180046896 f   libmx:libmx.dll
 0001:0004589c       mxIsNumeric                000000018004689c f   libmx:libmx.dll
 0001:000458a2       mxIsComplex                00000001800468a2 f   libmx:libmx.dll
 0001:000458a8       mxGetN                     00000001800468a8 f   libmx:libmx.dll
 0001:000458ae       mxGetM                     00000001800468ae f   libmx:libmx.dll
 0001:000458b4       mxCalloc                   00000001800468b4 f   libmx:libmx.dll
 0001:000458ba       mxGetScalar                00000001800468ba f   libmx:libmx.dll
 0001:000458c0       mxIsLogical                00000001800468c0 f   libmx:libmx.dll
 0001:000458c6       mxCreateDoubleMatrix_700   00000001800468c6 f   libmx:libmx.dll
 0001:000458cc       mxFree                     00000001800468cc f   libmx:libmx.dll
 0001:000458d2       mxArrayToString            00000001800468d2 f   libmx:libmx.dll
 0001:000458d8       mxCreateCellMatrix_700     00000001800468d8 f   libmx:libmx.dll
 0001:000458de       mxSetCell_700              00000001800468de f   libmx:libmx.dll
 0001:000458e4       mxGetCell_700              00000001800468e4 f   libmx:libmx.dll
 0001:000458ea       mxGetClassName             00000001800468ea f   libmx:libmx.dll
 0001:000458f0       mxSetField_700             00000001800468f0 f   libmx:libmx.dll
 0001:000458f6       mxAddField                 00000001800468f6 f   libmx:libmx.dll
 0001:000458fc       mxGetField_700             00000001800468fc f   libmx:libmx.dll
 0001:00045902       mxGetNumberOfElements      0000000180046902 f   libmx:libmx.dll
 0001:00045908       mxIsStruct                 0000000180046908 f   libmx:libmx.dll
 0001:0004590e       mxIsClass                  000000018004690e f   libmx:libmx.dll
 0001:00045914       mxGetLogicals              0000000180046914 f   libmx:libmx.dll
 0001:0004591a       mxIsSparse                 000000018004691a f   libmx:libmx.dll
 0001:00045920       mxSetFieldByNumber_700     0000000180046920 f   libmx:libmx.dll
 0001:00045926       mxGetFieldByNumber_700     0000000180046926 f   libmx:libmx.dll
 0001:0004592c       mxGetFieldNameByNumber     000000018004692c f   libmx:libmx.dll
 0001:00045932       mxGetNumberOfFields        0000000180046932 f   libmx:libmx.dll
 0001:00045938       mxCreateStructMatrix_700   0000000180046938 f   libmx:libmx.dll
 0001:0004593e       mxGetFieldNumber           000000018004693e f   libmx:libmx.dll
 0001:00045944       mxIsNaN                    0000000180046944 f   libmx:libmx.dll
 0001:0004594a       mxIsEmpty                  000000018004694a f   libmx:libmx.dll
 0001:00045950       mxGetData                  0000000180046950 f   libmx:libmx.dll
 0001:00045956       mxGetImagData              0000000180046956 f   libmx:libmx.dll
 0001:0004595c       mxArrayClassIDName         000000018004695c f   libmx:libmx.dll
 0001:00045962       mxCreateNumericMatrix_700  0000000180046962 f   libmx:libmx.dll
 0001:00045968       mxCreateStructArray_700    0000000180046968 f   libmx:libmx.dll
 0001:0004596e       mxCalcSingleSubscript_700  000000018004696e f   libmx:libmx.dll
 0001:00045974       mxGetDimensions_700        0000000180046974 f   libmx:libmx.dll
 0001:0004597a       mxGetNumberOfDimensions_700 000000018004697a f   libmx:libmx.dll
 0001:00045980       mxCreateNumericArray_700   0000000180046980 f   libmx:libmx.dll
 0001:00045986       mxGetElementSize           0000000180046986 f   libmx:libmx.dll
 0001:0004598c       mxCreateStringFromNChars_700 000000018004698c f   libmx:libmx.dll
 0001:00045992       mxGetString_700            0000000180046992 f   libmx:libmx.dll
 0001:00045998       mxIsLogicalScalarTrue      0000000180046998 f   libmx:libmx.dll
 0001:0004599e       mxCreateLogicalScalar      000000018004699e f   libmx:libmx.dll
 0001:000459a4       mexUnlock                  00000001800469a4 f   libmex:libmex.dll
 0001:000459aa       mexIsLocked                00000001800469aa f   libmex:libmex.dll
 0001:000459b0       mexWarnMsgTxt              00000001800469b0 f   libmex:libmex.dll
 0001:000459b6       mexCallMATLAB              00000001800469b6 f   libmex:libmex.dll
 0001:000459bc       mexErrMsgTxt               00000001800469bc f   libmex:libmex.dll
 0001:000459c2       mexSetTrapFlag             00000001800469c2 f   libmex:libmex.dll
 0001:000459c8       mexMakeArrayPersistent     00000001800469c8 f   libmex:libmex.dll
 0001:000459ce       mexPutVariable             00000001800469ce f   libmex:libmex.dll
 0001:000459d4       mexGetVariable             00000001800469d4 f   libmex:libmex.dll
 0001:000459da       mexLock                    00000001800469da f   libmex:libmex.dll
 0001:000459e0       mexMakeMemoryPersistent    00000001800469e0 f   libmex:libmex.dll
 0001:000459e6       mexFunctionName            00000001800469e6 f   libmex:libmex.dll
 0001:000459ec       ssRegisterDataTypeFxpFSlopeFixExpBias 00000001800469ec f   libfixedpoint:libfixedpoint.dll
 0001:000459f2       utVSNprintf                00000001800469f2 f   libut:libut.dll
 0001:000459f8       utCPUtime                  00000001800469f8 f   libut:libut.dll
 0001:000459fe       utFree                     00000001800469fe f   libut:libut.dll
 0001:00045a04       utMalloc                   0000000180046a04 f   libut:libut.dll
 0001:00045a0a       emlrtCheckBuiltInR2009a    0000000180046a0a f   libemlrt:libemlrt.dll
 0001:00045a10       emlrtCheckVsBuiltInR2009a  0000000180046a10 f   libemlrt:libemlrt.dll
 0001:00045a16       emlrtCheckEnumR2009a       0000000180046a16 f   libemlrt:libemlrt.dll
 0001:00045a1c       emlrtCreateEnumR2010a      0000000180046a1c f   libemlrt:libemlrt.dll
 0001:00045a22       emlrtGetEnumElementR2009a  0000000180046a22 f   libemlrt:libemlrt.dll
 0001:00045a28       emlrtImportVsFiArrayR2009b 0000000180046a28 f   libemlrt:libemlrt.dll
 0001:00045a2e       emlrtGetEnumUnderlyingArrayR2009a 0000000180046a2e f   libemlrt:libemlrt.dll
 0001:00045a34       emlrtIsEnumR2009a          0000000180046a34 f   libemlrt:libemlrt.dll
 0001:00045a3a       memset                     0000000180046a3a f   MSVCRT:MSVCR100.dll
 0001:00045a40       malloc                     0000000180046a40 f   MSVCRT:MSVCR100.dll
 0001:00045a48       __GSHandlerCheckCommon     0000000180046a48 f   MSVCRT:gshandler.obj
 0001:00045aac       __GSHandlerCheck           0000000180046aac f   MSVCRT:gshandler.obj
 0001:00045ae0       __security_check_cookie    0000000180046ae0 f   MSVCRT:amdsecgs.obj
 0001:00045b00       free                       0000000180046b00 f   MSVCRT:MSVCR100.dll
 0001:00045b06       strlen                     0000000180046b06 f   MSVCRT:MSVCR100.dll
 0001:00045b0c       strcmp                     0000000180046b0c f   MSVCRT:MSVCR100.dll
 0001:00045b12       sprintf                    0000000180046b12 f   MSVCRT:MSVCR100.dll
 0001:00045b18       strcat                     0000000180046b18 f   MSVCRT:MSVCR100.dll
 0001:00045b1e       memcpy                     0000000180046b1e f   MSVCRT:MSVCR100.dll
 0001:00045b24       NtCurrentTeb               0000000180046b24 f i MSVCRT:crtdll.obj
 0001:00045b90       _CRT_INIT                  0000000180046b90 f   MSVCRT:crtdll.obj
 0001:00045f28       _DllMainCRTStartup         0000000180046f28 f   MSVCRT:crtdll.obj
 0001:00045f66       strncpy                    0000000180046f66 f   MSVCRT:MSVCR100.dll
 0001:00045f80       _alloca_probe              0000000180046f80     MSVCRT:chkstk.obj
 0001:00045f80       __chkstk                   0000000180046f80 f   MSVCRT:chkstk.obj
 0001:00045fce       longjmp                    0000000180046fce f   MSVCRT:MSVCR100.dll
 0001:00045fd4       strncmp                    0000000180046fd4 f   MSVCRT:MSVCR100.dll
 0001:00045fda       ceil                       0000000180046fda f   MSVCRT:MSVCR100.dll
 0001:00045fe0       strrchr                    0000000180046fe0 f   MSVCRT:MSVCR100.dll
 0001:00045fe6       _setjmp                    0000000180046fe6 f   MSVCRT:MSVCR100.dll
 0001:00045fec       calloc                     0000000180046fec f   MSVCRT:MSVCR100.dll
 0001:00045ff2       realloc                    0000000180046ff2 f   MSVCRT:MSVCR100.dll
 0001:00045ff8       ldexp                      0000000180046ff8 f   MSVCRT:MSVCR100.dll
 0001:00046000       __report_gsfailure         0000000180047000 f   MSVCRT:gs_report.obj
 0001:0004614c       __clean_type_info_names    000000018004714c f   MSVCRT:tncleanup.obj
 0001:00046158       _onexit                    0000000180047158 f   MSVCRT:atonexit.obj
 0001:00046208       atexit                     0000000180047208 f   MSVCRT:atonexit.obj
 0001:00046220       _RTC_Initialize            0000000180047220 f   MSVCRT:_initsect_.obj
 0001:00046258       _RTC_Terminate             0000000180047258 f   MSVCRT:_initsect_.obj
 0001:00046290       _malloc_crt                0000000180047290 f   MSVCRT:MSVCR100.dll
 0001:000462a0       _ValidateImageBase         00000001800472a0 f   MSVCRT:pesect.obj
 0001:000462d0       _FindPESection             00000001800472d0 f   MSVCRT:pesect.obj
 0001:00046320       _IsNonwritableInCurrentImage 0000000180047320 f   MSVCRT:pesect.obj
 0001:00046362       _initterm                  0000000180047362 f   MSVCRT:MSVCR100.dll
 0001:00046368       _initterm_e                0000000180047368 f   MSVCRT:MSVCR100.dll
 0001:0004636e       _encoded_null              000000018004736e f   MSVCRT:MSVCR100.dll
 0001:00046374       _amsg_exit                 0000000180047374 f   MSVCRT:MSVCR100.dll
 0001:0004637a       __C_specific_handler       000000018004737a f   MSVCRT:MSVCR100.dll
 0001:00046380       __CppXcptFilter            0000000180047380 f   MSVCRT:MSVCR100.dll
 0001:00046388       DllMain                    0000000180047388 f   MSVCRT:dllmain.obj
 0001:000463ac       __security_init_cookie     00000001800473ac f   MSVCRT:gs_support.obj
 0001:00046460       __crt_debugger_hook        0000000180047460 f   MSVCRT:MSVCR100.dll
 0001:00046466       __clean_type_info_names_internal 0000000180047466 f   MSVCRT:MSVCR100.dll
 0001:0004646c       _unlock                    000000018004746c f   MSVCRT:MSVCR100.dll
 0001:00046472       __dllonexit                0000000180047472 f   MSVCRT:MSVCR100.dll
 0001:00046478       _lock                      0000000180047478 f   MSVCRT:MSVCR100.dll
 0001:0004647e       EncodePointer              000000018004747e f   kernel32:KERNEL32.dll
 0001:00046484       DecodePointer              0000000180047484 f   kernel32:KERNEL32.dll
 0001:0004648a       Sleep                      000000018004748a f   kernel32:KERNEL32.dll
 0001:00046490       TerminateProcess           0000000180047490 f   kernel32:KERNEL32.dll
 0001:00046496       GetCurrentProcess          0000000180047496 f   kernel32:KERNEL32.dll
 0001:0004649c       UnhandledExceptionFilter   000000018004749c f   kernel32:KERNEL32.dll
 0001:000464a2       SetUnhandledExceptionFilter 00000001800474a2 f   kernel32:KERNEL32.dll
 0001:000464a8       IsDebuggerPresent          00000001800474a8 f   kernel32:KERNEL32.dll
 0001:000464ae       RtlVirtualUnwind           00000001800474ae f   kernel32:KERNEL32.dll
 0001:000464b4       RtlLookupFunctionEntry     00000001800474b4 f   kernel32:KERNEL32.dll
 0001:000464ba       RtlCaptureContext          00000001800474ba f   kernel32:KERNEL32.dll
 0001:000464c0       DisableThreadLibraryCalls  00000001800474c0 f   kernel32:KERNEL32.dll
 0001:000464c6       QueryPerformanceCounter    00000001800474c6 f   kernel32:KERNEL32.dll
 0001:000464cc       GetTickCount               00000001800474cc f   kernel32:KERNEL32.dll
 0001:000464d2       GetCurrentThreadId         00000001800474d2 f   kernel32:KERNEL32.dll
 0001:000464d8       GetCurrentProcessId        00000001800474d8 f   kernel32:KERNEL32.dll
 0001:000464de       GetSystemTimeAsFileTime    00000001800474de f   kernel32:KERNEL32.dll
 0002:00000000       __imp_GetSystemTimeAsFileTime 0000000180048000     kernel32:KERNEL32.dll
 0002:00000008       __imp_GetCurrentProcessId  0000000180048008     kernel32:KERNEL32.dll
 0002:00000010       __imp_GetCurrentThreadId   0000000180048010     kernel32:KERNEL32.dll
 0002:00000018       __imp_GetTickCount         0000000180048018     kernel32:KERNEL32.dll
 0002:00000020       __imp_QueryPerformanceCounter 0000000180048020     kernel32:KERNEL32.dll
 0002:00000028       __imp_DisableThreadLibraryCalls 0000000180048028     kernel32:KERNEL32.dll
 0002:00000030       __imp_RtlCaptureContext    0000000180048030     kernel32:KERNEL32.dll
 0002:00000038       __imp_RtlLookupFunctionEntry 0000000180048038     kernel32:KERNEL32.dll
 0002:00000040       __imp_RtlVirtualUnwind     0000000180048040     kernel32:KERNEL32.dll
 0002:00000048       __imp_IsDebuggerPresent    0000000180048048     kernel32:KERNEL32.dll
 0002:00000050       __imp_SetUnhandledExceptionFilter 0000000180048050     kernel32:KERNEL32.dll
 0002:00000058       __imp_UnhandledExceptionFilter 0000000180048058     kernel32:KERNEL32.dll
 0002:00000060       __imp_GetCurrentProcess    0000000180048060     kernel32:KERNEL32.dll
 0002:00000068       __imp_TerminateProcess     0000000180048068     kernel32:KERNEL32.dll
 0002:00000070       __imp_Sleep                0000000180048070     kernel32:KERNEL32.dll
 0002:00000078       __imp_DecodePointer        0000000180048078     kernel32:KERNEL32.dll
 0002:00000080       __imp_EncodePointer        0000000180048080     kernel32:KERNEL32.dll
 0002:00000088       \177KERNEL32_NULL_THUNK_DATA 0000000180048088     kernel32:KERNEL32.dll
 0002:00000090       __imp__onexit              0000000180048090     MSVCRT:MSVCR100.dll
 0002:00000098       __imp__lock                0000000180048098     MSVCRT:MSVCR100.dll
 0002:000000a0       __imp___dllonexit          00000001800480a0     MSVCRT:MSVCR100.dll
 0002:000000a8       __imp__unlock              00000001800480a8     MSVCRT:MSVCR100.dll
 0002:000000b0       __imp___clean_type_info_names_internal 00000001800480b0     MSVCRT:MSVCR100.dll
 0002:000000b8       __imp___crt_debugger_hook  00000001800480b8     MSVCRT:MSVCR100.dll
 0002:000000c0       __imp___CppXcptFilter      00000001800480c0     MSVCRT:MSVCR100.dll
 0002:000000c8       __imp___C_specific_handler 00000001800480c8     MSVCRT:MSVCR100.dll
 0002:000000d0       __imp__amsg_exit           00000001800480d0     MSVCRT:MSVCR100.dll
 0002:000000d8       __imp__encoded_null        00000001800480d8     MSVCRT:MSVCR100.dll
 0002:000000e0       __imp__initterm_e          00000001800480e0     MSVCRT:MSVCR100.dll
 0002:000000e8       __imp__initterm            00000001800480e8     MSVCRT:MSVCR100.dll
 0002:000000f0       __imp__malloc_crt          00000001800480f0     MSVCRT:MSVCR100.dll
 0002:000000f8       __imp_ldexp                00000001800480f8     MSVCRT:MSVCR100.dll
 0002:00000100       __imp_realloc              0000000180048100     MSVCRT:MSVCR100.dll
 0002:00000108       __imp_calloc               0000000180048108     MSVCRT:MSVCR100.dll
 0002:00000110       __imp__setjmp              0000000180048110     MSVCRT:MSVCR100.dll
 0002:00000118       __imp_strrchr              0000000180048118     MSVCRT:MSVCR100.dll
 0002:00000120       __imp_ceil                 0000000180048120     MSVCRT:MSVCR100.dll
 0002:00000128       __imp_strncmp              0000000180048128     MSVCRT:MSVCR100.dll
 0002:00000130       __imp_longjmp              0000000180048130     MSVCRT:MSVCR100.dll
 0002:00000138       __imp_strncpy              0000000180048138     MSVCRT:MSVCR100.dll
 0002:00000140       __imp_memcpy               0000000180048140     MSVCRT:MSVCR100.dll
 0002:00000148       __imp_strcat               0000000180048148     MSVCRT:MSVCR100.dll
 0002:00000150       __imp_sprintf              0000000180048150     MSVCRT:MSVCR100.dll
 0002:00000158       __imp_strcmp               0000000180048158     MSVCRT:MSVCR100.dll
 0002:00000160       __imp_strlen               0000000180048160     MSVCRT:MSVCR100.dll
 0002:00000168       __imp_free                 0000000180048168     MSVCRT:MSVCR100.dll
 0002:00000170       __imp_malloc               0000000180048170     MSVCRT:MSVCR100.dll
 0002:00000178       __imp_memset               0000000180048178     MSVCRT:MSVCR100.dll
 0002:00000180       \177MSVCR100_NULL_THUNK_DATA 0000000180048180     MSVCRT:MSVCR100.dll
 0002:00000188       __imp_emlrtIsEnumR2009a    0000000180048188     libemlrt:libemlrt.dll
 0002:00000190       __imp_emlrtGetEnumUnderlyingArrayR2009a 0000000180048190     libemlrt:libemlrt.dll
 0002:00000198       __imp_emlrtImportVsFiArrayR2009b 0000000180048198     libemlrt:libemlrt.dll
 0002:000001a0       __imp_emlrtGetEnumElementR2009a 00000001800481a0     libemlrt:libemlrt.dll
 0002:000001a8       __imp_emlrtCreateEnumR2010a 00000001800481a8     libemlrt:libemlrt.dll
 0002:000001b0       __imp_emlrtCheckEnumR2009a 00000001800481b0     libemlrt:libemlrt.dll
 0002:000001b8       __imp_emlrtCheckVsBuiltInR2009a 00000001800481b8     libemlrt:libemlrt.dll
 0002:000001c0       __imp_emlrtCheckBuiltInR2009a 00000001800481c0     libemlrt:libemlrt.dll
 0002:000001c8       \177libemlrt_NULL_THUNK_DATA 00000001800481c8     libemlrt:libemlrt.dll
 0002:000001d0       __imp_ssRegisterDataTypeFxpFSlopeFixExpBias 00000001800481d0     libfixedpoint:libfixedpoint.dll
 0002:000001d8       \177libfixedpoint_NULL_THUNK_DATA 00000001800481d8     libfixedpoint:libfixedpoint.dll
 0002:000001e0       __imp_mexErrMsgTxt         00000001800481e0     libmex:libmex.dll
 0002:000001e8       __imp_mexIsLocked          00000001800481e8     libmex:libmex.dll
 0002:000001f0       __imp_mexMakeArrayPersistent 00000001800481f0     libmex:libmex.dll
 0002:000001f8       __imp_mexPutVariable       00000001800481f8     libmex:libmex.dll
 0002:00000200       __imp_mexCallMATLAB        0000000180048200     libmex:libmex.dll
 0002:00000208       __imp_mexLock              0000000180048208     libmex:libmex.dll
 0002:00000210       __imp_mexMakeMemoryPersistent 0000000180048210     libmex:libmex.dll
 0002:00000218       __imp_mexFunctionName      0000000180048218     libmex:libmex.dll
 0002:00000220       __imp_mexGetVariable       0000000180048220     libmex:libmex.dll
 0002:00000228       __imp_mexWarnMsgTxt        0000000180048228     libmex:libmex.dll
 0002:00000230       __imp_mexUnlock            0000000180048230     libmex:libmex.dll
 0002:00000238       __imp_mexSetTrapFlag       0000000180048238     libmex:libmex.dll
 0002:00000240       \177libmex_NULL_THUNK_DATA 0000000180048240     libmex:libmex.dll
 0002:00000248       __imp_mxIsClass            0000000180048248     libmx:libmx.dll
 0002:00000250       __imp_mxCreateDoubleScalar 0000000180048250     libmx:libmx.dll
 0002:00000258       __imp_mxSetField_730       0000000180048258     libmx:libmx.dll
 0002:00000260       __imp_mxCreateDoubleMatrix_730 0000000180048260     libmx:libmx.dll
 0002:00000268       __imp_mxCreateStructMatrix_730 0000000180048268     libmx:libmx.dll
 0002:00000270       __imp_mxCreateLogicalScalar 0000000180048270     libmx:libmx.dll
 0002:00000278       __imp_mxIsLogicalScalarTrue 0000000180048278     libmx:libmx.dll
 0002:00000280       __imp_mxGetString_700      0000000180048280     libmx:libmx.dll
 0002:00000288       __imp_mxCreateStringFromNChars_700 0000000180048288     libmx:libmx.dll
 0002:00000290       __imp_mxGetElementSize     0000000180048290     libmx:libmx.dll
 0002:00000298       __imp_mxCreateNumericArray_700 0000000180048298     libmx:libmx.dll
 0002:000002a0       __imp_mxGetNumberOfDimensions_700 00000001800482a0     libmx:libmx.dll
 0002:000002a8       __imp_mxGetDimensions_700  00000001800482a8     libmx:libmx.dll
 0002:000002b0       __imp_mxCalcSingleSubscript_700 00000001800482b0     libmx:libmx.dll
 0002:000002b8       __imp_mxCreateStructArray_700 00000001800482b8     libmx:libmx.dll
 0002:000002c0       __imp_mxCreateNumericMatrix_700 00000001800482c0     libmx:libmx.dll
 0002:000002c8       __imp_mxArrayClassIDName   00000001800482c8     libmx:libmx.dll
 0002:000002d0       __imp_mxGetImagData        00000001800482d0     libmx:libmx.dll
 0002:000002d8       __imp_mxGetData            00000001800482d8     libmx:libmx.dll
 0002:000002e0       __imp_mxIsEmpty            00000001800482e0     libmx:libmx.dll
 0002:000002e8       __imp_mxIsNaN              00000001800482e8     libmx:libmx.dll
 0002:000002f0       __imp_mxGetFieldNumber     00000001800482f0     libmx:libmx.dll
 0002:000002f8       __imp_mxCreateStructMatrix_700 00000001800482f8     libmx:libmx.dll
 0002:00000300       __imp_mxGetNumberOfFields  0000000180048300     libmx:libmx.dll
 0002:00000308       __imp_mxGetFieldNameByNumber 0000000180048308     libmx:libmx.dll
 0002:00000310       __imp_mxGetFieldByNumber_700 0000000180048310     libmx:libmx.dll
 0002:00000318       __imp_mxSetFieldByNumber_700 0000000180048318     libmx:libmx.dll
 0002:00000320       __imp_mxIsSparse           0000000180048320     libmx:libmx.dll
 0002:00000328       __imp_mxGetLogicals        0000000180048328     libmx:libmx.dll
 0002:00000330       __imp_mxGetPr              0000000180048330     libmx:libmx.dll
 0002:00000338       __imp_mxIsStruct           0000000180048338     libmx:libmx.dll
 0002:00000340       __imp_mxGetNumberOfElements 0000000180048340     libmx:libmx.dll
 0002:00000348       __imp_mxGetField_700       0000000180048348     libmx:libmx.dll
 0002:00000350       __imp_mxAddField           0000000180048350     libmx:libmx.dll
 0002:00000358       __imp_mxSetField_700       0000000180048358     libmx:libmx.dll
 0002:00000360       __imp_mxGetClassName       0000000180048360     libmx:libmx.dll
 0002:00000368       __imp_mxGetCell_700        0000000180048368     libmx:libmx.dll
 0002:00000370       __imp_mxSetCell_700        0000000180048370     libmx:libmx.dll
[...]
 0001:0001a9b0       check_input_mxarray        000000018001b9b0 f   sfc_mex:sfc_mex.obj
 0001:0001b150       sf_numeric_value_to_double 000000018001c150 f   sfc_mex:sfc_mex.obj
 0001:0001b1a0       ml_generic_out_of_bounds_check 000000018001c1a0 f   sfc_mex:sfc_mex.obj
 0001:0001b2f0       ml_get_element_value_from_array 000000018001c2f0 f   sfc_mex:sfc_mex.obj
 0001:0001b5f0       _ml_generic_castability_check 000000018001c5f0 f   sfc_mex:sfc_mex.obj
 0001:0001c1c0       ml_generic_castability_check 000000018001d1c0 f   sfc_mex:sfc_mex.obj
 0001:0001c260       ml_check_mx_array_for_single_castability 000000018001d260 f   sfc_mex:sfc_mex.obj
 0001:0001c300       ml_check_mx_array_for_logical_castability 000000018001d300 f   sfc_mex:sfc_mex.obj
 0001:0001c3a0       ml_check_mx_array_for_int8_castability 000000018001d3a0 f   sfc_mex:sfc_mex.obj
 0001:0001c450       ml_check_mx_array_for_uint8_castability 000000018001d450 f   sfc_mex:sfc_mex.obj
 0001:0001c4f0       ml_check_mx_array_for_int16_castability 000000018001d4f0 f   sfc_mex:sfc_mex.obj
 0001:0001c590       ml_check_mx_array_for_uint16_castability 000000018001d590 f   sfc_mex:sfc_mex.obj
 0001:0001c630       ml_check_mx_array_for_int32_castability 000000018001d630 f   sfc_mex:sfc_mex.obj
 0001:0001c6d0       ml_check_mx_array_for_uint32_castability 000000018001d6d0 f   sfc_mex:sfc_mex.obj
 0001:0001c770       ml_check_mx_array_for_castability 000000018001d770 f   sfc_mex:sfc_mex.obj
 0001:0001cf40       set_data_value             000000018001df40 f   sfc_mex:sfc_mex.obj
 0001:0001d290       get_data_value             000000018001e290 f   sfc_mex:sfc_mex.obj
 0001:0001d380       get_next_element_address   000000018001e380 f   sfc_mex:sfc_mex.obj
 0001:0001d450       sf_normalize_index         000000018001e450 f   sfc_mex:sfc_mex.obj
 0001:0001d7e0       ml_array_index_bound_check 000000018001e7e0 f   sfc_mex:sfc_mex.obj
 0001:0001e3f0       mx_value                   000000018001f3f0 f   sfc_mex:sfc_mex.obj
 0001:0001e440       sf_create_numeric_array    000000018001f440 f   sfc_mex:sfc_mex.obj
 0001:0001e4e0       sf_mex_assign_to_mx_array  000000018001f4e0 f   sfc_mex:sfc_mex.obj
 0001:0001ee50       assign_from_mx_array       000000018001fe50 f   sfc_mex:sfc_mex.obj
 0001:000200d0       get_machine_and_chart_file_number 00000001800210d0 f   sfc_mex:sfc_sf.obj
 0001:000201c0       get_sfun_block_specialization 00000001800211c0 f   sfc_mex:sfc_sf.obj
 0001:00020240       call_sf_machine_global_method_dispatcher 0000000180021240 f   sfc_mex:sfc_sf.obj
 0001:000204b0       mdl_zeroCrossings_processing 00000001800214b0 f   sfc_mex:sfc_sf.obj
 0001:00020580       mdl_derivatives_processing 0000000180021580 f   sfc_mex:sfc_sf.obj
 0001:00020840       mdl_outputs_continuous_legacy 0000000180021840 f   sfc_mex:sfc_sf.obj
 0001:000208c0       mdl_outputs_processing     00000001800218c0 f   sfc_mex:sfc_sf.obj
 0001:00020bc0       mdl_enable_processing      0000000180021bc0 f   sfc_mex:sfc_sf.obj
 0001:00020c90       mdl_disable_processing     0000000180021c90 f   sfc_mex:sfc_sf.obj
 0001:00021780       write_symbol_mapping       0000000180022780 f   sfc_mex:sfc_sf.obj
 0001:00021f00       sf_call_output_fcn_enable_disable 0000000180022f00 f   sfc_mex:sfc_sf.obj
 0001:00022180       set_dwork_information_from_mx_array 0000000180023180 f   sfc_mex:sfc_sf.obj
 0001:00022900       get_dwork_info_from_mat_file 0000000180023900 f   sfc_mex:sfc_sf.obj
 0001:00022ab0       ptr2mxStruct               0000000180023ab0 f   sfc_mex:sfc_sf.obj
 0001:00022ec0       SNPRINTF_WRAPPER           0000000180023ec0 f   sfc_debug:sfcdebug.obj
 0001:00022ee0       sf_debug_chart_instance_initialized_quick 0000000180023ee0 f   sfc_debug:sfcdebug.obj
 0001:00022ef0       sf_debug_chart_instance_initialized 0000000180023ef0 f   sfc_debug:sfcdebug.obj
 0001:00023090       sfrtAddSize                0000000180024090 f   sfc_debug:sfcdebug.obj
 0001:00023150       sfrtGenSizeString          0000000180024150 f   sfc_debug:sfcdebug.obj
 0001:000238d0       sf_debug_sim_status_listener 00000001800248d0 f   sfc_debug:sfcdebug.obj
 0001:00023e40       sf_debug_form_mask_bits    0000000180024e40 f   sfc_debug:sfcdebug.obj
 0001:00023e80       sf_debug_form_sf_data_type_offsets 0000000180024e80 f   sfc_debug:sfcdebug.obj
 0001:00023f40       sf_debug_free_all          0000000180024f40 f   sfc_debug:sfcdebug.obj
 0001:000240d0       sf_debug_append_debugger_context 00000001800250d0 f   sfc_debug:sfcdebug.obj
 0001:00024390       local_strdup               0000000180025390 f   sfc_debug:sfcdebug.obj
 0001:00025270       sf_debug_em_terminate      0000000180026270 f   sfc_debug:sfcdebug.obj
 0001:000252b0       sf_debug_push_eml_function 00000001800262b0 f   sfc_debug:sfcdebug.obj
 0001:00025350       sf_debug_pop_eml_function  0000000180026350 f   sfc_debug:sfcdebug.obj
 0001:00026010       sf_debug_get_machine_number_from_id_or_name 0000000180027010 f   sfc_debug:sfcdebug.obj
 0001:00026160       sf_debug_get_chart_number_from_id 0000000180027160 f   sfc_debug:sfcdebug.obj
 0001:00026e10       sf_debug_transfer_control_to_debugger_GUI 0000000180027e10 f   sfc_debug:sfcdebug.obj
 0001:00027df0       sf_debug_scripts_rehash    0000000180028df0 f   sfc_debug:sfcdebug.obj
 0001:00028040       sf_debug_get_script_line_count 0000000180029040 f   sfc_debug:sfcdebug.obj
 0001:00028790       cv_eml_state_cvId          0000000180029790 f   sfc_debug:sfcdebug.obj
 0001:00029cb0       sf_debug_data_array_bounds_error 000000018002acb0 f   sfc_debug:sfcdebug.obj
 0001:0002a0b0       eml_debug_runtime_error_doclink 000000018002b0b0 f   sfc_debug:sfcdebug.obj
 0001:0002a220       sf_debug_runtime_error     000000018002b220 f   sfc_debug:sfcdebug.obj
 0001:0002a290       sf_debug_matlab_error      000000018002b290 f   sfc_debug:sfcdebug.obj
 0001:0002aad0       sf_debug_data_value_error  000000018002bad0 f   sfc_debug:sfcdebug.obj
 0001:0002b390       sf_debug_data_loss_error   000000018002c390 f   sfc_debug:sfcdebug.obj
 0001:0002bfa0       call_cv_range_check        000000018002cfa0 f   sfc_debug:sfcdebug.obj
 0001:0002c890       sf_debug_invoke_cycle_detection_code 000000018002d890 f   sfc_debug:sfcdebug.obj
 0001:0002d6f0       sf_reset_debug_info_struct 000000018002e6f0 f   sfc_debug:sfcdebug.obj
 0001:0002e1b0       cv_script_cvId             000000018002f1b0 f   sfc_debug:sfcdebug.obj
 0001:0002f630       sfc_api_chart_visible      0000000180030630 f   sfc_debug:sfc_api.obj
 0001:0002f6b0       sfc_api_active_instance    00000001800306b0 f   sfc_debug:sfc_api.obj
 0001:0002f730       sfc_api_machine_load       0000000180030730 f   sfc_debug:sfc_api.obj
 0001:0002f800       sfc_api_debugger_alive     0000000180030800 f   sfc_debug:sfc_api.obj
 0001:0002f810       sfc_api_go                 0000000180030810 f   sfc_debug:sfc_api.obj
 0001:0002f820       sfc_api_step_over          0000000180030820 f   sfc_debug:sfc_api.obj
 0001:0002f830       sfc_api_step_out           0000000180030830 f   sfc_debug:sfc_api.obj
 0001:0002f840       sfc_api_resume             0000000180030840 f   sfc_debug:sfc_api.obj
 0001:0002f850       sfc_api_break              0000000180030850 f   sfc_debug:sfc_api.obj
 0001:0002f860       sfc_api_stop_debugging     0000000180030860 f   sfc_debug:sfc_api.obj
 0001:0002f8b0       sfc_api_is_cycle_detected  00000001800308b0 f   sfc_debug:sfc_api.obj
 0001:0002f900       sfc_api_is_array_bounds_detected 0000000180030900 f   sfc_debug:sfc_api.obj
 0001:0002f950       sfc_api_set_disable_all_breakpoints 0000000180030950 f   sfc_debug:sfc_api.obj
 0001:0002f9c0       sfc_api_disable_all_breakpoints_and_go 00000001800309c0 f   sfc_debug:sfc_api.obj
 0001:0002f9d0       sfc_api_close              00000001800309d0 f   sfc_debug:sfc_api.obj
 0001:0002f9e0       sfc_api_browse_data        00000001800309e0 f   sfc_debug:sfc_api.obj
 0001:0002fa50       sfc_api_watch_data         0000000180030a50 f   sfc_debug:sfc_api.obj
 0001:0002faf0       sfc_api_whos               0000000180030af0 f   sfc_debug:sfc_api.obj
 0001:0002fb80       sfc_api_get_consistency_info 0000000180030b80 f   sfc_debug:sfc_api.obj
 0001:0002fb90       sfc_api_browse_trace       0000000180030b90 f   sfc_debug:sfc_api.obj
 0001:0002fba0       sfc_api_break_on_chart_entry 0000000180030ba0 f   sfc_debug:sfc_api.obj
 0001:0002fbc0       sfc_api_break_on_event_broadcast 0000000180030bc0 f   sfc_debug:sfc_api.obj
 0001:0002fbe0       sfc_api_break_on_state_entry 0000000180030be0 f   sfc_debug:sfc_api.obj
 0001:0002fc00       sfc_api_set_watch          0000000180030c00 f   sfc_debug:sfc_api.obj
 0001:0002fca0       sfc_api_set_breakpoints    0000000180030ca0 f   sfc_debug:sfc_api.obj
 0001:0002fd40       sfc_api_set_eml_breakpoints 0000000180030d40 f   sfc_debug:sfc_api.obj
 0001:0002fdc0       sfc_api_set_script_breakpoints 0000000180030dc0 f   sfc_debug:sfc_api.obj
 0001:0002fe10       sfc_api_add_script_breakpoints 0000000180030e10 f   sfc_debug:sfc_api.obj
 0001:0002fe60       sfc_api_clear_script_breakpoints 0000000180030e60 f   sfc_debug:sfc_api.obj
 0001:0002feb0       sfc_api_query_script_breakpoints 0000000180030eb0 f   sfc_debug:sfc_api.obj
 0001:0002ff10       sfc_api_get_script_id      0000000180030f10 f   sfc_debug:sfc_api.obj
 0001:0002ffd0       sfc_api_get_active_states  0000000180030fd0 f   sfc_debug:sfc_api.obj
 0001:00030050       sfc_api_break_between_times 0000000180031050 f   sfc_debug:sfc_api.obj
 0001:000300b0       sfc_api_get_instance_handle 00000001800310b0 f   sfc_debug:sfc_api.obj
 0001:00030160       sfc_api_get_coverage       0000000180031160 f   sfc_debug:sfc_api.obj
 0001:000301e0       sfc_api_set_animation      00000001800311e0 f   sfc_debug:sfc_api.obj
 0001:00030230       sfc_api_select_chart       0000000180031230 f   sfc_debug:sfc_api.obj
 0001:00030290       sfc_api_select_charts      0000000180031290 f   sfc_debug:sfc_api.obj
 0001:000302c0       sfc_api_cycle_detection_check 00000001800312c0 f   sfc_debug:sfc_api.obj
 0001:00030310       sfc_api_data_range_check   0000000180031310 f   sfc_debug:sfc_api.obj
 0001:00030360       sfc_api_transition_conflict_check 0000000180031360 f   sfc_debug:sfc_api.obj
 0001:000303b0       sfc_api_state_consistency_check 00000001800313b0 f   sfc_debug:sfc_api.obj
 0001:00030400       sfc_api_set_instance_cv_ids 0000000180031400 f   sfc_debug:sfc_api.obj
 0001:00030510       sfc_api_set_script_cv_ids  0000000180031510 f   sfc_debug:sfc_api.obj
 0001:000305b0       sfc_api_get_current_machine_id 00000001800315b0 f   sfc_debug:sfc_api.obj
 0001:000305e0       sfc_api_get_current_machine_number 00000001800315e0 f   sfc_debug:sfc_api.obj
 0001:00030610       sfc_api_get_current_chart_number 0000000180031610 f   sfc_debug:sfc_api.obj
 0001:00030640       sfc_api_get_current_instance_number 0000000180031640 f   sfc_debug:sfc_api.obj
 0001:00030670       sfc_api_get_current_instance_handle 0000000180031670 f   sfc_debug:sfc_api.obj
 0001:00030690       sfc_api_get_current_is_minor_time_step 0000000180031690 f   sfc_debug:sfc_api.obj
 0001:000306c0       sfc_api_get_current_machine_name 00000001800316c0 f   sfc_debug:sfc_api.obj
 0001:000306e0       sfc_api_get_current_chart_id 00000001800316e0 f   sfc_debug:sfc_api.obj
 0001:00030710       sfc_api_get_current_object_type 0000000180031710 f   sfc_debug:sfc_api.obj
 0001:00030740       sfc_api_get_current_event_type 0000000180031740 f   sfc_debug:sfc_api.obj
 0001:00030770       sfc_api_get_current_object_id 0000000180031770 f   sfc_debug:sfc_api.obj
 0001:000307a0       sfc_get_current_active_event_type 00000001800317a0 f   sfc_debug:sfc_api.obj
 0001:000307d0       sfc_api_get_current_active_event_id 00000001800317d0 f   sfc_debug:sfc_api.obj
 0001:00030800       sfc_api_get_current_simulation_time 0000000180031800 f   sfc_debug:sfc_api.obj
 0001:00030820       sfc_get_current_tag_type   0000000180031820 f   sfc_debug:sfc_api.obj
 0001:00030850       sfc_get_current_coverage_percentage 0000000180031850 f   sfc_debug:sfc_api.obj
 0001:00030870       sfc_get_current_statement_context 0000000180031870 f   sfc_debug:sfc_api.obj
 0001:00030890       sfc_get_current_optional_integer 0000000180031890 f   sfc_debug:sfc_api.obj
 0001:000308b0       sfc_get_current_statement_info 00000001800318b0 f   sfc_debug:sfc_api.obj
 0001:00030950       sfc_api_get                0000000180031950 f   sfc_debug:sfc_api.obj
 0001:00030ab0       sf_debug_sm_is_using_unified_editors 0000000180031ab0 f   sfc_debug:sfdb_animation.obj
 0001:00030b50       sf_debug_sm_is_chart_visible_in_unified_editors 0000000180031b50 f   sfc_debug:sfdb_animation.obj
 0001:00030c10       sf_debug_sm_check_if_chart_is_visible 0000000180031c10 f   sfc_debug:sfdb_animation.obj
 0001:00031820       sf_debug_sm_fill_state_activity_data 0000000180032820 f   sfc_debug:sfdb_animation.obj
 0001:00033e30       sf_debug_hm_get_simulink_handle 0000000180034e30 f   sfc_debug:sfdb_handle_management.obj
 0001:00034a20       sf_debug_hm_initialize_globals 0000000180035a20 f   sfc_debug:sfdb_handle_management.obj
 0001:00034b20       sf_debug_hm_get_machine_debug_flag 0000000180035b20 f   sfc_debug:sfdb_handle_management.obj
 0001:00034c90       sf_debug_hm_get_machine_id 0000000180035c90 f   sfc_debug:sfdb_handle_management.obj
 0001:00034db0       sf_debug_hm_get_chart_id   0000000180035db0 f   sfc_debug:sfdb_handle_management.obj
 0001:00034f50       sf_debug_hm_register_executing_SFunction 0000000180035f50 f   sfc_debug:sfdb_handle_management.obj
 0001:000350e0       sf_debug_hm_get_chart_active_instance 00000001800360e0 f   sfc_debug:sfdb_handle_management.obj
 0001:00035250       sf_debug_hm_get_chart_visibility 0000000180036250 f   sfc_debug:sfdb_handle_management.obj
 0001:000353a0       sf_debug_hm_form_object_boolean_properties 00000001800363a0 f   sfc_debug:sfdb_handle_management.obj
 0001:00035670       sf_debug_hm_form_object_properties 0000000180036670 f   sfc_debug:sfdb_handle_management.obj
 0001:000358b0       sf_debug_hm_terminate_charts 00000001800368b0 f   sfc_debug:sfdb_handle_management.obj
 0001:00035ff0       sf_debug_hm_terminate_machines 0000000180036ff0 f   sfc_debug:sfdb_handle_management.obj
 0001:00037af0       void_ptr_stack_vector_free_total 0000000180038af0 f   sfc_debug:sfdb_data_browse.obj
 0001:00037b80       sf_debug_st_terminate_machine 0000000180038b80 f   sfc_debug:sfdb_data_browse.obj
 0001:00037cb0       sf_debug_st_terminate_instance 0000000180038cb0 f   sfc_debug:sfdb_data_browse.obj
 0001:00038160       push_on_to_void_ptr_stack  0000000180039160 f   sfc_debug:sfdb_data_browse.obj
 0001:000382f0       pop_from_void_ptr_stack    00000001800392f0 f   sfc_debug:sfdb_data_browse.obj
 0001:00038420       sf_debug_st_get_data_value 0000000180039420 f   sfc_debug:sfdb_data_browse.obj
 0001:00038950       mx_value                   0000000180039950 f   sfc_debug:sfdb_data_browse.obj
 0001:00038990       sf_debug_st_fill_data_struct 0000000180039990 f   sfc_debug:sfdb_data_browse.obj
 0001:00038cd0       data_type_format_strings   0000000180039cd0 f   sfc_debug:sfdb_data_browse.obj
 0001:00038d80       sf_debug_st_fill_data      0000000180039d80 f   sfc_debug:sfdb_data_browse.obj
 0001:0003a010       sf_debug_ss_copy_dimension 000000018003b010 f   sfc_debug:sfdb_symbol_scope.obj
 0001:0003a0d0       sf_debug_ss_get_number_elements 000000018003b0d0 f   sfc_debug:sfdb_symbol_scope.obj
 0001:0003a0f0       sf_debug_ss_fill_data_struct 000000018003b0f0 f   sfc_debug:sfdb_symbol_scope.obj
 0001:0003a440       sf_debug_ss_reset_data_info 000000018003b440 f   sfc_debug:sfdb_symbol_scope.obj
 0001:0003a4a0       sf_debug_fill_data_info_by_symbol_scope_entry 000000018003b4a0 f   sfc_debug:sfdb_symbol_scope.obj
 0001:0003a550       sf_debug_fill_data_info_by_data_vector 000000018003b550 f   sfc_debug:sfdb_symbol_scope.obj
 0001:0003a790       sf_debug_ss_get_data_info  000000018003b790 f   sfc_debug:sfdb_symbol_scope.obj
 0001:0003abc0       sf_debug_ss_get_data_value 000000018003bbc0 f   sfc_debug:sfdb_symbol_scope.obj
 0001:0003b050       sf_debug_ss_data_bytes_string 000000018003c050 f   sfc_debug:sfdb_symbol_scope.obj
 0001:0003b100       sf_debug_ss_data_class_string 000000018003c100 f   sfc_debug:sfdb_symbol_scope.obj
 0001:0003b490       sf_debug_ss_data_size_string 000000018003c490 f   sfc_debug:sfdb_symbol_scope.obj
 0001:0003b570       sf_debug_ss_data_create_data_info_struct 000000018003c570 f   sfc_debug:sfdb_symbol_scope.obj
 0001:0003b7d0       sf_debug_ss_data_create_name_value_pair 000000018003c7d0 f   sfc_debug:sfdb_symbol_scope.obj
 0001:0003b870       sf_debug_ss_data_get_whos_info 000000018003c870 f   sfc_debug:sfdb_symbol_scope.obj
 0001:0003b930       same_named_data_in_data_array 000000018003c930 f   sfc_debug:sfdb_symbol_scope.obj
 0001:0003d330       sf_debug_cc_terminate_chart 000000018003e330 f   sfc_debug:sfdb_coverage.obj
 0001:0003d6d0       sf_debug_cc_terminate_instance 000000018003e6d0 f   sfc_debug:sfdb_coverage.obj
 0001:0003e2d0       sf_debug_cc_mark_object_if_needed 000000018003f2d0 f   sfc_debug:sfdb_coverage.obj
 0001:0003ea30       sf_debug_cc_fill_transition_coverage_data 000000018003fa30 f   sfc_debug:sfdb_coverage.obj
 0001:0003ebc0       sf_debug_cc_fill_transition_coverage_map 000000018003fbc0 f   sfc_debug:sfdb_coverage.obj
 0001:0003ee70       sf_debug_cc_fill_state_coverage_map 000000018003fe70 f   sfc_debug:sfdb_coverage.obj
 0001:0003f0c0       sf_debug_cc_fill_state_coverage_data 00000001800400c0 f   sfc_debug:sfdb_coverage.obj
 0001:0003fcf0       sf_debug_bm_initialize_eml 0000000180040cf0 f   sfc_debug:sfdb_breakpoints.obj
 0001:00040e40       sf_debug_bm_map_debug_tag_to_breakpoint_tag 0000000180041e40 f   sfc_debug:sfdb_breakpoints.obj
 0001:00040f20       sf_debug_bm_is_a_eml_breakpoint_impl 0000000180041f20 f   sfc_debug:sfdb_breakpoints.obj
 0001:00042b80       sf_debug_sc_push_on_error_stack 0000000180043b80 f   sfc_debug:sfdb_state_consistency.obj
 0001:00042cb0       sf_debug_sc_reset_error_stack 0000000180043cb0 f   sfc_debug:sfdb_state_consistency.obj
 0001:00042e40       sf_debug_sc_is_state_inconsistent 0000000180043e40 f   sfc_debug:sfdb_state_consistency.obj
 0001:00043140       sf_debug_sc_fill_consistency_info 0000000180044140 f   sfc_debug:sfdb_state_consistency.obj
 0001:000436f0       void_assertion_fcn         00000001800446f0 f   sfc_debug:sfdb_call_stack.obj
 0001:00043c80       sf_debug_tm_fill_local_trace 0000000180044c80 f   sfc_debug:sfdb_call_stack.obj
 0001:00044220       sf_debug_cd_terminate_instance 0000000180045220 f   sfc_debug:sfdb_cycle_detection.obj
 0001:00044280       sf_debug_cd_free_checksum_stack 0000000180045280 f   sfc_debug:sfdb_cycle_detection.obj
 0001:000442d0       sf_debug_cd_reset_pack_strings 00000001800452d0 f   sfc_debug:sfdb_cycle_detection.obj
 0001:00044990       md5file_clear              0000000180045990 f   sfc_debug:ckmd5.obj
 0001:000449c0       Encode                     00000001800459c0 f   sfc_debug:ckmd5.obj
 0001:00044a10       Decode                     0000000180045a10 f   sfc_debug:ckmd5.obj
 0001:00044ab0       MD5Transform               0000000180045ab0 f   sfc_debug:ckmd5.obj
 0001:00045300       md5file_addn               0000000180046300 f   sfc_debug:ckmd5.obj
 0001:000453d0       md5file_hash               00000001800463d0 f   sfc_debug:ckmd5.obj
 0001:00045b30       pre_c_init                 0000000180046b30 f   MSVCRT:crtdll.obj
 0001:00045dec       __DllMainCRTStartup        0000000180046dec f   MSVCRT:crtdll.obj
 0001:000464f0       __DllMainCRTStartup$filt$0 00000001800474f0 f   MSVCRT:crtdll.obj
 0001:00046520       __DllMainCRTStartup$fin$1  0000000180047520 f   MSVCRT:crtdll.obj
 0001:0004653a       _onexit$fin$0              000000018004753a f   MSVCRT:atonexit.obj
 0001:00046560       _IsNonwritableInCurrentImage$filt$0 0000000180047560 f   MSVCRT:pesect.obj
