 MPC_gamecontroller_LiDAR2_sfun

 Timestamp is 5199d95d (Mon May 20 01:05:49 2013)

 Preferred load address is 0000000180000000

 Start         Length     Name                   Class
 0001:00000000 000424c4H .text                   CODE
 0001:000424d0 00000092H .text$x                 CODE
 0002:00000000 00000430H .idata$5                DATA
 0002:00000430 00000008H .CRT$XCA                DATA
 0002:00000438 00000008H .CRT$XCZ                DATA
 0002:00000440 00000008H .CRT$XIA                DATA
 0002:00000448 00000008H .CRT$XIAA               DATA
 0002:00000450 00000008H .CRT$XIZ                DATA
 0002:00000460 000049ecH .rdata                  DATA
 0002:00004e50 00000008H .rtc$IAA                DATA
 0002:00004e58 00000008H .rtc$IZZ                DATA
 0002:00004e60 00000008H .rtc$TAA                DATA
 0002:00004e68 00000008H .rtc$TZZ                DATA
 0002:00004e70 0000475cH .xdata                  DATA
 0002:000095cc 0000008cH .idata$2                DATA
 0002:00009658 00000014H .idata$3                DATA
 0002:00009670 00000430H .idata$4                DATA
 0002:00009aa0 00000964H .idata$6                DATA
 0002:0000a410 00000064H .edata                  DATA
 0003:00000000 00003f78H .data                   DATA
 0003:00003f80 00002678H .bss                    DATA
 0004:00000000 00003684H .pdata                  DATA

  Address         Publics by Value              Rva+Base               Lib:Object

 0000:00000000       ___safe_se_handler_table   0000000000000000     <absolute>
 0000:00000000       ___safe_se_handler_count   0000000000000000     <absolute>
 0000:00000000       __ImageBase                0000000180000000     <linker-defined>
 0001:00000000       sf_c1_MPC_gamecontroller_LiDAR2_get_eml_resolved_functions_info 0000000180001000 f   c1_MPC_gamecontroller_LiDAR2.obj
 0001:00000080       sf_c1_MPC_gamecontroller_LiDAR2_get_check_sum 0000000180001080 f   c1_MPC_gamecontroller_LiDAR2.obj
 0001:00000100       sf_c1_MPC_gamecontroller_LiDAR2_get_autoinheritance_info 0000000180001100 f   c1_MPC_gamecontroller_LiDAR2.obj
 0001:00000a60       c1_MPC_gamecontroller_LiDAR2_method_dispatcher 0000000180001a60 f   c1_MPC_gamecontroller_LiDAR2.obj
 0001:00003570       sf_c2_MPC_gamecontroller_LiDAR2_get_eml_resolved_functions_info 0000000180004570 f   c2_MPC_gamecontroller_LiDAR2.obj
 0001:00004200       sf_c2_MPC_gamecontroller_LiDAR2_get_check_sum 0000000180005200 f   c2_MPC_gamecontroller_LiDAR2.obj
 0001:00004280       sf_c2_MPC_gamecontroller_LiDAR2_get_autoinheritance_info 0000000180005280 f   c2_MPC_gamecontroller_LiDAR2.obj
 0001:00004ab0       c2_MPC_gamecontroller_LiDAR2_method_dispatcher 0000000180005ab0 f   c2_MPC_gamecontroller_LiDAR2.obj
 0001:00007c30       sf_c4_MPC_gamecontroller_LiDAR2_get_eml_resolved_functions_info 0000000180008c30 f   c4_MPC_gamecontroller_LiDAR2.obj
 0001:00008660       sf_c4_MPC_gamecontroller_LiDAR2_get_check_sum 0000000180009660 f   c4_MPC_gamecontroller_LiDAR2.obj
 0001:000086e0       sf_c4_MPC_gamecontroller_LiDAR2_get_autoinheritance_info 00000001800096e0 f   c4_MPC_gamecontroller_LiDAR2.obj
 0001:00008b30       c4_MPC_gamecontroller_LiDAR2_method_dispatcher 0000000180009b30 f   c4_MPC_gamecontroller_LiDAR2.obj
 0001:0000aa30       sf_c5_MPC_gamecontroller_LiDAR2_get_eml_resolved_functions_info 000000018000ba30 f   c5_MPC_gamecontroller_LiDAR2.obj
 0001:0000b540       sf_c5_MPC_gamecontroller_LiDAR2_get_check_sum 000000018000c540 f   c5_MPC_gamecontroller_LiDAR2.obj
 0001:0000b5c0       sf_c5_MPC_gamecontroller_LiDAR2_get_autoinheritance_info 000000018000c5c0 f   c5_MPC_gamecontroller_LiDAR2.obj
 0001:0000ba10       c5_MPC_gamecontroller_LiDAR2_method_dispatcher 000000018000ca10 f   c5_MPC_gamecontroller_LiDAR2.obj
 0001:0000d910       sf_process_check_sum_call  000000018000e910 f   MPC_gamecontroller_LiDAR2_sfun_registry.obj
 0001:0000d960       sf_process_autoinheritance_call 000000018000e960 f   MPC_gamecontroller_LiDAR2_sfun_registry.obj
 0001:0000d9b0       sf_process_get_eml_resolved_functions_info_call 000000018000e9b0 f   MPC_gamecontroller_LiDAR2_sfun_registry.obj
 0001:0000db30       sf_mex_unlock_call         000000018000eb30 f   MPC_gamecontroller_LiDAR2_sfun_registry.obj
 0001:0000dbe0       sf_machine_global_initializer_called 000000018000ebe0 f   MPC_gamecontroller_LiDAR2_sfun_registry.obj
 0001:0000dc10       sf_machine_global_method_dispatcher 000000018000ec10 f   MPC_gamecontroller_LiDAR2_sfun_registry.obj
 0001:0000dc70       sf_machine_global_terminator 000000018000ec70 f   MPC_gamecontroller_LiDAR2_sfun_registry.obj
 0001:0000dcb0       sf_register_machine_exported_symbols 000000018000ecb0 f   MPC_gamecontroller_LiDAR2_sfun_registry.obj
 0001:0000dcd0       callCustomFcn              000000018000ecd0 f   MPC_gamecontroller_LiDAR2_sfun_registry.obj
 0001:0000dce0       sf_machine_global_initializer 000000018000ece0 f   MPC_gamecontroller_LiDAR2_sfun_registry.obj
 0001:0000dd50       _ssSetInputPortMatrixDimensions 000000018000ed50 f   MPC_gamecontroller_LiDAR2_sfun_registry.obj
 0001:0000de60       _ssSetOutputPortMatrixDimensions 000000018000ee60 f   MPC_gamecontroller_LiDAR2_sfun_registry.obj
 0001:0000df70       _ssSetInputPortVectorDimension 000000018000ef70 f   MPC_gamecontroller_LiDAR2_sfun_registry.obj
 0001:0000e040       _ssSetOutputPortVectorDimension 000000018000f040 f   MPC_gamecontroller_LiDAR2_sfun_registry.obj
 0001:0000e110       ssIsRunTimeParamTunable    000000018000f110 f   MPC_gamecontroller_LiDAR2_sfun_registry.obj
 0001:0000e180       ssGetSFuncBlockHandle      000000018000f180 f   MPC_gamecontroller_LiDAR2_sfun_registry.obj
 0001:0000e1f0       _ssGetCurrentInputPortWidth 000000018000f1f0 f   MPC_gamecontroller_LiDAR2_sfun_registry.obj
 0001:0000e310       _ssGetCurrentOutputPortWidth 000000018000f310 f   MPC_gamecontroller_LiDAR2_sfun_registry.obj
 0001:0000e430       _ssGetCallSystemNumFcnCallDestinations 000000018000f430 f   MPC_gamecontroller_LiDAR2_sfun_registry.obj
 0001:0000e4a0       ssWarning                  000000018000f4a0 f   MPC_gamecontroller_LiDAR2_sfun_registry.obj
 0001:0000e5b0       ssGetIsZeroCrossControlDisabled 000000018000f5b0 f   MPC_gamecontroller_LiDAR2_sfun_registry.obj
 0001:0000e620       ssSetIsInputPortUsedForContZcSignal 000000018000f620 f   MPC_gamecontroller_LiDAR2_sfun_registry.obj
 0001:0000e690       ssSetZcSignalIsZcElementDisc 000000018000f690 f   MPC_gamecontroller_LiDAR2_sfun_registry.obj
 0001:0000e740       ssSetZcSignalName          000000018000f740 f   MPC_gamecontroller_LiDAR2_sfun_registry.obj
 0001:0000e7b0       ssSetZcSignalWidth         000000018000f7b0 f   MPC_gamecontroller_LiDAR2_sfun_registry.obj
 0001:0000e820       ssSetZcSignalZcEventType   000000018000f820 f   MPC_gamecontroller_LiDAR2_sfun_registry.obj
 0001:0000e890       ssSetZcSignalType          000000018000f890 f   MPC_gamecontroller_LiDAR2_sfun_registry.obj
 0001:0000e900       ssSetZcSignalZcTol         000000018000f900 f   MPC_gamecontroller_LiDAR2_sfun_registry.obj
 0001:0000e970       ssSetZcSignalNeedsEventNotification 000000018000f970 f   MPC_gamecontroller_LiDAR2_sfun_registry.obj
 0001:0000e9e0       ssCreateAndAddZcSignalInfo 000000018000f9e0 f   MPC_gamecontroller_LiDAR2_sfun_registry.obj
 0001:0000ea50       ssCloneAndAddZcSignalInfo  000000018000fa50 f   MPC_gamecontroller_LiDAR2_sfun_registry.obj
 0001:0000eac0       ssGetNumZcSignals          000000018000fac0 f   MPC_gamecontroller_LiDAR2_sfun_registry.obj
 0001:0000eb30       ssGetZcSignalVector        000000018000fb30 f   MPC_gamecontroller_LiDAR2_sfun_registry.obj
 0001:0000eba0       ssGetZcSignalZcEvents      000000018000fba0 f   MPC_gamecontroller_LiDAR2_sfun_registry.obj
 0001:0000ec10       ssGetZcSignalName          000000018000fc10 f   MPC_gamecontroller_LiDAR2_sfun_registry.obj
 0001:0000ec80       ssGetZcSignalWidth         000000018000fc80 f   MPC_gamecontroller_LiDAR2_sfun_registry.obj
 0001:0000ecf0       ssGetZcSignalZcEventType   000000018000fcf0 f   MPC_gamecontroller_LiDAR2_sfun_registry.obj
 0001:0000ed60       ssGetZcSignalType          000000018000fd60 f   MPC_gamecontroller_LiDAR2_sfun_registry.obj
 0001:0000edd0       ssGetZcSignalZcTol         000000018000fdd0 f   MPC_gamecontroller_LiDAR2_sfun_registry.obj
 0001:0000ee50       ssGetZcSignalNeedsEventNotification 000000018000fe50 f   MPC_gamecontroller_LiDAR2_sfun_registry.obj
 0001:0000eec0       ssGetZcSignalIsZcElementDisc 000000018000fec0 f   MPC_gamecontroller_LiDAR2_sfun_registry.obj
 0001:0000ef60       ssGetIsInputPortElementContinuous 000000018000ff60 f   MPC_gamecontroller_LiDAR2_sfun_registry.obj
 0001:0000f000       _ssGetInputPortSignalPtrsFcn 0000000180010000 f   MPC_gamecontroller_LiDAR2_sfun_registry.obj
 0001:0000f2c0       _ssGetInputPortSignalFcn   00000001800102c0 f   MPC_gamecontroller_LiDAR2_sfun_registry.obj
 0001:0000f4e0       _ssSetInputPortDirectFeedThroughFcn 00000001800104e0 f   MPC_gamecontroller_LiDAR2_sfun_registry.obj
 0001:0000f640       _ssSetInputPortReusableFcn 0000000180010640 f   MPC_gamecontroller_LiDAR2_sfun_registry.obj
 0001:0000f730       _ssSetOutputPortReusableFcn 0000000180010730 f   MPC_gamecontroller_LiDAR2_sfun_registry.obj
 0001:0000f810       ssGetDTypeIdFromMxArray    0000000180010810 f   MPC_gamecontroller_LiDAR2_sfun_registry.obj
 0001:0000f930       ssWriteRTWStr              0000000180010930 f   MPC_gamecontroller_LiDAR2_sfun_registry.obj
 0001:0000f990       ssWriteRTWMxVectParam      0000000180010990 f   MPC_gamecontroller_LiDAR2_sfun_registry.obj
 0001:0000f9f0       ssWriteRTWMx2dMatParam     00000001800109f0 f   MPC_gamecontroller_LiDAR2_sfun_registry.obj
 0001:0000fa70       ssWriteRTWNameValuePair    0000000180010a70 f   MPC_gamecontroller_LiDAR2_sfun_registry.obj
 0001:0000ff60       ssWriteRTWParameters       0000000180010f60 f   MPC_gamecontroller_LiDAR2_sfun_registry.obj
 0001:00010560       ssWriteRTWParamSettings    0000000180011560 f   MPC_gamecontroller_LiDAR2_sfun_registry.obj
 0001:00010c30       ssWriteRTWWorkVect         0000000180011c30 f   MPC_gamecontroller_LiDAR2_sfun_registry.obj
 0001:00011130       mexFunction                0000000180012130 f   MPC_gamecontroller_LiDAR2_sfun_registry.obj
 0001:00012d70       ProcessMexSfunctionEveryCall 0000000180013d70 f   MPC_gamecontroller_LiDAR2_sfun_registry.obj
 0001:00012ee0       MPC_gamecontroller_LiDAR2_initializer 0000000180013ee0 f   MPC_gamecontroller_LiDAR2_sfun.obj
 0001:00012f00       MPC_gamecontroller_LiDAR2_terminator 0000000180013f00 f   MPC_gamecontroller_LiDAR2_sfun.obj
 0001:00012f10       sf_MPC_gamecontroller_LiDAR2_method_dispatcher 0000000180013f10 f   MPC_gamecontroller_LiDAR2_sfun.obj
 0001:00012fc0       sf_MPC_gamecontroller_LiDAR2_process_check_sum_call 0000000180013fc0 f   MPC_gamecontroller_LiDAR2_sfun.obj
 0001:00013410       sf_MPC_gamecontroller_LiDAR2_autoinheritance_info 0000000180014410 f   MPC_gamecontroller_LiDAR2_sfun.obj
 0001:00013550       sf_MPC_gamecontroller_LiDAR2_get_eml_resolved_functions_info 0000000180014550 f   MPC_gamecontroller_LiDAR2_sfun.obj
 0001:00013740       MPC_gamecontroller_LiDAR2_debug_initialize 0000000180014740 f   MPC_gamecontroller_LiDAR2_sfun.obj
 0001:000137b0       MPC_gamecontroller_LiDAR2_register_exported_symbols 00000001800147b0 f   MPC_gamecontroller_LiDAR2_sfun.obj
 0001:00013860       sf_mex_mx_is_numeric       0000000180014860 f   sfc_mex:sfc_mex.obj
 0001:000138a0       strcmp_ignore_ws           00000001800148a0 f   sfc_mex:sfc_mex.obj
 0001:000139e0       sf_mex_duplicatearraysafe  00000001800149e0 f   sfc_mex:sfc_mex.obj
 0001:00013b40       sf_set_error_debugger_context_message_fcn 0000000180014b40 f   sfc_mex:sfc_mex.obj
 0001:00013b50       sf_set_debugger_matlab_error_fcn 0000000180014b50 f   sfc_mex:sfc_mex.obj
 0001:00013b80       sf_set_error_prefix_string 0000000180014b80 f   sfc_mex:sfc_mex.obj
 0001:00013bb0       sf_get_error_prefix_string 0000000180014bb0 f   sfc_mex:sfc_mex.obj
 0001:00013bc0       sf_get_current_jmp_buf_ptr 0000000180014bc0 f   sfc_mex:sfc_mex.obj
 0001:00013bd0       sf_set_current_jmp_buf_ptr 0000000180014bd0 f   sfc_mex:sfc_mex.obj
 0001:00013be0       sf_mex_set_halt_simulation 0000000180014be0 f   sfc_mex:sfc_mex.obj
 0001:00013bf0       sf_mex_get_halt_simulation 0000000180014bf0 f   sfc_mex:sfc_mex.obj
 0001:00013c00       sf_mex_clear_error_message 0000000180014c00 f   sfc_mex:sfc_mex.obj
 0001:00013c20       sf_mex_get_error_message_for_read 0000000180014c20 f   sfc_mex:sfc_mex.obj
 0001:00013c30       sf_mex_get_error_message_buffer_length 0000000180014c30 f   sfc_mex:sfc_mex.obj
 0001:00013d20       sf_mex_warning_message     0000000180014d20 f   sfc_mex:sfc_mex.obj
 0001:00013d90       sf_mex_v_errbuf_createf    0000000180014d90 f   sfc_mex:sfc_mex.obj
 0001:00013da0       sf_mex_errbuf_createf      0000000180014da0 f   sfc_mex:sfc_mex.obj
 0001:00013dd0       sf_mex_v_errbuf_catf       0000000180014dd0 f   sfc_mex:sfc_mex.obj
 0001:00013e10       sf_mex_errbuf_catf         0000000180014e10 f   sfc_mex:sfc_mex.obj
 0001:00013e60       sf_mex_errbuf_copy         0000000180014e60 f   sfc_mex:sfc_mex.obj
 0001:00013e70       sf_mex_errbuf_clear        0000000180014e70 f   sfc_mex:sfc_mex.obj
 0001:00013e80       sf_mex_errbuf_isempty      0000000180014e80 f   sfc_mex:sfc_mex.obj
 0001:00013f90       sf_mex_set_error_status    0000000180014f90 f   sfc_mex:sfc_mex.obj
 0001:00013fe0       sf_mex_error_direct_call   0000000180014fe0 f   sfc_mex:sfc_mex.obj
 0001:00014000       sf_mex_long_jump_on_error  0000000180015000 f   sfc_mex:sfc_mex.obj
 0001:00014030       sf_mex_call_matlab         0000000180015030 f   sfc_mex:sfc_mex.obj
 0001:00014150       sf_mex_check_builtin       0000000180015150 f   sfc_mex:sfc_mex.obj
 0001:00014190       sf_mex_check_builtin_vs    0000000180015190 f   sfc_mex:sfc_mex.obj
 0001:000141f0       sf_mex_check_enum          00000001800151f0 f   sfc_mex:sfc_mex.obj
 0001:00014220       sf_mex_create_enum         0000000180015220 f   sfc_mex:sfc_mex.obj
 0001:00014240       sf_mex_get_enum_element    0000000180015240 f   sfc_mex:sfc_mex.obj
 0001:00014250       sf_mex_createcellarray     0000000180015250 f   sfc_mex:sfc_mex.obj
 0001:00014260       sf_mex_setcell             0000000180015260 f   sfc_mex:sfc_mex.obj
 0001:00014270       sf_mex_getcell             0000000180015270 f   sfc_mex:sfc_mex.obj
 0001:00014280       sf_mex_dup                 0000000180015280 f   sfc_mex:sfc_mex.obj
 0001:000142a0       sf_mex_assign              00000001800152a0 f   sfc_mex:sfc_mex.obj
 0001:00014300       sf_mex_destroy             0000000180015300 f   sfc_mex:sfc_mex.obj
 0001:00014330       mx_array_has_fi_type       0000000180015330 f   sfc_mex:sfc_mex.obj
 0001:00014360       sf_mex_convert_from_fi     0000000180015360 f   sfc_mex:sfc_mex.obj
 0001:000144c0       sf_mex_convert_to_double   00000001800154c0 f   sfc_mex:sfc_mex.obj
 0001:000145e0       sf_mex_import_fi_vs        00000001800155e0 f   sfc_mex:sfc_mex.obj
 0001:00014810       sf_matrix_matrix_index_ok  0000000180015810 f   sfc_mex:sfc_mex.obj
 0001:000148a0       sf_vector_vector_index_ok  00000001800158a0 f   sfc_mex:sfc_mex.obj
 0001:000148d0       ssGetCurrentInputPortDimensions_wrapper 00000001800158d0 f   sfc_mex:sfc_mex.obj
 0001:000148f0       ssGetCurrentOutputPortDimensions_wrapper 00000001800158f0 f   sfc_mex:sfc_mex.obj
 0001:00014910       sf_mex_emlrt_context_is_debug_mode 0000000180015910 f   sfc_mex:sfc_mex.obj
 0001:00014920       sf_mex_emlrt_context_set_debug_mode 0000000180015920 f   sfc_mex:sfc_mex.obj
 0001:00014930       sf_clear_error_manager_info 0000000180015930 f   sfc_mex:sfc_mex.obj
 0001:00014980       sf_mex_stop_simulation_abruptly_wo_error 0000000180015980 f   sfc_mex:sfc_mex.obj
 0001:000149c0       sf_mex_error_message       00000001800159c0 f   sfc_mex:sfc_mex.obj
 0001:00014a20       sf_react_to_error_in_matlab_call 0000000180015a20 f   sfc_mex:sfc_mex.obj
 0001:00014a50       sf_mex_addfield            0000000180015a50 f   sfc_mex:sfc_mex.obj
 0001:00014af0       sf_mex_getfield            0000000180015af0 f   sfc_mex:sfc_mex.obj
 0001:00014da0       sf_mex_check_class         0000000180015da0 f   sfc_mex:sfc_mex.obj
 0001:00014e30       sf_mex_is_real             0000000180015e30 f   sfc_mex:sfc_mex.obj
 0001:00014f50       sf_mex_check_complex       0000000180015f50 f   sfc_mex:sfc_mex.obj
 0001:00014fb0       sf_mex_check_sparse        0000000180015fb0 f   sfc_mex:sfc_mex.obj
 0001:00015020       sf_mex_check_numerictype   0000000180016020 f   sfc_mex:sfc_mex.obj
 0001:00015280       sf_mex_check_fimath        0000000180016280 f   sfc_mex:sfc_mex.obj
 0001:000154e0       sf_mex_decode_encoded_mx_struct_array 00000001800164e0 f   sfc_mex:sfc_mex.obj
 0001:000157b0       sf_mex_lw_bounds_check     00000001800167b0 f   sfc_mex:sfc_mex.obj
 0001:000157e0       sf_mex_lw_size_eq_check_1d 00000001800167e0 f   sfc_mex:sfc_mex.obj
 0001:00015800       sf_mex_lw_size_eq_check_nd 0000000180016800 f   sfc_mex:sfc_mex.obj
 0001:000159f0       sf_mex_lw_dim_size_eq_check 00000001800169f0 f   sfc_mex:sfc_mex.obj
 0001:00015a20       sf_mex_lw_dim_size_geq_check 0000000180016a20 f   sfc_mex:sfc_mex.obj
 0001:00015a50       sf_mex_lw_sub_assign_size_check_nd 0000000180016a50 f   sfc_mex:sfc_mex.obj
 0001:00015c90       sf_mex_lw_matrix_matrix_index_check 0000000180016c90 f   sfc_mex:sfc_mex.obj
 0001:00015d20       sf_mex_lw_vector_vector_index_check 0000000180016d20 f   sfc_mex:sfc_mex.obj
 0001:00015d60       sf_mex_lw_non_negative_check 0000000180016d60 f   sfc_mex:sfc_mex.obj
 0001:00015da0       sf_mex_overflow_error      0000000180016da0 f   sfc_mex:sfc_mex.obj
 0001:00015db0       sf_mex_dividebyzero_error  0000000180016db0 f   sfc_mex:sfc_mex.obj
 0001:00015dc0       sf_mex_unsafe_enum_error   0000000180016dc0 f   sfc_mex:sfc_mex.obj
 0001:00015dd0       sf_emlrtErrHandler         0000000180016dd0 f   sfc_mex:sfc_mex.obj
 0001:00015e00       sf_mex_printf              0000000180016e00 f   sfc_mex:sfc_mex.obj
 0001:00016030       sf_mex_check_size          0000000180017030 f   sfc_mex:sfc_mex.obj
 0001:00016330       sf_mex_check_struct        0000000180017330 f   sfc_mex:sfc_mex.obj
 0001:000164f0       sf_mex_check_struct_vs     00000001800174f0 f   sfc_mex:sfc_mex.obj
 0001:00016580       sf_mex_check_fi            0000000180017580 f   sfc_mex:sfc_mex.obj
 0001:000167e0       sf_mex_check_fi_vs         00000001800177e0 f   sfc_mex:sfc_mex.obj
 0001:00016880       sf_echo_expression         0000000180017880 f   sfc_mex:sfc_mex.obj
 0001:000168e0       sf_assertion_failed        00000001800178e0 f   sfc_mex:sfc_mex.obj
 0001:00016ab0       sf_mex_evalin              0000000180017ab0 f   sfc_mex:sfc_mex.obj
 0001:00016dd0       sf_mex_export              0000000180017dd0 f   sfc_mex:sfc_mex.obj
 0001:00016e70       sf_mex_get_ml_var_no_error 0000000180017e70 f   sfc_mex:sfc_mex.obj
 0001:000170f0       sf_mex_get_ml_var          00000001800180f0 f   sfc_mex:sfc_mex.obj
 0001:00017470       ml_set_element_value_in_array 0000000180018470 f   sfc_mex:sfc_mex.obj
 0001:00018900       sf_mex_call_impl           0000000180019900 f   sfc_mex:sfc_mex.obj
 0001:00018ec0       sf_mex_call_debug          0000000180019ec0 f   sfc_mex:sfc_mex.obj
 0001:00018ef0       sf_mex_call                0000000180019ef0 f   sfc_mex:sfc_mex.obj
 0001:00019500       sf_mex_createstruct        000000018001a500 f   sfc_mex:sfc_mex.obj
 0001:000195f0       sf_mex_createstructarray   000000018001a5f0 f   sfc_mex:sfc_mex.obj
 0001:00019670       sf_mex_get_mx_datatype_from_sf_datatype 000000018001a670 f   sfc_mex:sfc_mex.obj
 0001:00019980       sf_mex_ml_var_sub          000000018001a980 f   sfc_mex:sfc_mex.obj
 0001:00019b50       sf_mex_ml_var_subsasgn     000000018001ab50 f   sfc_mex:sfc_mex.obj
 0001:00019f60       sf_mex_sub                 000000018001af60 f   sfc_mex:sfc_mex.obj
 0001:0001a180       sf_mex_subsasgn            000000018001b180 f   sfc_mex:sfc_mex.obj
 0001:0001ad30       sf_mex_create              000000018001bd30 f   sfc_mex:sfc_mex.obj
 0001:0001bbb0       sf_mex_import              000000018001cbb0 f   sfc_mex:sfc_mex.obj
 0001:0001bcc0       sf_mex_import_vs           000000018001ccc0 f   sfc_mex:sfc_mex.obj
 0001:0001bdd0       sf_mex_lower_fixpt_mx_array 000000018001cdd0 f   sfc_mex:sfc_mex.obj
 0001:0001c410       sim_mode_is_rtw_gen        000000018001d410 f   sfc_mex:sfc_sf.obj
 0001:0001c440       sim_mode_is_external       000000018001d440 f   sfc_mex:sfc_sf.obj
 0001:0001c450       mdlInitializeSizes         000000018001d450 f   sfc_mex:sfc_sf.obj
 0001:0001c470       mdlInitializeSampleTimes   000000018001d470 f   sfc_mex:sfc_sf.obj
 0001:0001c4b0       mdlZeroCrossings           000000018001d4b0 f   sfc_mex:sfc_sf.obj
 0001:0001c590       mdlDerivatives             000000018001d590 f   sfc_mex:sfc_sf.obj
 0001:0001c640       mdl_initialize_conditions_processing 000000018001d640 f   sfc_mex:sfc_sf.obj
 0001:0001c670       mdlInitializeConditions    000000018001d670 f   sfc_mex:sfc_sf.obj
 0001:0001c730       mdlGetSimState             000000018001d730 f   sfc_mex:sfc_sf.obj
 0001:0001c740       mdlSetSimState             000000018001d740 f   sfc_mex:sfc_sf.obj
 0001:0001c750       mdl_ext_mode_exec_processing 000000018001d750 f   sfc_mex:sfc_sf.obj
 0001:0001c770       mdlExtModeExec             000000018001d770 f   sfc_mex:sfc_sf.obj
 0001:0001c9d0       mdlTerminate               000000018001d9d0 f   sfc_mex:sfc_sf.obj
 0001:0001ca40       mdlRTW                     000000018001da40 f   sfc_mex:sfc_sf.obj
 0001:0001ca70       mdlSetWorkWidths           000000018001da70 f   sfc_mex:sfc_sf.obj
 0001:0001ca80       mdlProcessParameters       000000018001da80 f   sfc_mex:sfc_sf.obj
 0001:0001ca90       mdl_start_processing       000000018001da90 f   sfc_mex:sfc_sf.obj
 0001:0001cad0       mdlStart                   000000018001dad0 f   sfc_mex:sfc_sf.obj
 0001:0001cbc0       mdlEnable                  000000018001dbc0 f   sfc_mex:sfc_sf.obj
 0001:0001cc90       mdlDisable                 000000018001dc90 f   sfc_mex:sfc_sf.obj
 0001:0001cd40       sf_get_chart_instance_ptr  000000018001dd40 f   sfc_mex:sfc_sf.obj
 0001:0001cd60       sf_rtw_info_uint_prop      000000018001dd60 f   sfc_mex:sfc_sf.obj
 0001:0001cf40       sf_is_chart_inlinable      000000018001df40 f   sfc_mex:sfc_sf.obj
 0001:0001cf60       sf_mark_output_events_with_multiple_callers 000000018001df60 f   sfc_mex:sfc_sf.obj
 0001:0001d180       sf_mark_chart_reusable_outputs 000000018001e180 f   sfc_mex:sfc_sf.obj
 0001:0001d460       sf_mark_chart_expressionable_inputs 000000018001e460 f   sfc_mex:sfc_sf.obj
 0001:0001d830       sf_get_subchart_simstruct  000000018001e830 f   sfc_mex:sfc_sf.obj
 0001:0001d880       sf_write_symbol_mapping    000000018001e880 f   sfc_mex:sfc_sf.obj
 0001:0001db30       sf_get_fixpt_data_type_id  000000018001eb30 f   sfc_mex:sfc_sf.obj
 0001:0001db70       sf_get_enum_data_type_id   000000018001eb70 f   sfc_mex:sfc_sf.obj
 0001:0001dbb0       sf_get_param_data_type_id  000000018001ebb0 f   sfc_mex:sfc_sf.obj
 0001:0001dbe0       sf_mex_listen_for_ctrl_c_force 000000018001ebe0 f   sfc_mex:sfc_sf.obj
 0001:0001dcf0       sf_mex_draw_now            000000018001ecf0 f   sfc_mex:sfc_sf.obj
 0001:0001dd30       sf_mex_set_debugger_sim_status_listener_fcn 000000018001ed30 f   sfc_mex:sfc_sf.obj
 0001:0001dd40       sf_mex_listen_for_ctrl_c   000000018001ed40 f   sfc_mex:sfc_sf.obj
 0001:0001ddd0       sf_mex_get_sfun_param      000000018001edd0 f   sfc_mex:sfc_sf.obj
 0001:0001de20       sf_get_runtime_param_data  000000018001ee20 f   sfc_mex:sfc_sf.obj
 0001:0001de60       sf_call_output_fcn_call    000000018001ee60 f   sfc_mex:sfc_sf.obj
 0001:0001dfa0       sf_call_output_fcn_enable  000000018001efa0 f   sfc_mex:sfc_sf.obj
 0001:0001e030       sf_call_output_fcn_disable 000000018001f030 f   sfc_mex:sfc_sf.obj
 0001:0001e0c0       sf_clear_rtw_identifier    000000018001f0c0 f   sfc_mex:sfc_sf.obj
 0001:0001e890       sf_set_encoded_dwork_info  000000018001f890 f   sfc_mex:sfc_sf.obj
 0001:0001eb30       sf_set_rtw_dwork_info      000000018001fb30 f   sfc_mex:sfc_sf.obj
 0001:0001ee00       mdlOutputs                 000000018001fe00 f   sfc_mex:sfc_sf.obj
 0001:0001ef40       sf_debug_disp              000000018001ff40 f   sfc_debug:sfcdebug.obj
 0001:0001f210       sf_debug_data_runtime_size_mismatch_error_check 0000000180020210 f   sfc_debug:sfcdebug.obj
 0001:0001f2b0       sf_debug_try_loading_machine 00000001800202b0 f   sfc_debug:sfcdebug.obj
 0001:0001f3b0       sf_debug_reset_current_state_configuration 00000001800203b0 f   sfc_debug:sfcdebug.obj
 0001:0001f440       sf_debug_store_current_state_configuration 0000000180020440 f   sfc_debug:sfcdebug.obj
 0001:0001f4d0       sf_debug_restore_previous_state_configuration 00000001800204d0 f   sfc_debug:sfcdebug.obj
 0001:0001f560       sf_debug_restore_previous_state_configuration2 0000000180020560 f   sfc_debug:sfcdebug.obj
 0001:0001f5f0       sf_debug_get_event_scope   00000001800205f0 f   sfc_debug:sfcdebug.obj
 0001:0001f760       use_debugger_step_animation 0000000180020760 f   sfc_debug:sfcdebug.obj
 0001:0001f780       sf_debug_get_script_id     0000000180020780 f   sfc_debug:sfcdebug.obj
 0001:0001f810       sf_debug_set_script_translation 0000000180020810 f   sfc_debug:sfcdebug.obj
 0001:0001f8d0       sf_debug_get_current_machine_id 00000001800208d0 f   sfc_debug:sfcdebug.obj
 0001:0001f8f0       sf_debug_get_current_optional_integer 00000001800208f0 f   sfc_debug:sfcdebug.obj
 0001:0001f900       sf_debug_get_current_machine_number 0000000180020900 f   sfc_debug:sfcdebug.obj
 0001:0001f920       sf_debug_get_current_machine_name 0000000180020920 f   sfc_debug:sfcdebug.obj
 0001:0001f940       sf_debug_get_current_chart_id 0000000180020940 f   sfc_debug:sfcdebug.obj
 0001:0001f990       sf_debug_get_current_chart_number 0000000180020990 f   sfc_debug:sfcdebug.obj
 0001:0001f9a0       sf_debug_get_current_instance_number 00000001800209a0 f   sfc_debug:sfcdebug.obj
 0001:0001f9b0       sf_debug_get_current_is_minor_time_step 00000001800209b0 f   sfc_debug:sfcdebug.obj
 0001:0001fa30       sf_debug_get_current_object_type 0000000180020a30 f   sfc_debug:sfcdebug.obj
 0001:0001fa40       sf_debug_get_current_instance_handle 0000000180020a40 f   sfc_debug:sfcdebug.obj
 0001:0001faa0       sf_debug_get_current_event_type 0000000180020aa0 f   sfc_debug:sfcdebug.obj
 0001:0001fab0       sf_debug_get_current_object_id 0000000180020ab0 f   sfc_debug:sfcdebug.obj
 0001:0001faf0       sf_debug_get_current_active_event_type 0000000180020af0 f   sfc_debug:sfcdebug.obj
 0001:0001fb00       sf_debug_get_current_active_event_id 0000000180020b00 f   sfc_debug:sfcdebug.obj
 0001:0001fb40       sf_debug_get_current_tag_type 0000000180020b40 f   sfc_debug:sfcdebug.obj
 0001:0001fb50       sf_debug_get_current_simulation_time 0000000180020b50 f   sfc_debug:sfcdebug.obj
 0001:0001fb60       sf_debug_get_current_coverage_percentage 0000000180020b60 f   sfc_debug:sfcdebug.obj
 0001:0001fb70       sf_debug_current_statement_context 0000000180020b70 f   sfc_debug:sfcdebug.obj
 0001:0001fc00       sf_debug_get_current_statement_info 0000000180020c00 f   sfc_debug:sfcdebug.obj
 0001:0001fd80       sf_debug_terminate_instance 0000000180020d80 f   sfc_debug:sfcdebug.obj
 0001:000200a0       sf_debug_assertion_failed  00000001800210a0 f   sfc_debug:sfcdebug.obj
 0001:00020250       sf_debug_set_number_of_data_with_change_event_for_machine 0000000180021250 f   sfc_debug:sfcdebug.obj
 0001:00020290       sf_debug_set_machine_event_thresholds 0000000180021290 f   sfc_debug:sfcdebug.obj
 0001:000202b0       sf_debug_set_machine_event_scope 00000001800212b0 f   sfc_debug:sfcdebug.obj
 0001:000202f0       sf_debug_set_machine_data_thresholds 00000001800212f0 f   sfc_debug:sfcdebug.obj
 0001:00020330       sf_debug_set_machine_data_scope 0000000180021330 f   sfc_debug:sfcdebug.obj
 0001:000203c0       sf_debug_set_machine_data_name 00000001800213c0 f   sfc_debug:sfcdebug.obj
 0001:00020460       sf_debug_set_machine_data_size 0000000180021460 f   sfc_debug:sfcdebug.obj
 0001:000205a0       sf_debug_set_machine_data_type 00000001800215a0 f   sfc_debug:sfcdebug.obj
 0001:00020710       sf_debug_get_chart_data_number 0000000180021710 f   sfc_debug:sfcdebug.obj
 0001:00020730       sf_debug_get_chart_event_number 0000000180021730 f   sfc_debug:sfcdebug.obj
 0001:00020750       sf_debug_set_chart_state_info 0000000180021750 f   sfc_debug:sfcdebug.obj
 0001:000207d0       sf_debug_set_chart_decomposition 00000001800217d0 f   sfc_debug:sfcdebug.obj
 0001:00020840       sf_debug_set_chart_substate_count 0000000180021840 f   sfc_debug:sfcdebug.obj
 0001:00020920       sf_debug_set_chart_substate_index 0000000180021920 f   sfc_debug:sfcdebug.obj
 0001:00020990       sf_debug_set_chart_state_substate_count 0000000180021990 f   sfc_debug:sfcdebug.obj
 0001:00020aa0       sf_debug_set_chart_state_substate_index 0000000180021aa0 f   sfc_debug:sfcdebug.obj
 0001:00020b20       sf_debug_set_number_of_data_with_change_event_for_chart 0000000180021b20 f   sfc_debug:sfcdebug.obj
 0001:00020ba0       sf_debug_set_number_of_states_with_entry_event_for_chart 0000000180021ba0 f   sfc_debug:sfcdebug.obj
 0001:00020c10       sf_debug_set_number_of_states_with_exit_event_for_chart 0000000180021c10 f   sfc_debug:sfcdebug.obj
 0001:00020c80       sf_debug_set_chart_disable_implicit_casting 0000000180021c80 f   sfc_debug:sfcdebug.obj
 0001:00020cf0       sf_debug_set_chart_event_thresholds 0000000180021cf0 f   sfc_debug:sfcdebug.obj
 0001:00020d60       sf_debug_set_chart_data_compiled_props 0000000180021d60 f   sfc_debug:sfcdebug.obj
 0001:000210a0       sf_debug_set_chart_data_props 00000001800220a0 f   sfc_debug:sfcdebug.obj
 0001:000213d0       sf_debug_check_fi_license  00000001800223d0 f   sfc_debug:sfcdebug.obj
 0001:000215c0       sf_debug_symbol_scope_push 00000001800225c0 f   sfc_debug:sfcdebug.obj
 0001:000216a0       sf_debug_symbol_scope_push_eml 00000001800226a0 f   sfc_debug:sfcdebug.obj
 0001:00021780       sf_debug_symbol_scope_pop  0000000180022780 f   sfc_debug:sfcdebug.obj
 0001:000217c0       sf_debug_symbol_scope_add  00000001800227c0 f   sfc_debug:sfcdebug.obj
 0001:00021840       sf_debug_symbol_scope_add_eml 0000000180022840 f   sfc_debug:sfcdebug.obj
 0001:00021880       sf_debug_symbol_scope_add_dyn 0000000180022880 f   sfc_debug:sfcdebug.obj
 0001:00021930       sf_debug_symbol_scope_add_eml_dyn 0000000180022930 f   sfc_debug:sfcdebug.obj
 0001:00021990       sf_debug_symbol_switch     0000000180022990 f   sfc_debug:sfcdebug.obj
 0001:000219b0       sf_debug_symbol_scope_add_verbose 00000001800229b0 f   sfc_debug:sfcdebug.obj
 0001:00021a80       sf_debug_set_machine_data_value_ptr 0000000180022a80 f   sfc_debug:sfcdebug.obj
 0001:00021ac0       sf_debug_set_instance_data_value_ptr 0000000180022ac0 f   sfc_debug:sfcdebug.obj
 0001:00021b80       sf_debug_unset_instance_data_value_ptr 0000000180022b80 f   sfc_debug:sfcdebug.obj
 0001:00021c30       sf_debug_set_chart_event_scope 0000000180022c30 f   sfc_debug:sfcdebug.obj
 0001:00021cb0       sf_debug_set_chart_transition_coverage_maps 0000000180022cb0 f   sfc_debug:sfcdebug.obj
 0001:00021dc0       sf_debug_set_chart_state_coverage_maps 0000000180022dc0 f   sfc_debug:sfcdebug.obj
 0001:00021ea0       sf_debug_set_instance_transition_coverage_weights 0000000180022ea0 f   sfc_debug:sfcdebug.obj
 0001:00021f40       sf_debug_set_instance_state_coverage_weights 0000000180022f40 f   sfc_debug:sfcdebug.obj
 0001:00022190       sf_debug_unload_machine    0000000180023190 f   sfc_debug:sfcdebug.obj
 0001:000221e0       sf_debug_load_machine      00000001800231e0 f   sfc_debug:sfcdebug.obj
 0001:000222f0       sf_debug_set_active_instance_in_data_dictionary 00000001800232f0 f   sfc_debug:sfcdebug.obj
 0001:000224d0       sf_debug_set_active_instance 00000001800234d0 f   sfc_debug:sfcdebug.obj
 0001:00022620       sf_debug_chart_visiblity_change 0000000180023620 f   sfc_debug:sfcdebug.obj
 0001:00022700       sf_debug_select_chart      0000000180023700 f   sfc_debug:sfcdebug.obj
 0001:000227e0       sf_debug_set_instance_cv_ids 00000001800237e0 f   sfc_debug:sfcdebug.obj
 0001:00022b00       sf_debug_select_charts     0000000180023b00 f   sfc_debug:sfcdebug.obj
 0001:00022c40       sf_debug_initialized       0000000180023c40 f   sfc_debug:sfcdebug.obj
 0001:00022c50       sf_debug_is_uninterruptible 0000000180023c50 f   sfc_debug:sfcdebug.obj
 0001:00022c80       sf_debug_initialize_debugger_gui 0000000180023c80 f   sfc_debug:sfcdebug.obj
 0001:00023060       sf_debug_resume            0000000180024060 f   sfc_debug:sfcdebug.obj
 0001:00023080       sf_debug_go                0000000180024080 f   sfc_debug:sfcdebug.obj
 0001:00023090       sf_debug_break             0000000180024090 f   sfc_debug:sfcdebug.obj
 0001:000230a0       sf_debug_step_over         00000001800240a0 f   sfc_debug:sfcdebug.obj
 0001:000230b0       sf_debug_step_out          00000001800240b0 f   sfc_debug:sfcdebug.obj
 0001:000230c0       sf_debug_set_disable_all_breakpoints 00000001800240c0 f   sfc_debug:sfcdebug.obj
 0001:000230d0       sf_debug_disable_all_breakpoints_and_go 00000001800240d0 f   sfc_debug:sfcdebug.obj
 0001:000230e0       sf_debug_break_on_chart_entry 00000001800240e0 f   sfc_debug:sfcdebug.obj
 0001:000230f0       sf_debug_break_on_event_broadcast 00000001800240f0 f   sfc_debug:sfcdebug.obj
 0001:00023100       sf_debug_break_on_state_entry 0000000180024100 f   sfc_debug:sfcdebug.obj
 0001:00023110       sf_debug_break_between_times 0000000180024110 f   sfc_debug:sfcdebug.obj
 0001:00023130       sf_debug_browse_data       0000000180024130 f   sfc_debug:sfcdebug.obj
 0001:00023150       sf_debug_watch_data        0000000180024150 f   sfc_debug:sfcdebug.obj
 0001:00023170       sf_debug_whos              0000000180024170 f   sfc_debug:sfcdebug.obj
 0001:00023190       sf_debug_get_consistency_info 0000000180024190 f   sfc_debug:sfcdebug.obj
 0001:000231a0       sf_debug_browse_trace      00000001800241a0 f   sfc_debug:sfcdebug.obj
 0001:000231b0       sf_debug_set_breakpoints   00000001800241b0 f   sfc_debug:sfcdebug.obj
 0001:00023300       sf_debug_set_eml_breakpoints 0000000180024300 f   sfc_debug:sfcdebug.obj
 0001:00023460       sf_debug_set_script_breakpoints 0000000180024460 f   sfc_debug:sfcdebug.obj
 0001:000234e0       sf_debug_add_script_breakpoints 00000001800244e0 f   sfc_debug:sfcdebug.obj
 0001:00023550       sf_debug_clear_script_breakpoints 0000000180024550 f   sfc_debug:sfcdebug.obj
 0001:000235c0       sf_debug_query_script_breakpoints 00000001800245c0 f   sfc_debug:sfcdebug.obj
 0001:00023680       sf_debug_get_eml_script_id 0000000180024680 f   sfc_debug:sfcdebug.obj
 0001:00023740       sf_debug_set_watch         0000000180024740 f   sfc_debug:sfcdebug.obj
 0001:00023960       sf_debug_get_coverage      0000000180024960 f   sfc_debug:sfcdebug.obj
 0001:00023970       sf_debug_get_instance_handle 0000000180024970 f   sfc_debug:sfcdebug.obj
 0001:00023a00       sf_debug_get_active_states 0000000180024a00 f   sfc_debug:sfcdebug.obj
 0001:00023a10       sf_debug_get_animation     0000000180024a10 f   sfc_debug:sfcdebug.obj
 0001:00023a20       sf_debug_set_animation     0000000180024a20 f   sfc_debug:sfcdebug.obj
 0001:00023a30       sf_debug_animate           0000000180024a30 f   sfc_debug:sfcdebug.obj
 0001:00023a60       sf_debug_cycle_detection_check 0000000180024a60 f   sfc_debug:sfcdebug.obj
 0001:00023a70       sf_debug_data_range_check  0000000180024a70 f   sfc_debug:sfcdebug.obj
 0001:00023a80       sf_debug_transition_conflict_check 0000000180024a80 f   sfc_debug:sfcdebug.obj
 0001:00023a90       sf_debug_state_consistency_check 0000000180024a90 f   sfc_debug:sfcdebug.obj
 0001:00023aa0       sf_debug_data_range_check_enabled 0000000180024aa0 f   sfc_debug:sfcdebug.obj
 0001:00023ac0       sf_debug_transition_conflict_check_enabled 0000000180024ac0 f   sfc_debug:sfcdebug.obj
 0001:00023ae0       sf_debug_transition_conflict_check_begin 0000000180024ae0 f   sfc_debug:sfcdebug.obj
 0001:00023b00       sf_debug_transition_conflict_check_end 0000000180024b00 f   sfc_debug:sfcdebug.obj
 0001:00023b20       sf_debug_stop_debugging    0000000180024b20 f   sfc_debug:sfcdebug.obj
 0001:00023b50       sf_debug_is_cycle_detected 0000000180024b50 f   sfc_debug:sfcdebug.obj
 0001:00023b60       sf_debug_is_array_bounds_detected 0000000180024b60 f   sfc_debug:sfcdebug.obj
 0001:00023b70       sf_debug_get_state_vectors_data_size 0000000180024b70 f   sfc_debug:sfcdebug.obj
 0001:00023bb0       sf_debug_get_state_vectors_data 0000000180024bb0 f   sfc_debug:sfcdebug.obj
 0001:00023cc0       sf_debug_set_state_vectors_data 0000000180024cc0 f   sfc_debug:sfcdebug.obj
 0001:00023fa0       sf_debug_get_script_index  0000000180024fa0 f   sfc_debug:sfcdebug.obj
 0001:00024120       sf_debug_add_script        0000000180025120 f   sfc_debug:sfcdebug.obj
 0001:00024300       cv_eval_point              0000000180025300 f   sfc_debug:sfcdebug.obj
 0001:00024470       sf_debug_cv_init_state     0000000180025470 f   sfc_debug:sfcdebug.obj
 0001:00024590       sf_debug_cv_init_chart     0000000180025590 f   sfc_debug:sfcdebug.obj
 0001:00024670       sf_debug_cv_init_trans     0000000180025670 f   sfc_debug:sfcdebug.obj
 0001:000247e0       cv_eml_init_script         00000001800257e0 f   sfc_debug:sfcdebug.obj
 0001:00024910       cv_eml_init_fcn            0000000180025910 f   sfc_debug:sfcdebug.obj
 0001:00024a10       cv_eml_init_testobjective  0000000180025a10 f   sfc_debug:sfcdebug.obj
 0001:00024b10       cv_eml_init_if             0000000180025b10 f   sfc_debug:sfcdebug.obj
 0001:00024c10       cv_eml_init_for            0000000180025c10 f   sfc_debug:sfcdebug.obj
 0001:00024d00       cv_eml_init_while          0000000180025d00 f   sfc_debug:sfcdebug.obj
 0001:00024df0       cv_eml_init_mcdc           0000000180025df0 f   sfc_debug:sfcdebug.obj
 0001:00024f30       cv_eml_init_switch         0000000180025f30 f   sfc_debug:sfcdebug.obj
 0001:00025050       cv_eml_eval                0000000180026050 f   sfc_debug:sfcdebug.obj
 0001:00025150       sf_debug_bm_is_a_eml_breakpoint 0000000180026150 f   sfc_debug:sfcdebug.obj
 0001:00025340       sf_debug_temporal_threshold 0000000180026340 f   sfc_debug:sfcdebug.obj
 0001:000256e0       sf_debug_transition_conflict_error 00000001800266e0 f   sfc_debug:sfcdebug.obj
 0001:00025a40       sf_debug_state_inconsistency_error 0000000180026a40 f   sfc_debug:sfcdebug.obj
 0001:00025b50       sf_debug_check_for_state_inconsistency 0000000180026b50 f   sfc_debug:sfcdebug.obj
 0001:00025b80       sf_debug_cycle_detecton_error 0000000180026b80 f   sfc_debug:sfcdebug.obj
 0001:00026320       sf_debug_size_eq_check_1d  0000000180027320 f   sfc_debug:sfcdebug.obj
 0001:00026340       sf_debug_size_eq_check_nd  0000000180027340 f   sfc_debug:sfcdebug.obj
 0001:00026530       sf_debug_dim_size_eq_check 0000000180027530 f   sfc_debug:sfcdebug.obj
 0001:00026560       sf_debug_dim_size_geq_check 0000000180027560 f   sfc_debug:sfcdebug.obj
 0001:00026590       sf_debug_sub_assign_size_check_nd 0000000180027590 f   sfc_debug:sfcdebug.obj
 0001:000267e0       sf_debug_matrix_matrix_index_check 00000001800277e0 f   sfc_debug:sfcdebug.obj
 0001:00026810       sf_debug_vector_vector_index_check 0000000180027810 f   sfc_debug:sfcdebug.obj
 0001:00026840       sf_debug_data_array_bounds_error_check 0000000180027840 f   sfc_debug:sfcdebug.obj
 0001:00026950       sf_debug_eml_data_array_bounds_error_check 0000000180027950 f   sfc_debug:sfcdebug.obj
 0001:00026e10       sf_debug_integer_check     0000000180027e10 f   sfc_debug:sfcdebug.obj
 0001:00026ee0       sf_debug_not_nan_check     0000000180027ee0 f   sfc_debug:sfcdebug.obj
 0001:00026fa0       sf_debug_non_negative_check 0000000180027fa0 f   sfc_debug:sfcdebug.obj
 0001:00027060       sf_debug_overflow_detection 0000000180028060 f   sfc_debug:sfcdebug.obj
 0001:00027720       sf_debug_cast_to_real32_T  0000000180028720 f   sfc_debug:sfcdebug.obj
 0001:000277e0       sf_debug_cast_to_int8_T    00000001800287e0 f   sfc_debug:sfcdebug.obj
 0001:000278a0       sf_debug_cast_to_uint8_T   00000001800288a0 f   sfc_debug:sfcdebug.obj
 0001:00027960       sf_debug_cast_to_int16_T   0000000180028960 f   sfc_debug:sfcdebug.obj
 0001:00027a20       sf_debug_cast_to_uint16_T  0000000180028a20 f   sfc_debug:sfcdebug.obj
 0001:00027ae0       sf_debug_cast_to_int32_T   0000000180028ae0 f   sfc_debug:sfcdebug.obj
 0001:00027b90       sf_debug_cast_to_uint32_T  0000000180028b90 f   sfc_debug:sfcdebug.obj
 0001:00027c50       sf_debug_data_range_error  0000000180028c50 f   sfc_debug:sfcdebug.obj
 0001:000280b0       sf_debug_data_range_error_wrapper_min_max 00000001800290b0 f   sfc_debug:sfcdebug.obj
 0001:000281a0       sf_debug_data_range_error_wrapper_min 00000001800291a0 f   sfc_debug:sfcdebug.obj
 0001:00028280       sf_debug_data_range_error_wrapper_max 0000000180029280 f   sfc_debug:sfcdebug.obj
 0001:00028360       sf_debug_data_range_wrapper 0000000180029360 f   sfc_debug:sfcdebug.obj
 0001:00028410       sf_debug_set_current_status_info 0000000180029410 f   sfc_debug:sfcdebug.obj
 0001:000288e0       sf_debug_call              00000001800298e0 f   sfc_debug:sfcdebug.obj
 0001:00029790       sf_debug_initialize_machine 000000018002a790 f   sfc_debug:sfcdebug.obj
 0001:00029c10       sf_debug_initialize_chart  000000018002ac10 f   sfc_debug:sfcdebug.obj
 0001:0002a0f0       sf_debug_ensure_script     000000018002b0f0 f   sfc_debug:sfcdebug.obj
 0001:0002a260       cv_script_init_script      000000018002b260 f   sfc_debug:sfcdebug.obj
 0001:0002a3e0       cv_script_init_fcn         000000018002b3e0 f   sfc_debug:sfcdebug.obj
 0001:0002a530       cv_script_init_testobjective 000000018002b530 f   sfc_debug:sfcdebug.obj
 0001:0002a680       cv_script_init_if          000000018002b680 f   sfc_debug:sfcdebug.obj
 0001:0002a7d0       cv_script_init_for         000000018002b7d0 f   sfc_debug:sfcdebug.obj
 0001:0002a920       cv_script_init_while       000000018002b920 f   sfc_debug:sfcdebug.obj
 0001:0002aa70       cv_script_init_mcdc        000000018002ba70 f   sfc_debug:sfcdebug.obj
 0001:0002ac10       cv_script_init_switch      000000018002bc10 f   sfc_debug:sfcdebug.obj
 0001:0002ad80       cv_script_eval             000000018002bd80 f   sfc_debug:sfcdebug.obj
 0001:0002aee0       eml_debug_line_call        000000018002bee0 f   sfc_debug:sfcdebug.obj
 0001:0002b090       sf_debug_terminate         000000018002c090 f   sfc_debug:sfcdebug.obj
 0001:0002b2d0       sf_debug_set_script_cv_ids 000000018002c2d0 f   sfc_debug:sfcdebug.obj
 0001:0002b4a0       sf_debug_api               000000018002c4a0 f   sfc_debug:sfc_api.obj
 0001:0002cd40       sf_debug_sm_terminate      000000018002dd40 f   sfc_debug:sfdb_animation.obj
 0001:0002cf00       sf_debug_reset_path_objects 000000018002df00 f   sfc_debug:sfdb_animation.obj
 0001:0002cf80       sf_debug_sm_reset_object_selection_status 000000018002df80 f   sfc_debug:sfdb_animation.obj
 0001:0002d020       sf_debug_sm_reset_state_buffer 000000018002e020 f   sfc_debug:sfdb_animation.obj
 0001:0002d100       sf_debug_sm_store_state_buffer 000000018002e100 f   sfc_debug:sfdb_animation.obj
 0001:0002d180       sf_debug_sm_restore_state_buffer1 000000018002e180 f   sfc_debug:sfdb_animation.obj
 0001:0002d1f0       sf_debug_sm_restore_state_buffer2 000000018002e1f0 f   sfc_debug:sfdb_animation.obj
 0001:0002d260       sf_debug_sm_chart_active   000000018002e260 f   sfc_debug:sfdb_animation.obj
 0001:0002d2b0       sf_debug_sm_select_active_objects 000000018002e2b0 f   sfc_debug:sfdb_animation.obj
 0001:0002d740       sf_debug_sm_is_chart_active 000000018002e740 f   sfc_debug:sfdb_animation.obj
 0001:0002d780       sf_debug_sm_is_state_active 000000018002e780 f   sfc_debug:sfdb_animation.obj
 0001:0002d9c0       sf_debug_sm_get_active_states 000000018002e9c0 f   sfc_debug:sfdb_animation.obj
 0001:0002df70       sf_debug_sm_initialize_instance 000000018002ef70 f   sfc_debug:sfdb_animation.obj
 0001:0002e220       sf_debug_sm_change_object_selection_status 000000018002f220 f   sfc_debug:sfdb_animation.obj
 0001:0002e510       cv_create_interface        000000018002f510 f   sfc_debug:cv_sfinterface.obj
 0001:0002e860       cv_init_trans              000000018002f860 f   sfc_debug:cv_sfinterface.obj
 0001:0002e8b0       cv_init_state              000000018002f8b0 f   sfc_debug:cv_sfinterface.obj
 0001:0002e920       cv_init_chart              000000018002f920 f   sfc_debug:cv_sfinterface.obj
 0001:0002e970       cv_dec_update_call         000000018002f970 f   sfc_debug:cv_sfinterface.obj
 0001:0002e9b0       cv_cond_update_call        000000018002f9b0 f   sfc_debug:cv_sfinterface.obj
 0001:0002e9f0       cv_sigrange_update         000000018002f9f0 f   sfc_debug:cv_sfinterface.obj
 0001:0002ea30       cvsf_eml_eval              000000018002fa30 f   sfc_debug:cv_sfinterface.obj
 0001:0002eb10       cvsf_eml_init_script       000000018002fb10 f   sfc_debug:cv_sfinterface.obj
 0001:0002eb90       cvsf_eml_init_fcn          000000018002fb90 f   sfc_debug:cv_sfinterface.obj
 0001:0002ebf0       cvsf_eml_init_testobjective 000000018002fbf0 f   sfc_debug:cv_sfinterface.obj
 0001:0002ec50       cvsf_eml_init_if           000000018002fc50 f   sfc_debug:cv_sfinterface.obj
 0001:0002ecb0       cvsf_eml_init_for          000000018002fcb0 f   sfc_debug:cv_sfinterface.obj
 0001:0002ed00       cvsf_eml_init_while        000000018002fd00 f   sfc_debug:cv_sfinterface.obj
 0001:0002ed50       cvsf_eml_init_mcdc         000000018002fd50 f   sfc_debug:cv_sfinterface.obj
 0001:0002ede0       cvsf_eml_init_switch       000000018002fde0 f   sfc_debug:cv_sfinterface.obj
 0001:0002ee50       cvsf_script_eval           000000018002fe50 f   sfc_debug:cv_sfinterface.obj
 0001:0002ef30       cvsf_script_init_script    000000018002ff30 f   sfc_debug:cv_sfinterface.obj
 0001:0002efb0       cvsf_script_init_fcn       000000018002ffb0 f   sfc_debug:cv_sfinterface.obj
 0001:0002f010       cvsf_script_init_testobjective 0000000180030010 f   sfc_debug:cv_sfinterface.obj
 0001:0002f070       cvsf_script_init_if        0000000180030070 f   sfc_debug:cv_sfinterface.obj
 0001:0002f0d0       cvsf_script_init_for       00000001800300d0 f   sfc_debug:cv_sfinterface.obj
 0001:0002f120       cvsf_script_init_while     0000000180030120 f   sfc_debug:cv_sfinterface.obj
 0001:0002f170       cvsf_script_init_mcdc      0000000180030170 f   sfc_debug:cv_sfinterface.obj
 0001:0002f200       cvsf_script_init_switch    0000000180030200 f   sfc_debug:cv_sfinterface.obj
 0001:0002f270       cv_destroy_interface       0000000180030270 f   sfc_debug:cv_sfinterface.obj
 0001:0002f290       cv_create_instance_objects 0000000180030290 f   sfc_debug:cv_sfinterface.obj
 0001:0002f740       cv_is_enabled              0000000180030740 f   sfc_debug:cv_sfinterface.obj
 0001:0002f750       sf_debug_cv_initialize_script 0000000180030750 f   sfc_debug:cv_sfinterface.obj
 0001:0002f8f0       sf_debug_cv_initialize_instance 00000001800308f0 f   sfc_debug:cv_sfinterface.obj
 0001:0002fc80       sf_debug_cv_terminate_chart 0000000180030c80 f   sfc_debug:cv_sfinterface.obj
 0001:0002fdc0       cv_call_trans_test         0000000180030dc0 f   sfc_debug:cv_sfinterface.obj
 0001:0002fdd0       cv_call_sub_cond_test      0000000180030dd0 f   sfc_debug:cv_sfinterface.obj
 0001:0002ff00       sf_debug_hm_initialize_instance 0000000180030f00 f   sfc_debug:sfdb_handle_management.obj
 0001:00030520       sf_debug_hm_get_object_id  0000000180031520 f   sfc_debug:sfdb_handle_management.obj
 0001:00032430       sf_debug_object_is_eml_function 0000000180033430 f   sfc_debug:sfdb_handle_management.obj
 0001:000324a0       sf_debug_hm_initialize_ids_in_machine 00000001800334a0 f   sfc_debug:sfdb_handle_management.obj
 0001:00032610       sf_debug_hm_initialize_ids_in_chart 0000000180033610 f   sfc_debug:sfdb_handle_management.obj
 0001:00032750       sf_debug_hm_initialize_chart 0000000180033750 f   sfc_debug:sfdb_handle_management.obj
 0001:00033000       sf_debug_hm_terminate      0000000180034000 f   sfc_debug:sfdb_handle_management.obj
 0001:00033060       sf_debug_hm_initialize_machine 0000000180034060 f   sfc_debug:sfdb_handle_management.obj
 0001:00033910       sf_debug_st_initialize_machine 0000000180034910 f   sfc_debug:sfdb_data_browse.obj
 0001:000339d0       sf_debug_st_initialize_instance 00000001800349d0 f   sfc_debug:sfdb_data_browse.obj
 0001:00033de0       sf_debug_st_terminate      0000000180034de0 f   sfc_debug:sfdb_data_browse.obj
 0001:00034190       sf_debug_st_set_data_value_ptr_in_machine 0000000180035190 f   sfc_debug:sfdb_data_browse.obj
 0001:00034220       sf_debug_st_set_data_value_ptr_in_instance 0000000180035220 f   sfc_debug:sfdb_data_browse.obj
 0001:00034300       sf_debug_st_unset_data_value_ptr_in_machine 0000000180035300 f   sfc_debug:sfdb_data_browse.obj
 0001:00034370       sf_debug_st_unset_data_value_ptr_in_instance 0000000180035370 f   sfc_debug:sfdb_data_browse.obj
 0001:00034630       sf_debug_mx_value          0000000180035630 f   sfc_debug:sfdb_data_browse.obj
 0001:00034690       sf_debug_mx_packed_vector  0000000180035690 f   sfc_debug:sfdb_data_browse.obj
 0001:00034770       sf_debug_mx_uint_vector    0000000180035770 f   sfc_debug:sfdb_data_browse.obj
 0001:00034820       sf_debug_st_get_double_value_from_void_ptr_vector 0000000180035820 f   sfc_debug:sfdb_data_browse.obj
 0001:00035380       sf_debug_st_browse_data    0000000180036380 f   sfc_debug:sfdb_data_browse.obj
 0001:00035b20       sf_debug_ss_initialize     0000000180036b20 f   sfc_debug:sfdb_symbol_scope.obj
 0001:00035b40       sf_debug_ss_terminate      0000000180036b40 f   sfc_debug:sfdb_symbol_scope.obj
 0001:00035bd0       sf_debug_ss_push_symbol_scope 0000000180036bd0 f   sfc_debug:sfdb_symbol_scope.obj
 0001:00035cd0       sf_debug_ss_push_symbol_scope_eml 0000000180036cd0 f   sfc_debug:sfdb_symbol_scope.obj
 0001:00035d30       sf_debug_ss_pop_symbol_scope 0000000180036d30 f   sfc_debug:sfdb_symbol_scope.obj
 0001:00035de0       sf_debug_ss_add_symbol     0000000180036de0 f   sfc_debug:sfdb_symbol_scope.obj
 0001:00035f30       sf_debug_ss_add_symbol_eml 0000000180036f30 f   sfc_debug:sfdb_symbol_scope.obj
 0001:00036f90       sf_debug_ss_watch_data     0000000180037f90 f   sfc_debug:sfdb_symbol_scope.obj
 0001:000379c0       get_data_entry_name        00000001800389c0 f   sfc_debug:sfdb_symbol_scope.obj
 0001:00037a10       sf_debug_ss_whos           0000000180038a10 f   sfc_debug:sfdb_symbol_scope.obj
 0001:000382b0       sf_debug_cc_initialize_chart 00000001800392b0 f   sfc_debug:sfdb_coverage.obj
 0001:00038ca0       sf_debug_cc_initialize_instance 0000000180039ca0 f   sfc_debug:sfdb_coverage.obj
 0001:00039aa0       sf_debug_cc_terminate      000000018003aaa0 f   sfc_debug:sfdb_coverage.obj
 0001:00039b90       sf_debug_cc_set_transition_maps 000000018003ab90 f   sfc_debug:sfdb_coverage.obj
 0001:00039cc0       sf_debug_cc_set_state_maps 000000018003acc0 f   sfc_debug:sfdb_coverage.obj
 0001:00039da0       sf_debug_cc_set_transition_weights 000000018003ada0 f   sfc_debug:sfdb_coverage.obj
 0001:0003a070       sf_debug_cc_set_state_weights 000000018003b070 f   sfc_debug:sfdb_coverage.obj
 0001:0003a350       sf_debug_cc_mark_transition_guard 000000018003b350 f   sfc_debug:sfdb_coverage.obj
 0001:0003a470       sf_debug_cc_mark_transition_trigger 000000018003b470 f   sfc_debug:sfdb_coverage.obj
 0001:0003a590       sf_debug_cc_mark_transition_decision 000000018003b590 f   sfc_debug:sfdb_coverage.obj
 0001:0003a600       sf_debug_cc_mark_transition_condition_action 000000018003b600 f   sfc_debug:sfdb_coverage.obj
 0001:0003a6d0       sf_debug_cc_mark_transition_transition_action 000000018003b6d0 f   sfc_debug:sfdb_coverage.obj
 0001:0003a7a0       sf_debug_cc_mark_state_entry 000000018003b7a0 f   sfc_debug:sfdb_coverage.obj
 0001:0003a870       sf_debug_cc_mark_state_during 000000018003b870 f   sfc_debug:sfdb_coverage.obj
 0001:0003a940       sf_debug_cc_mark_state_exit 000000018003b940 f   sfc_debug:sfdb_coverage.obj
 0001:0003b200       sf_debug_cc_get_coverage   000000018003c200 f   sfc_debug:sfdb_coverage.obj
 0001:0003b790       sf_debug_bm_clear_script_breakpoints 000000018003c790 f   sfc_debug:sfdb_breakpoints.obj
 0001:0003b7c0       sf_debug_bm_set_script_breakpoint 000000018003c7c0 f   sfc_debug:sfdb_breakpoints.obj
 0001:0003b840       sf_debug_bm_clear_single_script_breakpoint 000000018003c840 f   sfc_debug:sfdb_breakpoints.obj
 0001:0003b8c0       sf_debug_bm_query_script_breakpoint 000000018003c8c0 f   sfc_debug:sfdb_breakpoints.obj
 0001:0003b910       sf_debug_bm_initialize_scripts 000000018003c910 f   sfc_debug:sfdb_breakpoints.obj
 0001:0003c030       sf_debug_bm_terminate      000000018003d030 f   sfc_debug:sfdb_breakpoints.obj
 0001:0003c330       sf_debug_bm_remove_all_breakpoints_in_machine 000000018003d330 f   sfc_debug:sfdb_breakpoints.obj
 0001:0003c3a0       sf_debug_bm_remove_all_breakpoints_in_chart 000000018003d3a0 f   sfc_debug:sfdb_breakpoints.obj
 0001:0003c4f0       sf_debug_bm_initialize_global_breakpoints 000000018003d4f0 f   sfc_debug:sfdb_breakpoints.obj
 0001:0003c670       sf_debug_bm_set_breakpoint 000000018003d670 f   sfc_debug:sfdb_breakpoints.obj
 0001:0003cc70       sf_debug_bm_set_eml_breakpoint 000000018003dc70 f   sfc_debug:sfdb_breakpoints.obj
 0001:0003cd10       sf_debug_bm_initialize_machine_breakpoint_map 000000018003dd10 f   sfc_debug:sfdb_breakpoints.obj
 0001:0003d200       sf_debug_bm_is_a_breakpoint 000000018003e200 f   sfc_debug:sfdb_breakpoints.obj
 0001:0003d720       sf_debug_bm_get_all_breakpoints_in_machine 000000018003e720 f   sfc_debug:sfdb_breakpoints.obj
 0001:0003da20       sf_debug_bm_get_all_breakpoints_in_chart 000000018003ea20 f   sfc_debug:sfdb_breakpoints.obj
 0001:0003e6d0       sf_debug_bm_initialize_machine 000000018003f6d0 f   sfc_debug:sfdb_breakpoints.obj
 0001:0003e7a0       sf_debug_bm_initialize_chart 000000018003f7a0 f   sfc_debug:sfdb_breakpoints.obj
 0001:0003ece0       sf_debug_sc_terminate      000000018003fce0 f   sfc_debug:sfdb_state_consistency.obj
 0001:0003f010       sf_debug_sc_is_chart_consistent 0000000180040010 f   sfc_debug:sfdb_state_consistency.obj
 0001:0003f2b0       sf_debug_sc_get_consistency_error_info 00000001800402b0 f   sfc_debug:sfdb_state_consistency.obj
 0001:0003f6e0       sf_debug_tm_terminate      00000001800406e0 f   sfc_debug:sfdb_call_stack.obj
 0001:0003f7a0       sf_debug_tm_push_chart_instance 00000001800407a0 f   sfc_debug:sfdb_call_stack.obj
 0001:0003f900       sf_debug_tm_pop_chart_instance 0000000180040900 f   sfc_debug:sfdb_call_stack.obj
 0001:0003f960       sf_debug_tm_push_trace_node 0000000180040960 f   sfc_debug:sfdb_call_stack.obj
 0001:0003faf0       sf_debug_tm_pop_trace_node 0000000180040af0 f   sfc_debug:sfdb_call_stack.obj
 0001:0003fb70       sf_debug_tm_get_current_global_trace_index 0000000180040b70 f   sfc_debug:sfdb_call_stack.obj
 0001:0003fb80       sf_debug_tm_get_current_local_trace_index 0000000180040b80 f   sfc_debug:sfdb_call_stack.obj
 0001:0003fbb0       sf_debug_tm_set_cycle_detected_flag 0000000180040bb0 f   sfc_debug:sfdb_call_stack.obj
 0001:0003fbf0       sf_debug_tm_set_cycle_started_flag 0000000180040bf0 f   sfc_debug:sfdb_call_stack.obj
 0001:0003fc30       sf_debug_tm_get_chart_number_from_stack 0000000180040c30 f   sfc_debug:sfdb_call_stack.obj
 0001:0003fe10       sf_debug_tm_browse_trace   0000000180040e10 f   sfc_debug:sfdb_call_stack.obj
 0001:00040140       sf_debug_cd_initialize_instance 0000000180041140 f   sfc_debug:sfdb_cycle_detection.obj
 0001:000403f0       sf_debug_cd_mark_processed_transition_in_instance 00000001800413f0 f   sfc_debug:sfdb_cycle_detection.obj
 0001:00040490       sf_debug_cd_checksum_push  0000000180041490 f   sfc_debug:sfdb_cycle_detection.obj
 0001:00040750       sf_debug_cd_checksum_pop   0000000180041750 f   sfc_debug:sfdb_cycle_detection.obj
 0001:000407c0       sf_debug_cd_turn_off_cycle_detection 00000001800417c0 f   sfc_debug:sfdb_cycle_detection.obj
 0001:00040810       sf_debug_cd_terminate      0000000180041810 f   sfc_debug:sfdb_cycle_detection.obj
 0001:00040a50       md5_initialize_state       0000000180041a50 f   sfc_debug:ckmd5.obj
 0001:000415d0       md5_update_state           00000001800425d0 f   sfc_debug:ckmd5.obj
 0001:000416b0       md5_get_hash               00000001800426b0 f   sfc_debug:ckmd5.obj
 0001:000416e0       md5_get_hash_for_a_single_string 00000001800426e0 f   sfc_debug:ckmd5.obj
 0001:0004183a       mxGetPr                    000000018004283a f   libmx:libmx.dll
 0001:00041840       mxCreateDoubleScalar       0000000180042840 f   libmx:libmx.dll
 0001:00041846       mxSetField_730             0000000180042846 f   libmx:libmx.dll
 0001:0004184c       mxCreateDoubleMatrix_730   000000018004284c f   libmx:libmx.dll
 0001:00041852       mxCreateStructMatrix_730   0000000180042852 f   libmx:libmx.dll
 0001:00041858       mxDestroyArray             0000000180042858 f   libmx:libmx.dll
 0001:0004185e       mxCreateString             000000018004285e f   libmx:libmx.dll
 0001:00041864       mxDuplicateArray           0000000180042864 f   libmx:libmx.dll
 0001:0004186a       mxGetString_730            000000018004286a f   libmx:libmx.dll
 0001:00041870       mxIsChar                   0000000180042870 f   libmx:libmx.dll
 0001:00041876       mxGetClassID               0000000180042876 f   libmx:libmx.dll
 0001:0004187c       mxIsNumeric                000000018004287c f   libmx:libmx.dll
 0001:00041882       mxIsComplex                0000000180042882 f   libmx:libmx.dll
 0001:00041888       mxGetN                     0000000180042888 f   libmx:libmx.dll
 0001:0004188e       mxGetM                     000000018004288e f   libmx:libmx.dll
 0001:00041894       mxCalloc                   0000000180042894 f   libmx:libmx.dll
 0001:0004189a       mxGetScalar                000000018004289a f   libmx:libmx.dll
 0001:000418a0       mxIsLogical                00000001800428a0 f   libmx:libmx.dll
 0001:000418a6       mxCreateDoubleMatrix_700   00000001800428a6 f   libmx:libmx.dll
 0001:000418ac       mxFree                     00000001800428ac f   libmx:libmx.dll
 0001:000418b2       mxArrayToString            00000001800428b2 f   libmx:libmx.dll
 0001:000418b8       mxCreateCellMatrix_700     00000001800428b8 f   libmx:libmx.dll
 0001:000418be       mxSetCell_700              00000001800428be f   libmx:libmx.dll
 0001:000418c4       mxGetCell_700              00000001800428c4 f   libmx:libmx.dll
 0001:000418ca       mxGetClassName             00000001800428ca f   libmx:libmx.dll
 0001:000418d0       mxSetField_700             00000001800428d0 f   libmx:libmx.dll
 0001:000418d6       mxAddField                 00000001800428d6 f   libmx:libmx.dll
 0001:000418dc       mxGetField_700             00000001800428dc f   libmx:libmx.dll
 0001:000418e2       mxGetNumberOfElements      00000001800428e2 f   libmx:libmx.dll
 0001:000418e8       mxIsStruct                 00000001800428e8 f   libmx:libmx.dll
 0001:000418ee       mxIsClass                  00000001800428ee f   libmx:libmx.dll
 0001:000418f4       mxGetLogicals              00000001800428f4 f   libmx:libmx.dll
 0001:000418fa       mxIsSparse                 00000001800428fa f   libmx:libmx.dll
 0001:00041900       mxSetFieldByNumber_700     0000000180042900 f   libmx:libmx.dll
 0001:00041906       mxGetFieldByNumber_700     0000000180042906 f   libmx:libmx.dll
 0001:0004190c       mxGetFieldNameByNumber     000000018004290c f   libmx:libmx.dll
 0001:00041912       mxGetNumberOfFields        0000000180042912 f   libmx:libmx.dll
 0001:00041918       mxCreateStructMatrix_700   0000000180042918 f   libmx:libmx.dll
 0001:0004191e       mxGetFieldNumber           000000018004291e f   libmx:libmx.dll
 0001:00041924       mxIsNaN                    0000000180042924 f   libmx:libmx.dll
 0001:0004192a       mxIsEmpty                  000000018004292a f   libmx:libmx.dll
 0001:00041930       mxGetData                  0000000180042930 f   libmx:libmx.dll
 0001:00041936       mxGetImagData              0000000180042936 f   libmx:libmx.dll
 0001:0004193c       mxArrayClassIDName         000000018004293c f   libmx:libmx.dll
 0001:00041942       mxCreateNumericMatrix_700  0000000180042942 f   libmx:libmx.dll
 0001:00041948       mxCreateStructArray_700    0000000180042948 f   libmx:libmx.dll
 0001:0004194e       mxCalcSingleSubscript_700  000000018004294e f   libmx:libmx.dll
 0001:00041954       mxGetDimensions_700        0000000180042954 f   libmx:libmx.dll
 0001:0004195a       mxGetNumberOfDimensions_700 000000018004295a f   libmx:libmx.dll
 0001:00041960       mxCreateNumericArray_700   0000000180042960 f   libmx:libmx.dll
 0001:00041966       mxGetElementSize           0000000180042966 f   libmx:libmx.dll
 0001:0004196c       mxCreateStringFromNChars_700 000000018004296c f   libmx:libmx.dll
 0001:00041972       mxGetString_700            0000000180042972 f   libmx:libmx.dll
 0001:00041978       mxIsLogicalScalarTrue      0000000180042978 f   libmx:libmx.dll
 0001:0004197e       mxCreateLogicalScalar      000000018004297e f   libmx:libmx.dll
 0001:00041984       mexUnlock                  0000000180042984 f   libmex:libmex.dll
 0001:0004198a       mexIsLocked                000000018004298a f   libmex:libmex.dll
 0001:00041990       mexWarnMsgTxt              0000000180042990 f   libmex:libmex.dll
 0001:00041996       mexCallMATLAB              0000000180042996 f   libmex:libmex.dll
 0001:0004199c       mexErrMsgTxt               000000018004299c f   libmex:libmex.dll
 0001:000419a2       mexSetTrapFlag             00000001800429a2 f   libmex:libmex.dll
 0001:000419a8       mexMakeArrayPersistent     00000001800429a8 f   libmex:libmex.dll
 0001:000419ae       mexPutVariable             00000001800429ae f   libmex:libmex.dll
 0001:000419b4       mexGetVariable             00000001800429b4 f   libmex:libmex.dll
 0001:000419ba       mexLock                    00000001800429ba f   libmex:libmex.dll
 0001:000419c0       mexMakeMemoryPersistent    00000001800429c0 f   libmex:libmex.dll
 0001:000419c6       mexFunctionName            00000001800429c6 f   libmex:libmex.dll
 0001:000419cc       ssRegisterDataTypeFxpFSlopeFixExpBias 00000001800429cc f   libfixedpoint:libfixedpoint.dll
 0001:000419d2       utVSNprintf                00000001800429d2 f   libut:libut.dll
 0001:000419d8       utCPUtime                  00000001800429d8 f   libut:libut.dll
 0001:000419de       utFree                     00000001800429de f   libut:libut.dll
 0001:000419e4       utMalloc                   00000001800429e4 f   libut:libut.dll
 0001:000419ea       emlrtCheckBuiltInR2009a    00000001800429ea f   libemlrt:libemlrt.dll
 0001:000419f0       emlrtCheckVsBuiltInR2009a  00000001800429f0 f   libemlrt:libemlrt.dll
 0001:000419f6       emlrtCheckEnumR2009a       00000001800429f6 f   libemlrt:libemlrt.dll
 0001:000419fc       emlrtCreateEnumR2010a      00000001800429fc f   libemlrt:libemlrt.dll
 0001:00041a02       emlrtGetEnumElementR2009a  0000000180042a02 f   libemlrt:libemlrt.dll
 0001:00041a08       emlrtImportVsFiArrayR2009b 0000000180042a08 f   libemlrt:libemlrt.dll
 0001:00041a0e       emlrtGetEnumUnderlyingArrayR2009a 0000000180042a0e f   libemlrt:libemlrt.dll
 0001:00041a14       emlrtIsEnumR2009a          0000000180042a14 f   libemlrt:libemlrt.dll
 0001:00041a1a       memset                     0000000180042a1a f   MSVCRT:MSVCR100.dll
 0001:00041a20       malloc                     0000000180042a20 f   MSVCRT:MSVCR100.dll
 0001:00041a28       __GSHandlerCheckCommon     0000000180042a28 f   MSVCRT:gshandler.obj
 0001:00041a8c       __GSHandlerCheck           0000000180042a8c f   MSVCRT:gshandler.obj
 0001:00041ac0       __security_check_cookie    0000000180042ac0 f   MSVCRT:amdsecgs.obj
 0001:00041ae0       free                       0000000180042ae0 f   MSVCRT:MSVCR100.dll
 0001:00041ae6       strlen                     0000000180042ae6 f   MSVCRT:MSVCR100.dll
 0001:00041aec       strcmp                     0000000180042aec f   MSVCRT:MSVCR100.dll
 0001:00041af2       sprintf                    0000000180042af2 f   MSVCRT:MSVCR100.dll
 0001:00041af8       strcat                     0000000180042af8 f   MSVCRT:MSVCR100.dll
 0001:00041afe       memcpy                     0000000180042afe f   MSVCRT:MSVCR100.dll
 0001:00041b04       NtCurrentTeb               0000000180042b04 f i MSVCRT:crtdll.obj
 0001:00041b70       _CRT_INIT                  0000000180042b70 f   MSVCRT:crtdll.obj
 0001:00041f08       _DllMainCRTStartup         0000000180042f08 f   MSVCRT:crtdll.obj
 0001:00041f46       strncpy                    0000000180042f46 f   MSVCRT:MSVCR100.dll
 0001:00041f60       __chkstk                   0000000180042f60 f   MSVCRT:chkstk.obj
 0001:00041f60       _alloca_probe              0000000180042f60     MSVCRT:chkstk.obj
 0001:00041fae       longjmp                    0000000180042fae f   MSVCRT:MSVCR100.dll
 0001:00041fb4       strncmp                    0000000180042fb4 f   MSVCRT:MSVCR100.dll
 0001:00041fba       ceil                       0000000180042fba f   MSVCRT:MSVCR100.dll
 0001:00041fc0       strrchr                    0000000180042fc0 f   MSVCRT:MSVCR100.dll
 0001:00041fc6       _setjmp                    0000000180042fc6 f   MSVCRT:MSVCR100.dll
 0001:00041fcc       calloc                     0000000180042fcc f   MSVCRT:MSVCR100.dll
 0001:00041fd2       realloc                    0000000180042fd2 f   MSVCRT:MSVCR100.dll
 0001:00041fd8       ldexp                      0000000180042fd8 f   MSVCRT:MSVCR100.dll
 0001:00041fe0       __report_gsfailure         0000000180042fe0 f   MSVCRT:gs_report.obj
 0001:0004212c       __clean_type_info_names    000000018004312c f   MSVCRT:tncleanup.obj
 0001:00042138       _onexit                    0000000180043138 f   MSVCRT:atonexit.obj
 0001:000421e8       atexit                     00000001800431e8 f   MSVCRT:atonexit.obj
 0001:00042200       _RTC_Initialize            0000000180043200 f   MSVCRT:_initsect_.obj
 0001:00042238       _RTC_Terminate             0000000180043238 f   MSVCRT:_initsect_.obj
 0001:00042270       _malloc_crt                0000000180043270 f   MSVCRT:MSVCR100.dll
 0001:00042280       _ValidateImageBase         0000000180043280 f   MSVCRT:pesect.obj
 0001:000422b0       _FindPESection             00000001800432b0 f   MSVCRT:pesect.obj
 0001:00042300       _IsNonwritableInCurrentImage 0000000180043300 f   MSVCRT:pesect.obj
 0001:00042342       _initterm                  0000000180043342 f   MSVCRT:MSVCR100.dll
 0001:00042348       _initterm_e                0000000180043348 f   MSVCRT:MSVCR100.dll
 0001:0004234e       _encoded_null              000000018004334e f   MSVCRT:MSVCR100.dll
 0001:00042354       _amsg_exit                 0000000180043354 f   MSVCRT:MSVCR100.dll
 0001:0004235a       __C_specific_handler       000000018004335a f   MSVCRT:MSVCR100.dll
 0001:00042360       __CppXcptFilter            0000000180043360 f   MSVCRT:MSVCR100.dll
 0001:00042368       DllMain                    0000000180043368 f   MSVCRT:dllmain.obj
 0001:0004238c       __security_init_cookie     000000018004338c f   MSVCRT:gs_support.obj
 0001:00042440       __crt_debugger_hook        0000000180043440 f   MSVCRT:MSVCR100.dll
 0001:00042446       __clean_type_info_names_internal 0000000180043446 f   MSVCRT:MSVCR100.dll
 0001:0004244c       _unlock                    000000018004344c f   MSVCRT:MSVCR100.dll
 0001:00042452       __dllonexit                0000000180043452 f   MSVCRT:MSVCR100.dll
 0001:00042458       _lock                      0000000180043458 f   MSVCRT:MSVCR100.dll
 0001:0004245e       EncodePointer              000000018004345e f   kernel32:KERNEL32.dll
 0001:00042464       DecodePointer              0000000180043464 f   kernel32:KERNEL32.dll
 0001:0004246a       Sleep                      000000018004346a f   kernel32:KERNEL32.dll
 0001:00042470       TerminateProcess           0000000180043470 f   kernel32:KERNEL32.dll
 0001:00042476       GetCurrentProcess          0000000180043476 f   kernel32:KERNEL32.dll
 0001:0004247c       UnhandledExceptionFilter   000000018004347c f   kernel32:KERNEL32.dll
 0001:00042482       SetUnhandledExceptionFilter 0000000180043482 f   kernel32:KERNEL32.dll
 0001:00042488       IsDebuggerPresent          0000000180043488 f   kernel32:KERNEL32.dll
 0001:0004248e       RtlVirtualUnwind           000000018004348e f   kernel32:KERNEL32.dll
 0001:00042494       RtlLookupFunctionEntry     0000000180043494 f   kernel32:KERNEL32.dll
 0001:0004249a       RtlCaptureContext          000000018004349a f   kernel32:KERNEL32.dll
 0001:000424a0       DisableThreadLibraryCalls  00000001800434a0 f   kernel32:KERNEL32.dll
 0001:000424a6       QueryPerformanceCounter    00000001800434a6 f   kernel32:KERNEL32.dll
 0001:000424ac       GetTickCount               00000001800434ac f   kernel32:KERNEL32.dll
 0001:000424b2       GetCurrentThreadId         00000001800434b2 f   kernel32:KERNEL32.dll
 0001:000424b8       GetCurrentProcessId        00000001800434b8 f   kernel32:KERNEL32.dll
 0001:000424be       GetSystemTimeAsFileTime    00000001800434be f   kernel32:KERNEL32.dll
 0002:00000000       __imp_GetSystemTimeAsFileTime 0000000180044000     kernel32:KERNEL32.dll
 0002:00000008       __imp_GetCurrentProcessId  0000000180044008     kernel32:KERNEL32.dll
 0002:00000010       __imp_GetCurrentThreadId   0000000180044010     kernel32:KERNEL32.dll
 0002:00000018       __imp_GetTickCount         0000000180044018     kernel32:KERNEL32.dll
 0002:00000020       __imp_QueryPerformanceCounter 0000000180044020     kernel32:KERNEL32.dll
 0002:00000028       __imp_DisableThreadLibraryCalls 0000000180044028     kernel32:KERNEL32.dll
 0002:00000030       __imp_RtlCaptureContext    0000000180044030     kernel32:KERNEL32.dll
 0002:00000038       __imp_RtlLookupFunctionEntry 0000000180044038     kernel32:KERNEL32.dll
 0002:00000040       __imp_RtlVirtualUnwind     0000000180044040     kernel32:KERNEL32.dll
 0002:00000048       __imp_IsDebuggerPresent    0000000180044048     kernel32:KERNEL32.dll
 0002:00000050       __imp_SetUnhandledExceptionFilter 0000000180044050     kernel32:KERNEL32.dll
 0002:00000058       __imp_UnhandledExceptionFilter 0000000180044058     kernel32:KERNEL32.dll
 0002:00000060       __imp_GetCurrentProcess    0000000180044060     kernel32:KERNEL32.dll
 0002:00000068       __imp_TerminateProcess     0000000180044068     kernel32:KERNEL32.dll
 0002:00000070       __imp_Sleep                0000000180044070     kernel32:KERNEL32.dll
 0002:00000078       __imp_DecodePointer        0000000180044078     kernel32:KERNEL32.dll
 0002:00000080       __imp_EncodePointer        0000000180044080     kernel32:KERNEL32.dll
 0002:00000088       \177KERNEL32_NULL_THUNK_DATA 0000000180044088     kernel32:KERNEL32.dll
 0002:00000090       __imp__onexit              0000000180044090     MSVCRT:MSVCR100.dll
 0002:00000098       __imp__lock                0000000180044098     MSVCRT:MSVCR100.dll
 0002:000000a0       __imp___dllonexit          00000001800440a0     MSVCRT:MSVCR100.dll
 0002:000000a8       __imp__unlock              00000001800440a8     MSVCRT:MSVCR100.dll
 0002:000000b0       __imp___clean_type_info_names_internal 00000001800440b0     MSVCRT:MSVCR100.dll
 0002:000000b8       __imp___crt_debugger_hook  00000001800440b8     MSVCRT:MSVCR100.dll
 0002:000000c0       __imp___CppXcptFilter      00000001800440c0     MSVCRT:MSVCR100.dll
 0002:000000c8       __imp___C_specific_handler 00000001800440c8     MSVCRT:MSVCR100.dll
 0002:000000d0       __imp__amsg_exit           00000001800440d0     MSVCRT:MSVCR100.dll
 0002:000000d8       __imp__encoded_null        00000001800440d8     MSVCRT:MSVCR100.dll
 0002:000000e0       __imp__initterm_e          00000001800440e0     MSVCRT:MSVCR100.dll
 0002:000000e8       __imp__initterm            00000001800440e8     MSVCRT:MSVCR100.dll
 0002:000000f0       __imp__malloc_crt          00000001800440f0     MSVCRT:MSVCR100.dll
 0002:000000f8       __imp_ldexp                00000001800440f8     MSVCRT:MSVCR100.dll
 0002:00000100       __imp_realloc              0000000180044100     MSVCRT:MSVCR100.dll
 0002:00000108       __imp_calloc               0000000180044108     MSVCRT:MSVCR100.dll
 0002:00000110       __imp__setjmp              0000000180044110     MSVCRT:MSVCR100.dll
 0002:00000118       __imp_strrchr              0000000180044118     MSVCRT:MSVCR100.dll
 0002:00000120       __imp_ceil                 0000000180044120     MSVCRT:MSVCR100.dll
 0002:00000128       __imp_strncmp              0000000180044128     MSVCRT:MSVCR100.dll
 0002:00000130       __imp_longjmp              0000000180044130     MSVCRT:MSVCR100.dll
 0002:00000138       __imp_strncpy              0000000180044138     MSVCRT:MSVCR100.dll
 0002:00000140       __imp_memcpy               0000000180044140     MSVCRT:MSVCR100.dll
 0002:00000148       __imp_strcat               0000000180044148     MSVCRT:MSVCR100.dll
 0002:00000150       __imp_sprintf              0000000180044150     MSVCRT:MSVCR100.dll
 0002:00000158       __imp_strcmp               0000000180044158     MSVCRT:MSVCR100.dll
 0002:00000160       __imp_strlen               0000000180044160     MSVCRT:MSVCR100.dll
 0002:00000168       __imp_free                 0000000180044168     MSVCRT:MSVCR100.dll
 0002:00000170       __imp_malloc               0000000180044170     MSVCRT:MSVCR100.dll
 0002:00000178       __imp_memset               0000000180044178     MSVCRT:MSVCR100.dll
 0002:00000180       \177MSVCR100_NULL_THUNK_DATA 0000000180044180     MSVCRT:MSVCR100.dll
 0002:00000188       __imp_emlrtIsEnumR2009a    0000000180044188     libemlrt:libemlrt.dll
 0002:00000190       __imp_emlrtGetEnumUnderlyingArrayR2009a 0000000180044190     libemlrt:libemlrt.dll
 0002:00000198       __imp_emlrtImportVsFiArrayR2009b 0000000180044198     libemlrt:libemlrt.dll
 0002:000001a0       __imp_emlrtGetEnumElementR2009a 00000001800441a0     libemlrt:libemlrt.dll
 0002:000001a8       __imp_emlrtCreateEnumR2010a 00000001800441a8     libemlrt:libemlrt.dll
 0002:000001b0       __imp_emlrtCheckEnumR2009a 00000001800441b0     libemlrt:libemlrt.dll
 0002:000001b8       __imp_emlrtCheckVsBuiltInR2009a 00000001800441b8     libemlrt:libemlrt.dll
 0002:000001c0       __imp_emlrtCheckBuiltInR2009a 00000001800441c0     libemlrt:libemlrt.dll
 0002:000001c8       \177libemlrt_NULL_THUNK_DATA 00000001800441c8     libemlrt:libemlrt.dll
 0002:000001d0       __imp_ssRegisterDataTypeFxpFSlopeFixExpBias 00000001800441d0     libfixedpoint:libfixedpoint.dll
 0002:000001d8       \177libfixedpoint_NULL_THUNK_DATA 00000001800441d8     libfixedpoint:libfixedpoint.dll
 0002:000001e0       __imp_mexErrMsgTxt         00000001800441e0     libmex:libmex.dll
 0002:000001e8       __imp_mexIsLocked          00000001800441e8     libmex:libmex.dll
 0002:000001f0       __imp_mexMakeArrayPersistent 00000001800441f0     libmex:libmex.dll
 0002:000001f8       __imp_mexPutVariable       00000001800441f8     libmex:libmex.dll
 0002:00000200       __imp_mexCallMATLAB        0000000180044200     libmex:libmex.dll
 0002:00000208       __imp_mexLock              0000000180044208     libmex:libmex.dll
 0002:00000210       __imp_mexMakeMemoryPersistent 0000000180044210     libmex:libmex.dll
 0002:00000218       __imp_mexFunctionName      0000000180044218     libmex:libmex.dll
 0002:00000220       __imp_mexGetVariable       0000000180044220     libmex:libmex.dll
 0002:00000228       __imp_mexWarnMsgTxt        0000000180044228     libmex:libmex.dll
 0002:00000230       __imp_mexUnlock            0000000180044230     libmex:libmex.dll
 0002:00000238       __imp_mexSetTrapFlag       0000000180044238     libmex:libmex.dll
 0002:00000240       \177libmex_NULL_THUNK_DATA 0000000180044240     libmex:libmex.dll
 0002:00000248       __imp_mxIsClass            0000000180044248     libmx:libmx.dll
 0002:00000250       __imp_mxCreateDoubleScalar 0000000180044250     libmx:libmx.dll
 0002:00000258       __imp_mxSetField_730       0000000180044258     libmx:libmx.dll
 0002:00000260       __imp_mxCreateDoubleMatrix_730 0000000180044260     libmx:libmx.dll
 0002:00000268       __imp_mxCreateStructMatrix_730 0000000180044268     libmx:libmx.dll
 0002:00000270       __imp_mxCreateLogicalScalar 0000000180044270     libmx:libmx.dll
 0002:00000278       __imp_mxIsLogicalScalarTrue 0000000180044278     libmx:libmx.dll
 0002:00000280       __imp_mxGetString_700      0000000180044280     libmx:libmx.dll
 0002:00000288       __imp_mxCreateStringFromNChars_700 0000000180044288     libmx:libmx.dll
 0002:00000290       __imp_mxGetElementSize     0000000180044290     libmx:libmx.dll
 0002:00000298       __imp_mxCreateNumericArray_700 0000000180044298     libmx:libmx.dll
 0002:000002a0       __imp_mxGetNumberOfDimensions_700 00000001800442a0     libmx:libmx.dll
 0002:000002a8       __imp_mxGetDimensions_700  00000001800442a8     libmx:libmx.dll
 0002:000002b0       __imp_mxCalcSingleSubscript_700 00000001800442b0     libmx:libmx.dll
 0002:000002b8       __imp_mxCreateStructArray_700 00000001800442b8     libmx:libmx.dll
 0002:000002c0       __imp_mxCreateNumericMatrix_700 00000001800442c0     libmx:libmx.dll
 0002:000002c8       __imp_mxArrayClassIDName   00000001800442c8     libmx:libmx.dll
 0002:000002d0       __imp_mxGetImagData        00000001800442d0     libmx:libmx.dll
 0002:000002d8       __imp_mxGetData            00000001800442d8     libmx:libmx.dll
 0002:000002e0       __imp_mxIsEmpty            00000001800442e0     libmx:libmx.dll
 0002:000002e8       __imp_mxIsNaN              00000001800442e8     libmx:libmx.dll
 0002:000002f0       __imp_mxGetFieldNumber     00000001800442f0     libmx:libmx.dll
 0002:000002f8       __imp_mxCreateStructMatrix_700 00000001800442f8     libmx:libmx.dll
 0002:00000300       __imp_mxGetNumberOfFields  0000000180044300     libmx:libmx.dll
 0002:00000308       __imp_mxGetFieldNameByNumber 0000000180044308     libmx:libmx.dll
 0002:00000310       __imp_mxGetFieldByNumber_700 0000000180044310     libmx:libmx.dll
 0002:00000318       __imp_mxSetFieldByNumber_700 0000000180044318     libmx:libmx.dll
 0002:00000320       __imp_mxIsSparse           0000000180044320     libmx:libmx.dll
 0002:00000328       __imp_mxGetLogicals        0000000180044328     libmx:libmx.dll
 0002:00000330       __imp_mxGetPr              0000000180044330     libmx:libmx.dll
 0002:00000338       __imp_mxIsStruct           0000000180044338     libmx:libmx.dll
 0002:00000340       __imp_mxGetNumberOfElements 0000000180044340     libmx:libmx.dll
 0002:00000348       __imp_mxGetField_700       0000000180044348     libmx:libmx.dll
 0002:00000350       __imp_mxAddField           0000000180044350     libmx:libmx.dll
 0002:00000358       __imp_mxSetField_700       0000000180044358     libmx:libmx.dll
 0002:00000360       __imp_mxGetClassName       0000000180044360     libmx:libmx.dll
 0002:00000368       __imp_mxGetCell_700        0000000180044368     libmx:libmx.dll
 0002:00000370       __imp_mxSetCell_700        0000000180044370     libmx:libmx.dll
 0002:00000378       __imp_mxCreateCellMatrix_700 0000000180044378     libmx:libmx.dll
 0002:00000380       __imp_mxArrayToString      0000000180044380     libmx:libmx.dll
 0002:00000388       __imp_mxFree               0000000180044388     libmx:libmx.dll
 0002:00000390       __imp_mxCreateDoubleMatrix_700 0000000180044390     libmx:libmx.dll
[...]
 0001:00016990       check_input_mxarray        0000000180017990 f   sfc_mex:sfc_mex.obj
 0001:00017130       sf_numeric_value_to_double 0000000180018130 f   sfc_mex:sfc_mex.obj
 0001:00017180       ml_generic_out_of_bounds_check 0000000180018180 f   sfc_mex:sfc_mex.obj
 0001:000172d0       ml_get_element_value_from_array 00000001800182d0 f   sfc_mex:sfc_mex.obj
 0001:000175d0       _ml_generic_castability_check 00000001800185d0 f   sfc_mex:sfc_mex.obj
 0001:000181a0       ml_generic_castability_check 00000001800191a0 f   sfc_mex:sfc_mex.obj
 0001:00018240       ml_check_mx_array_for_single_castability 0000000180019240 f   sfc_mex:sfc_mex.obj
 0001:000182e0       ml_check_mx_array_for_logical_castability 00000001800192e0 f   sfc_mex:sfc_mex.obj
 0001:00018380       ml_check_mx_array_for_int8_castability 0000000180019380 f   sfc_mex:sfc_mex.obj
 0001:00018430       ml_check_mx_array_for_uint8_castability 0000000180019430 f   sfc_mex:sfc_mex.obj
 0001:000184d0       ml_check_mx_array_for_int16_castability 00000001800194d0 f   sfc_mex:sfc_mex.obj
 0001:00018570       ml_check_mx_array_for_uint16_castability 0000000180019570 f   sfc_mex:sfc_mex.obj
 0001:00018610       ml_check_mx_array_for_int32_castability 0000000180019610 f   sfc_mex:sfc_mex.obj
 0001:000186b0       ml_check_mx_array_for_uint32_castability 00000001800196b0 f   sfc_mex:sfc_mex.obj
 0001:00018750       ml_check_mx_array_for_castability 0000000180019750 f   sfc_mex:sfc_mex.obj
 0001:00018f20       set_data_value             0000000180019f20 f   sfc_mex:sfc_mex.obj
 0001:00019270       get_data_value             000000018001a270 f   sfc_mex:sfc_mex.obj
 0001:00019360       get_next_element_address   000000018001a360 f   sfc_mex:sfc_mex.obj
 0001:00019430       sf_normalize_index         000000018001a430 f   sfc_mex:sfc_mex.obj
 0001:000197c0       ml_array_index_bound_check 000000018001a7c0 f   sfc_mex:sfc_mex.obj
 0001:0001a3d0       mx_value                   000000018001b3d0 f   sfc_mex:sfc_mex.obj
 0001:0001a420       sf_create_numeric_array    000000018001b420 f   sfc_mex:sfc_mex.obj
 0001:0001a4c0       sf_mex_assign_to_mx_array  000000018001b4c0 f   sfc_mex:sfc_mex.obj
 0001:0001ae30       assign_from_mx_array       000000018001be30 f   sfc_mex:sfc_mex.obj
 0001:0001c0b0       get_machine_and_chart_file_number 000000018001d0b0 f   sfc_mex:sfc_sf.obj
 0001:0001c1a0       get_sfun_block_specialization 000000018001d1a0 f   sfc_mex:sfc_sf.obj
 0001:0001c220       call_sf_machine_global_method_dispatcher 000000018001d220 f   sfc_mex:sfc_sf.obj
 0001:0001c490       mdl_zeroCrossings_processing 000000018001d490 f   sfc_mex:sfc_sf.obj
 0001:0001c560       mdl_derivatives_processing 000000018001d560 f   sfc_mex:sfc_sf.obj
 0001:0001c820       mdl_outputs_continuous_legacy 000000018001d820 f   sfc_mex:sfc_sf.obj
 0001:0001c8a0       mdl_outputs_processing     000000018001d8a0 f   sfc_mex:sfc_sf.obj
 0001:0001cba0       mdl_enable_processing      000000018001dba0 f   sfc_mex:sfc_sf.obj
 0001:0001cc70       mdl_disable_processing     000000018001dc70 f   sfc_mex:sfc_sf.obj
 0001:0001d760       write_symbol_mapping       000000018001e760 f   sfc_mex:sfc_sf.obj
 0001:0001dee0       sf_call_output_fcn_enable_disable 000000018001eee0 f   sfc_mex:sfc_sf.obj
 0001:0001e160       set_dwork_information_from_mx_array 000000018001f160 f   sfc_mex:sfc_sf.obj
 0001:0001e8e0       get_dwork_info_from_mat_file 000000018001f8e0 f   sfc_mex:sfc_sf.obj
 0001:0001ea90       ptr2mxStruct               000000018001fa90 f   sfc_mex:sfc_sf.obj
 0001:0001eea0       SNPRINTF_WRAPPER           000000018001fea0 f   sfc_debug:sfcdebug.obj
 0001:0001eec0       sf_debug_chart_instance_initialized_quick 000000018001fec0 f   sfc_debug:sfcdebug.obj
 0001:0001eed0       sf_debug_chart_instance_initialized 000000018001fed0 f   sfc_debug:sfcdebug.obj
 0001:0001f070       sfrtAddSize                0000000180020070 f   sfc_debug:sfcdebug.obj
 0001:0001f130       sfrtGenSizeString          0000000180020130 f   sfc_debug:sfcdebug.obj
 0001:0001f8b0       sf_debug_sim_status_listener 00000001800208b0 f   sfc_debug:sfcdebug.obj
 0001:0001fe20       sf_debug_form_mask_bits    0000000180020e20 f   sfc_debug:sfcdebug.obj
 0001:0001fe60       sf_debug_form_sf_data_type_offsets 0000000180020e60 f   sfc_debug:sfcdebug.obj
 0001:0001ff20       sf_debug_free_all          0000000180020f20 f   sfc_debug:sfcdebug.obj
 0001:000200b0       sf_debug_append_debugger_context 00000001800210b0 f   sfc_debug:sfcdebug.obj
 0001:00020370       local_strdup               0000000180021370 f   sfc_debug:sfcdebug.obj
 0001:00021250       sf_debug_em_terminate      0000000180022250 f   sfc_debug:sfcdebug.obj
 0001:00021290       sf_debug_push_eml_function 0000000180022290 f   sfc_debug:sfcdebug.obj
 0001:00021330       sf_debug_pop_eml_function  0000000180022330 f   sfc_debug:sfcdebug.obj
 0001:00021ff0       sf_debug_get_machine_number_from_id_or_name 0000000180022ff0 f   sfc_debug:sfcdebug.obj
 0001:00022140       sf_debug_get_chart_number_from_id 0000000180023140 f   sfc_debug:sfcdebug.obj
 0001:00022df0       sf_debug_transfer_control_to_debugger_GUI 0000000180023df0 f   sfc_debug:sfcdebug.obj
 0001:00023dd0       sf_debug_scripts_rehash    0000000180024dd0 f   sfc_debug:sfcdebug.obj
 0001:00024020       sf_debug_get_script_line_count 0000000180025020 f   sfc_debug:sfcdebug.obj
 0001:00024770       cv_eml_state_cvId          0000000180025770 f   sfc_debug:sfcdebug.obj
 0001:00025c90       sf_debug_data_array_bounds_error 0000000180026c90 f   sfc_debug:sfcdebug.obj
 0001:00026090       eml_debug_runtime_error_doclink 0000000180027090 f   sfc_debug:sfcdebug.obj
 0001:00026200       sf_debug_runtime_error     0000000180027200 f   sfc_debug:sfcdebug.obj
 0001:00026270       sf_debug_matlab_error      0000000180027270 f   sfc_debug:sfcdebug.obj
 0001:00026ab0       sf_debug_data_value_error  0000000180027ab0 f   sfc_debug:sfcdebug.obj
 0001:00027370       sf_debug_data_loss_error   0000000180028370 f   sfc_debug:sfcdebug.obj
 0001:00027f80       call_cv_range_check        0000000180028f80 f   sfc_debug:sfcdebug.obj
 0001:00028870       sf_debug_invoke_cycle_detection_code 0000000180029870 f   sfc_debug:sfcdebug.obj
 0001:000296d0       sf_reset_debug_info_struct 000000018002a6d0 f   sfc_debug:sfcdebug.obj
 0001:0002a190       cv_script_cvId             000000018002b190 f   sfc_debug:sfcdebug.obj
 0001:0002b610       sfc_api_chart_visible      000000018002c610 f   sfc_debug:sfc_api.obj
 0001:0002b690       sfc_api_active_instance    000000018002c690 f   sfc_debug:sfc_api.obj
 0001:0002b710       sfc_api_machine_load       000000018002c710 f   sfc_debug:sfc_api.obj
 0001:0002b7e0       sfc_api_debugger_alive     000000018002c7e0 f   sfc_debug:sfc_api.obj
 0001:0002b7f0       sfc_api_go                 000000018002c7f0 f   sfc_debug:sfc_api.obj
 0001:0002b800       sfc_api_step_over          000000018002c800 f   sfc_debug:sfc_api.obj
 0001:0002b810       sfc_api_step_out           000000018002c810 f   sfc_debug:sfc_api.obj
 0001:0002b820       sfc_api_resume             000000018002c820 f   sfc_debug:sfc_api.obj
 0001:0002b830       sfc_api_break              000000018002c830 f   sfc_debug:sfc_api.obj
 0001:0002b840       sfc_api_stop_debugging     000000018002c840 f   sfc_debug:sfc_api.obj
 0001:0002b890       sfc_api_is_cycle_detected  000000018002c890 f   sfc_debug:sfc_api.obj
 0001:0002b8e0       sfc_api_is_array_bounds_detected 000000018002c8e0 f   sfc_debug:sfc_api.obj
 0001:0002b930       sfc_api_set_disable_all_breakpoints 000000018002c930 f   sfc_debug:sfc_api.obj
 0001:0002b9a0       sfc_api_disable_all_breakpoints_and_go 000000018002c9a0 f   sfc_debug:sfc_api.obj
 0001:0002b9b0       sfc_api_close              000000018002c9b0 f   sfc_debug:sfc_api.obj
 0001:0002b9c0       sfc_api_browse_data        000000018002c9c0 f   sfc_debug:sfc_api.obj
 0001:0002ba30       sfc_api_watch_data         000000018002ca30 f   sfc_debug:sfc_api.obj
 0001:0002bad0       sfc_api_whos               000000018002cad0 f   sfc_debug:sfc_api.obj
 0001:0002bb60       sfc_api_get_consistency_info 000000018002cb60 f   sfc_debug:sfc_api.obj
 0001:0002bb70       sfc_api_browse_trace       000000018002cb70 f   sfc_debug:sfc_api.obj
 0001:0002bb80       sfc_api_break_on_chart_entry 000000018002cb80 f   sfc_debug:sfc_api.obj
 0001:0002bba0       sfc_api_break_on_event_broadcast 000000018002cba0 f   sfc_debug:sfc_api.obj
 0001:0002bbc0       sfc_api_break_on_state_entry 000000018002cbc0 f   sfc_debug:sfc_api.obj
 0001:0002bbe0       sfc_api_set_watch          000000018002cbe0 f   sfc_debug:sfc_api.obj
 0001:0002bc80       sfc_api_set_breakpoints    000000018002cc80 f   sfc_debug:sfc_api.obj
 0001:0002bd20       sfc_api_set_eml_breakpoints 000000018002cd20 f   sfc_debug:sfc_api.obj
 0001:0002bda0       sfc_api_set_script_breakpoints 000000018002cda0 f   sfc_debug:sfc_api.obj
 0001:0002bdf0       sfc_api_add_script_breakpoints 000000018002cdf0 f   sfc_debug:sfc_api.obj
 0001:0002be40       sfc_api_clear_script_breakpoints 000000018002ce40 f   sfc_debug:sfc_api.obj
 0001:0002be90       sfc_api_query_script_breakpoints 000000018002ce90 f   sfc_debug:sfc_api.obj
 0001:0002bef0       sfc_api_get_script_id      000000018002cef0 f   sfc_debug:sfc_api.obj
 0001:0002bfb0       sfc_api_get_active_states  000000018002cfb0 f   sfc_debug:sfc_api.obj
 0001:0002c030       sfc_api_break_between_times 000000018002d030 f   sfc_debug:sfc_api.obj
 0001:0002c090       sfc_api_get_instance_handle 000000018002d090 f   sfc_debug:sfc_api.obj
 0001:0002c140       sfc_api_get_coverage       000000018002d140 f   sfc_debug:sfc_api.obj
 0001:0002c1c0       sfc_api_set_animation      000000018002d1c0 f   sfc_debug:sfc_api.obj
 0001:0002c210       sfc_api_select_chart       000000018002d210 f   sfc_debug:sfc_api.obj
 0001:0002c270       sfc_api_select_charts      000000018002d270 f   sfc_debug:sfc_api.obj
 0001:0002c2a0       sfc_api_cycle_detection_check 000000018002d2a0 f   sfc_debug:sfc_api.obj
 0001:0002c2f0       sfc_api_data_range_check   000000018002d2f0 f   sfc_debug:sfc_api.obj
 0001:0002c340       sfc_api_transition_conflict_check 000000018002d340 f   sfc_debug:sfc_api.obj
 0001:0002c390       sfc_api_state_consistency_check 000000018002d390 f   sfc_debug:sfc_api.obj
 0001:0002c3e0       sfc_api_set_instance_cv_ids 000000018002d3e0 f   sfc_debug:sfc_api.obj
 0001:0002c4f0       sfc_api_set_script_cv_ids  000000018002d4f0 f   sfc_debug:sfc_api.obj
 0001:0002c590       sfc_api_get_current_machine_id 000000018002d590 f   sfc_debug:sfc_api.obj
 0001:0002c5c0       sfc_api_get_current_machine_number 000000018002d5c0 f   sfc_debug:sfc_api.obj
 0001:0002c5f0       sfc_api_get_current_chart_number 000000018002d5f0 f   sfc_debug:sfc_api.obj
 0001:0002c620       sfc_api_get_current_instance_number 000000018002d620 f   sfc_debug:sfc_api.obj
 0001:0002c650       sfc_api_get_current_instance_handle 000000018002d650 f   sfc_debug:sfc_api.obj
 0001:0002c670       sfc_api_get_current_is_minor_time_step 000000018002d670 f   sfc_debug:sfc_api.obj
 0001:0002c6a0       sfc_api_get_current_machine_name 000000018002d6a0 f   sfc_debug:sfc_api.obj
 0001:0002c6c0       sfc_api_get_current_chart_id 000000018002d6c0 f   sfc_debug:sfc_api.obj
 0001:0002c6f0       sfc_api_get_current_object_type 000000018002d6f0 f   sfc_debug:sfc_api.obj
 0001:0002c720       sfc_api_get_current_event_type 000000018002d720 f   sfc_debug:sfc_api.obj
 0001:0002c750       sfc_api_get_current_object_id 000000018002d750 f   sfc_debug:sfc_api.obj
 0001:0002c780       sfc_get_current_active_event_type 000000018002d780 f   sfc_debug:sfc_api.obj
 0001:0002c7b0       sfc_api_get_current_active_event_id 000000018002d7b0 f   sfc_debug:sfc_api.obj
 0001:0002c7e0       sfc_api_get_current_simulation_time 000000018002d7e0 f   sfc_debug:sfc_api.obj
 0001:0002c800       sfc_get_current_tag_type   000000018002d800 f   sfc_debug:sfc_api.obj
 0001:0002c830       sfc_get_current_coverage_percentage 000000018002d830 f   sfc_debug:sfc_api.obj
 0001:0002c850       sfc_get_current_statement_context 000000018002d850 f   sfc_debug:sfc_api.obj
 0001:0002c870       sfc_get_current_optional_integer 000000018002d870 f   sfc_debug:sfc_api.obj
 0001:0002c890       sfc_get_current_statement_info 000000018002d890 f   sfc_debug:sfc_api.obj
 0001:0002c930       sfc_api_get                000000018002d930 f   sfc_debug:sfc_api.obj
 0001:0002ca90       sf_debug_sm_is_using_unified_editors 000000018002da90 f   sfc_debug:sfdb_animation.obj
 0001:0002cb30       sf_debug_sm_is_chart_visible_in_unified_editors 000000018002db30 f   sfc_debug:sfdb_animation.obj
 0001:0002cbf0       sf_debug_sm_check_if_chart_is_visible 000000018002dbf0 f   sfc_debug:sfdb_animation.obj
 0001:0002d800       sf_debug_sm_fill_state_activity_data 000000018002e800 f   sfc_debug:sfdb_animation.obj
 0001:0002fe10       sf_debug_hm_get_simulink_handle 0000000180030e10 f   sfc_debug:sfdb_handle_management.obj
 0001:00030a00       sf_debug_hm_initialize_globals 0000000180031a00 f   sfc_debug:sfdb_handle_management.obj
 0001:00030b00       sf_debug_hm_get_machine_debug_flag 0000000180031b00 f   sfc_debug:sfdb_handle_management.obj
 0001:00030c70       sf_debug_hm_get_machine_id 0000000180031c70 f   sfc_debug:sfdb_handle_management.obj
 0001:00030d90       sf_debug_hm_get_chart_id   0000000180031d90 f   sfc_debug:sfdb_handle_management.obj
 0001:00030f30       sf_debug_hm_register_executing_SFunction 0000000180031f30 f   sfc_debug:sfdb_handle_management.obj
 0001:000310c0       sf_debug_hm_get_chart_active_instance 00000001800320c0 f   sfc_debug:sfdb_handle_management.obj
 0001:00031230       sf_debug_hm_get_chart_visibility 0000000180032230 f   sfc_debug:sfdb_handle_management.obj
 0001:00031380       sf_debug_hm_form_object_boolean_properties 0000000180032380 f   sfc_debug:sfdb_handle_management.obj
 0001:00031650       sf_debug_hm_form_object_properties 0000000180032650 f   sfc_debug:sfdb_handle_management.obj
 0001:00031890       sf_debug_hm_terminate_charts 0000000180032890 f   sfc_debug:sfdb_handle_management.obj
 0001:00031fd0       sf_debug_hm_terminate_machines 0000000180032fd0 f   sfc_debug:sfdb_handle_management.obj
 0001:00033ad0       void_ptr_stack_vector_free_total 0000000180034ad0 f   sfc_debug:sfdb_data_browse.obj
 0001:00033b60       sf_debug_st_terminate_machine 0000000180034b60 f   sfc_debug:sfdb_data_browse.obj
 0001:00033c90       sf_debug_st_terminate_instance 0000000180034c90 f   sfc_debug:sfdb_data_browse.obj
 0001:00034140       push_on_to_void_ptr_stack  0000000180035140 f   sfc_debug:sfdb_data_browse.obj
 0001:000342d0       pop_from_void_ptr_stack    00000001800352d0 f   sfc_debug:sfdb_data_browse.obj
 0001:00034400       sf_debug_st_get_data_value 0000000180035400 f   sfc_debug:sfdb_data_browse.obj
 0001:00034930       mx_value                   0000000180035930 f   sfc_debug:sfdb_data_browse.obj
 0001:00034970       sf_debug_st_fill_data_struct 0000000180035970 f   sfc_debug:sfdb_data_browse.obj
 0001:00034cb0       data_type_format_strings   0000000180035cb0 f   sfc_debug:sfdb_data_browse.obj
 0001:00034d60       sf_debug_st_fill_data      0000000180035d60 f   sfc_debug:sfdb_data_browse.obj
 0001:00035ff0       sf_debug_ss_copy_dimension 0000000180036ff0 f   sfc_debug:sfdb_symbol_scope.obj
 0001:000360b0       sf_debug_ss_get_number_elements 00000001800370b0 f   sfc_debug:sfdb_symbol_scope.obj
 0001:000360d0       sf_debug_ss_fill_data_struct 00000001800370d0 f   sfc_debug:sfdb_symbol_scope.obj
 0001:00036420       sf_debug_ss_reset_data_info 0000000180037420 f   sfc_debug:sfdb_symbol_scope.obj
 0001:00036480       sf_debug_fill_data_info_by_symbol_scope_entry 0000000180037480 f   sfc_debug:sfdb_symbol_scope.obj
 0001:00036530       sf_debug_fill_data_info_by_data_vector 0000000180037530 f   sfc_debug:sfdb_symbol_scope.obj
 0001:00036770       sf_debug_ss_get_data_info  0000000180037770 f   sfc_debug:sfdb_symbol_scope.obj
 0001:00036ba0       sf_debug_ss_get_data_value 0000000180037ba0 f   sfc_debug:sfdb_symbol_scope.obj
 0001:00037030       sf_debug_ss_data_bytes_string 0000000180038030 f   sfc_debug:sfdb_symbol_scope.obj
 0001:000370e0       sf_debug_ss_data_class_string 00000001800380e0 f   sfc_debug:sfdb_symbol_scope.obj
 0001:00037470       sf_debug_ss_data_size_string 0000000180038470 f   sfc_debug:sfdb_symbol_scope.obj
 0001:00037550       sf_debug_ss_data_create_data_info_struct 0000000180038550 f   sfc_debug:sfdb_symbol_scope.obj
 0001:000377b0       sf_debug_ss_data_create_name_value_pair 00000001800387b0 f   sfc_debug:sfdb_symbol_scope.obj
 0001:00037850       sf_debug_ss_data_get_whos_info 0000000180038850 f   sfc_debug:sfdb_symbol_scope.obj
 0001:00037910       same_named_data_in_data_array 0000000180038910 f   sfc_debug:sfdb_symbol_scope.obj
 0001:00039310       sf_debug_cc_terminate_chart 000000018003a310 f   sfc_debug:sfdb_coverage.obj
 0001:000396b0       sf_debug_cc_terminate_instance 000000018003a6b0 f   sfc_debug:sfdb_coverage.obj
 0001:0003a2b0       sf_debug_cc_mark_object_if_needed 000000018003b2b0 f   sfc_debug:sfdb_coverage.obj
 0001:0003aa10       sf_debug_cc_fill_transition_coverage_data 000000018003ba10 f   sfc_debug:sfdb_coverage.obj
 0001:0003aba0       sf_debug_cc_fill_transition_coverage_map 000000018003bba0 f   sfc_debug:sfdb_coverage.obj
 0001:0003ae50       sf_debug_cc_fill_state_coverage_map 000000018003be50 f   sfc_debug:sfdb_coverage.obj
 0001:0003b0a0       sf_debug_cc_fill_state_coverage_data 000000018003c0a0 f   sfc_debug:sfdb_coverage.obj
 0001:0003bcd0       sf_debug_bm_initialize_eml 000000018003ccd0 f   sfc_debug:sfdb_breakpoints.obj
 0001:0003ce20       sf_debug_bm_map_debug_tag_to_breakpoint_tag 000000018003de20 f   sfc_debug:sfdb_breakpoints.obj
 0001:0003cf00       sf_debug_bm_is_a_eml_breakpoint_impl 000000018003df00 f   sfc_debug:sfdb_breakpoints.obj
 0001:0003eb60       sf_debug_sc_push_on_error_stack 000000018003fb60 f   sfc_debug:sfdb_state_consistency.obj
 0001:0003ec90       sf_debug_sc_reset_error_stack 000000018003fc90 f   sfc_debug:sfdb_state_consistency.obj
 0001:0003ee20       sf_debug_sc_is_state_inconsistent 000000018003fe20 f   sfc_debug:sfdb_state_consistency.obj
 0001:0003f120       sf_debug_sc_fill_consistency_info 0000000180040120 f   sfc_debug:sfdb_state_consistency.obj
 0001:0003f6d0       void_assertion_fcn         00000001800406d0 f   sfc_debug:sfdb_call_stack.obj
 0001:0003fc60       sf_debug_tm_fill_local_trace 0000000180040c60 f   sfc_debug:sfdb_call_stack.obj
 0001:00040200       sf_debug_cd_terminate_instance 0000000180041200 f   sfc_debug:sfdb_cycle_detection.obj
 0001:00040260       sf_debug_cd_free_checksum_stack 0000000180041260 f   sfc_debug:sfdb_cycle_detection.obj
 0001:000402b0       sf_debug_cd_reset_pack_strings 00000001800412b0 f   sfc_debug:sfdb_cycle_detection.obj
 0001:00040970       md5file_clear              0000000180041970 f   sfc_debug:ckmd5.obj
 0001:000409a0       Encode                     00000001800419a0 f   sfc_debug:ckmd5.obj
 0001:000409f0       Decode                     00000001800419f0 f   sfc_debug:ckmd5.obj
 0001:00040a90       MD5Transform               0000000180041a90 f   sfc_debug:ckmd5.obj
 0001:000412e0       md5file_addn               00000001800422e0 f   sfc_debug:ckmd5.obj
 0001:000413b0       md5file_hash               00000001800423b0 f   sfc_debug:ckmd5.obj
 0001:00041b10       pre_c_init                 0000000180042b10 f   MSVCRT:crtdll.obj
 0001:00041dcc       __DllMainCRTStartup        0000000180042dcc f   MSVCRT:crtdll.obj
 0001:000424d0       __DllMainCRTStartup$filt$0 00000001800434d0 f   MSVCRT:crtdll.obj
 0001:00042500       __DllMainCRTStartup$fin$1  0000000180043500 f   MSVCRT:crtdll.obj
 0001:0004251a       _onexit$fin$0              000000018004351a f   MSVCRT:atonexit.obj
 0001:00042540       _IsNonwritableInCurrentImage$filt$0 0000000180043540 f   MSVCRT:pesect.obj
